Archive member included to satisfy reference by file (symbol)

Y:\GitHub\LPC1343-Tutorial-Examples\MCUXpresso\ADC\CMSIS_CORE_LPC13xx\Debug\libCMSIS_CORE_LPC13xx.a(system_LPC13xx.o)
                              ./src/cr_startup_lpc13xx.o (SystemInit)
c:/nxp/mcuxpressoide_10.0.2_411/ide/tools/bin/../lib/gcc/arm-none-eabi/5.4.1/../../../../arm-none-eabi/lib/armv7-m\libcr_semihost.a(_cr__main.o)
                              ./src/cr_startup_lpc13xx.o (__main)
c:/nxp/mcuxpressoide_10.0.2_411/ide/tools/bin/../lib/gcc/arm-none-eabi/5.4.1/../../../../arm-none-eabi/lib/armv7-m\libcr_c.a(fpprintf.o)
                              ./src/Example_2.o (printf)
c:/nxp/mcuxpressoide_10.0.2_411/ide/tools/bin/../lib/gcc/arm-none-eabi/5.4.1/../../../../arm-none-eabi/lib/armv7-m\libcr_c.a(initio.o)
                              c:/nxp/mcuxpressoide_10.0.2_411/ide/tools/bin/../lib/gcc/arm-none-eabi/5.4.1/../../../../arm-none-eabi/lib/armv7-m\libcr_semihost.a(_cr__main.o) (_initio)
c:/nxp/mcuxpressoide_10.0.2_411/ide/tools/bin/../lib/gcc/arm-none-eabi/5.4.1/../../../../arm-none-eabi/lib/armv7-m\libcr_c.a(printf.o)
                              c:/nxp/mcuxpressoide_10.0.2_411/ide/tools/bin/../lib/gcc/arm-none-eabi/5.4.1/../../../../arm-none-eabi/lib/armv7-m\libcr_c.a(fpprintf.o) (__vfprintf)
c:/nxp/mcuxpressoide_10.0.2_411/ide/tools/bin/../lib/gcc/arm-none-eabi/5.4.1/../../../../arm-none-eabi/lib/armv7-m\libcr_c.a(setvbuf.o)
                              c:/nxp/mcuxpressoide_10.0.2_411/ide/tools/bin/../lib/gcc/arm-none-eabi/5.4.1/../../../../arm-none-eabi/lib/armv7-m\libcr_c.a(initio.o) (setvbuf)
c:/nxp/mcuxpressoide_10.0.2_411/ide/tools/bin/../lib/gcc/arm-none-eabi/5.4.1/../../../../arm-none-eabi/lib/armv7-m\libcr_c.a(strlen.o)
                              c:/nxp/mcuxpressoide_10.0.2_411/ide/tools/bin/../lib/gcc/arm-none-eabi/5.4.1/../../../../arm-none-eabi/lib/armv7-m\libcr_c.a(printf.o) (strlen)
c:/nxp/mcuxpressoide_10.0.2_411/ide/tools/bin/../lib/gcc/arm-none-eabi/5.4.1/../../../../arm-none-eabi/lib/armv7-m\libcr_c.a(memset.o)
                              c:/nxp/mcuxpressoide_10.0.2_411/ide/tools/bin/../lib/gcc/arm-none-eabi/5.4.1/../../../../arm-none-eabi/lib/armv7-m\libcr_c.a(fpprintf.o) (memset)
c:/nxp/mcuxpressoide_10.0.2_411/ide/tools/bin/../lib/gcc/arm-none-eabi/5.4.1/../../../../arm-none-eabi/lib/armv7-m\libcr_c.a(_deferredlazyseek.o)
                              c:/nxp/mcuxpressoide_10.0.2_411/ide/tools/bin/../lib/gcc/arm-none-eabi/5.4.1/../../../../arm-none-eabi/lib/armv7-m\libcr_c.a(fpprintf.o) (__flsbuf)
c:/nxp/mcuxpressoide_10.0.2_411/ide/tools/bin/../lib/gcc/arm-none-eabi/5.4.1/../../../../arm-none-eabi/lib/armv7-m\libcr_c.a(_fdopen.o)
                              c:/nxp/mcuxpressoide_10.0.2_411/ide/tools/bin/../lib/gcc/arm-none-eabi/5.4.1/../../../../arm-none-eabi/lib/armv7-m\libcr_c.a(initio.o) (_fdopen)
c:/nxp/mcuxpressoide_10.0.2_411/ide/tools/bin/../lib/gcc/arm-none-eabi/5.4.1/../../../../arm-none-eabi/lib/armv7-m\libcr_c.a(_fflush.o)
                              c:/nxp/mcuxpressoide_10.0.2_411/ide/tools/bin/../lib/gcc/arm-none-eabi/5.4.1/../../../../arm-none-eabi/lib/armv7-m\libcr_c.a(_deferredlazyseek.o) (_fflush)
c:/nxp/mcuxpressoide_10.0.2_411/ide/tools/bin/../lib/gcc/arm-none-eabi/5.4.1/../../../../arm-none-eabi/lib/armv7-m\libcr_c.a(_frexpl.o)
                              c:/nxp/mcuxpressoide_10.0.2_411/ide/tools/bin/../lib/gcc/arm-none-eabi/5.4.1/../../../../arm-none-eabi/lib/armv7-m\libcr_c.a(fpprintf.o) (_frexpl)
c:/nxp/mcuxpressoide_10.0.2_411/ide/tools/bin/../lib/gcc/arm-none-eabi/5.4.1/../../../../arm-none-eabi/lib/armv7-m\libcr_c.a(_ldexpl.o)
                              c:/nxp/mcuxpressoide_10.0.2_411/ide/tools/bin/../lib/gcc/arm-none-eabi/5.4.1/../../../../arm-none-eabi/lib/armv7-m\libcr_c.a(fpprintf.o) (_ldexpl)
c:/nxp/mcuxpressoide_10.0.2_411/ide/tools/bin/../lib/gcc/arm-none-eabi/5.4.1/../../../../arm-none-eabi/lib/armv7-m\libcr_c.a(_writebuf.o)
                              c:/nxp/mcuxpressoide_10.0.2_411/ide/tools/bin/../lib/gcc/arm-none-eabi/5.4.1/../../../../arm-none-eabi/lib/armv7-m\libcr_c.a(_deferredlazyseek.o) (_Cwritebuf)
c:/nxp/mcuxpressoide_10.0.2_411/ide/tools/bin/../lib/gcc/arm-none-eabi/5.4.1/../../../../arm-none-eabi/lib/armv7-m\libcr_c.a(alloc.o)
                              c:/nxp/mcuxpressoide_10.0.2_411/ide/tools/bin/../lib/gcc/arm-none-eabi/5.4.1/../../../../arm-none-eabi/lib/armv7-m\libcr_c.a(fpprintf.o) (malloc)
c:/nxp/mcuxpressoide_10.0.2_411/ide/tools/bin/../lib/gcc/arm-none-eabi/5.4.1/../../../../arm-none-eabi/lib/armv7-m\libcr_c.a(errno.o)
                              c:/nxp/mcuxpressoide_10.0.2_411/ide/tools/bin/../lib/gcc/arm-none-eabi/5.4.1/../../../../arm-none-eabi/lib/armv7-m\libcr_c.a(_ldexpl.o) (errno)
c:/nxp/mcuxpressoide_10.0.2_411/ide/tools/bin/../lib/gcc/arm-none-eabi/5.4.1/../../../../arm-none-eabi/lib/armv7-m\libcr_c.a(fclose.o)
                              c:/nxp/mcuxpressoide_10.0.2_411/ide/tools/bin/../lib/gcc/arm-none-eabi/5.4.1/../../../../arm-none-eabi/lib/armv7-m\libcr_c.a(initio.o) (fclose)
c:/nxp/mcuxpressoide_10.0.2_411/ide/tools/bin/../lib/gcc/arm-none-eabi/5.4.1/../../../../arm-none-eabi/lib/armv7-m\libcr_c.a(fflush.o)
                              c:/nxp/mcuxpressoide_10.0.2_411/ide/tools/bin/../lib/gcc/arm-none-eabi/5.4.1/../../../../arm-none-eabi/lib/armv7-m\libcr_c.a(fclose.o) (fflush)
c:/nxp/mcuxpressoide_10.0.2_411/ide/tools/bin/../lib/gcc/arm-none-eabi/5.4.1/../../../../arm-none-eabi/lib/armv7-m\libcr_c.a(fseek.o)
                              c:/nxp/mcuxpressoide_10.0.2_411/ide/tools/bin/../lib/gcc/arm-none-eabi/5.4.1/../../../../arm-none-eabi/lib/armv7-m\libcr_c.a(_deferredlazyseek.o) (fseek)
c:/nxp/mcuxpressoide_10.0.2_411/ide/tools/bin/../lib/gcc/arm-none-eabi/5.4.1/../../../../arm-none-eabi/lib/armv7-m\libcr_c.a(ftell.o)
                              c:/nxp/mcuxpressoide_10.0.2_411/ide/tools/bin/../lib/gcc/arm-none-eabi/5.4.1/../../../../arm-none-eabi/lib/armv7-m\libcr_c.a(fseek.o) (ftell)
c:/nxp/mcuxpressoide_10.0.2_411/ide/tools/bin/../lib/gcc/arm-none-eabi/5.4.1/../../../../arm-none-eabi/lib/armv7-m\libcr_c.a(remove.o)
                              c:/nxp/mcuxpressoide_10.0.2_411/ide/tools/bin/../lib/gcc/arm-none-eabi/5.4.1/../../../../arm-none-eabi/lib/armv7-m\libcr_c.a(fclose.o) (remove)
c:/nxp/mcuxpressoide_10.0.2_411/ide/tools/bin/../lib/gcc/arm-none-eabi/5.4.1/../../../../arm-none-eabi/lib/armv7-m\libcr_c.a(memcpy.o)
                              c:/nxp/mcuxpressoide_10.0.2_411/ide/tools/bin/../lib/gcc/arm-none-eabi/5.4.1/../../../../arm-none-eabi/lib/armv7-m\libcr_c.a(alloc.o) (memcpy)
c:/nxp/mcuxpressoide_10.0.2_411/ide/tools/bin/../lib/gcc/arm-none-eabi/5.4.1/../../../../arm-none-eabi/lib/armv7-m\libcr_c.a(__init_alloc.o)
                              c:/nxp/mcuxpressoide_10.0.2_411/ide/tools/bin/../lib/gcc/arm-none-eabi/5.4.1/../../../../arm-none-eabi/lib/armv7-m\libcr_c.a(alloc.o) (__heaps)
c:/nxp/mcuxpressoide_10.0.2_411/ide/tools/bin/../lib/gcc/arm-none-eabi/5.4.1/../../../../arm-none-eabi/lib/armv7-m\libcr_c.a(_cr_sbrk.o)
                              c:/nxp/mcuxpressoide_10.0.2_411/ide/tools/bin/../lib/gcc/arm-none-eabi/5.4.1/../../../../arm-none-eabi/lib/armv7-m\libcr_c.a(alloc.o) (_sbrk)
c:/nxp/mcuxpressoide_10.0.2_411/ide/tools/bin/../lib/gcc/arm-none-eabi/5.4.1/../../../../arm-none-eabi/lib/armv7-m\libcr_c.a(_do_fflush.o)
                              c:/nxp/mcuxpressoide_10.0.2_411/ide/tools/bin/../lib/gcc/arm-none-eabi/5.4.1/../../../../arm-none-eabi/lib/armv7-m\libcr_c.a(fflush.o) (_do_fflush)
c:/nxp/mcuxpressoide_10.0.2_411/ide/tools/bin/../lib/gcc/arm-none-eabi/5.4.1/../../../../arm-none-eabi/lib/armv7-m\libcr_c.a(_hugeval.o)
                              c:/nxp/mcuxpressoide_10.0.2_411/ide/tools/bin/../lib/gcc/arm-none-eabi/5.4.1/../../../../arm-none-eabi/lib/armv7-m\libcr_c.a(_ldexpl.o) (__huge_vall)
c:/nxp/mcuxpressoide_10.0.2_411/ide/tools/bin/../lib/gcc/arm-none-eabi/5.4.1/../../../../arm-none-eabi/lib/armv7-m\libcr_c.a(_cr_check_heap.o)
                              c:/nxp/mcuxpressoide_10.0.2_411/ide/tools/bin/../lib/gcc/arm-none-eabi/5.4.1/../../../../arm-none-eabi/lib/armv7-m\libcr_c.a(_cr_sbrk.o) (__check_heap_overflow)
c:/nxp/mcuxpressoide_10.0.2_411/ide/tools/bin/../lib/gcc/arm-none-eabi/5.4.1/armv7-m\libcr_eabihelpers.a(double.o)
                              ./src/Example_2.o (__aeabi_dmul)
c:/nxp/mcuxpressoide_10.0.2_411/ide/tools/bin/../lib/gcc/arm-none-eabi/5.4.1/armv7-m\libcr_eabihelpers.a(float.o)
                              ./src/Example_2.o (__aeabi_fmul)
c:/nxp/mcuxpressoide_10.0.2_411/ide/tools/bin/../lib/gcc/arm-none-eabi/5.4.1/armv7-m\libcr_eabihelpers.a(memcpy.o)
                              c:/nxp/mcuxpressoide_10.0.2_411/ide/tools/bin/../lib/gcc/arm-none-eabi/5.4.1/../../../../arm-none-eabi/lib/armv7-m\libcr_c.a(memcpy.o) (__aeabi_memcpy)
c:/nxp/mcuxpressoide_10.0.2_411/ide/tools/bin/../lib/gcc/arm-none-eabi/5.4.1/../../../../arm-none-eabi/lib/armv7-m\libcr_semihost.a(__ciob.o)
                              c:/nxp/mcuxpressoide_10.0.2_411/ide/tools/bin/../lib/gcc/arm-none-eabi/5.4.1/../../../../arm-none-eabi/lib/armv7-m\libcr_c.a(fpprintf.o) (__Ciob)
c:/nxp/mcuxpressoide_10.0.2_411/ide/tools/bin/../lib/gcc/arm-none-eabi/5.4.1/../../../../arm-none-eabi/lib/armv7-m\libcr_semihost.a(__sys_appexit.o)
                              c:/nxp/mcuxpressoide_10.0.2_411/ide/tools/bin/../lib/gcc/arm-none-eabi/5.4.1/../../../../arm-none-eabi/lib/armv7-m\libcr_c.a(alloc.o) (__sys_appexit)
c:/nxp/mcuxpressoide_10.0.2_411/ide/tools/bin/../lib/gcc/arm-none-eabi/5.4.1/../../../../arm-none-eabi/lib/armv7-m\libcr_semihost.a(__sys_close.o)
                              c:/nxp/mcuxpressoide_10.0.2_411/ide/tools/bin/../lib/gcc/arm-none-eabi/5.4.1/../../../../arm-none-eabi/lib/armv7-m\libcr_c.a(fclose.o) (__sys_close)
c:/nxp/mcuxpressoide_10.0.2_411/ide/tools/bin/../lib/gcc/arm-none-eabi/5.4.1/../../../../arm-none-eabi/lib/armv7-m\libcr_semihost.a(__sys_flen.o)
                              c:/nxp/mcuxpressoide_10.0.2_411/ide/tools/bin/../lib/gcc/arm-none-eabi/5.4.1/../../../../arm-none-eabi/lib/armv7-m\libcr_c.a(_writebuf.o) (__sys_flen)
c:/nxp/mcuxpressoide_10.0.2_411/ide/tools/bin/../lib/gcc/arm-none-eabi/5.4.1/../../../../arm-none-eabi/lib/armv7-m\libcr_semihost.a(__sys_istty.o)
                              c:/nxp/mcuxpressoide_10.0.2_411/ide/tools/bin/../lib/gcc/arm-none-eabi/5.4.1/../../../../arm-none-eabi/lib/armv7-m\libcr_c.a(_deferredlazyseek.o) (__sys_istty)
c:/nxp/mcuxpressoide_10.0.2_411/ide/tools/bin/../lib/gcc/arm-none-eabi/5.4.1/../../../../arm-none-eabi/lib/armv7-m\libcr_semihost.a(__sys_remove.o)
                              c:/nxp/mcuxpressoide_10.0.2_411/ide/tools/bin/../lib/gcc/arm-none-eabi/5.4.1/../../../../arm-none-eabi/lib/armv7-m\libcr_c.a(remove.o) (__sys_remove)
c:/nxp/mcuxpressoide_10.0.2_411/ide/tools/bin/../lib/gcc/arm-none-eabi/5.4.1/../../../../arm-none-eabi/lib/armv7-m\libcr_semihost.a(__sys_rename.o)
                              c:/nxp/mcuxpressoide_10.0.2_411/ide/tools/bin/../lib/gcc/arm-none-eabi/5.4.1/../../../../arm-none-eabi/lib/armv7-m\libcr_c.a(remove.o) (__sys_rename)
c:/nxp/mcuxpressoide_10.0.2_411/ide/tools/bin/../lib/gcc/arm-none-eabi/5.4.1/../../../../arm-none-eabi/lib/armv7-m\libcr_semihost.a(__sys_seek.o)
                              c:/nxp/mcuxpressoide_10.0.2_411/ide/tools/bin/../lib/gcc/arm-none-eabi/5.4.1/../../../../arm-none-eabi/lib/armv7-m\libcr_c.a(_writebuf.o) (__sys_seek)
c:/nxp/mcuxpressoide_10.0.2_411/ide/tools/bin/../lib/gcc/arm-none-eabi/5.4.1/../../../../arm-none-eabi/lib/armv7-m\libcr_semihost.a(__sys_tmpnam.o)
                              c:/nxp/mcuxpressoide_10.0.2_411/ide/tools/bin/../lib/gcc/arm-none-eabi/5.4.1/../../../../arm-none-eabi/lib/armv7-m\libcr_c.a(fclose.o) (__sys_tmpnam)

Discarded input sections

 .group         0x00000000        0x8 ./src/Example_2.o
 .group         0x00000000        0x8 ./src/Example_2.o
 .group         0x00000000        0x8 ./src/Example_2.o
 .group         0x00000000        0x8 ./src/Example_2.o
 .group         0x00000000        0x8 ./src/Example_2.o
 .group         0x00000000        0x8 ./src/Example_2.o
 .group         0x00000000        0x8 ./src/Example_2.o
 .group         0x00000000        0x8 ./src/Example_2.o
 .group         0x00000000        0x8 ./src/Example_2.o
 .group         0x00000000        0x8 ./src/Example_2.o
 .group         0x00000000        0x8 ./src/Example_2.o
 .text          0x00000000        0x0 ./src/Example_2.o
 .data          0x00000000        0x0 ./src/Example_2.o
 .bss           0x00000000        0x0 ./src/Example_2.o
 .group         0x00000000        0x8 ./src/cr_startup_lpc13xx.o
 .text          0x00000000        0x0 ./src/cr_startup_lpc13xx.o
 .data          0x00000000        0x0 ./src/cr_startup_lpc13xx.o
 .bss           0x00000000        0x0 ./src/cr_startup_lpc13xx.o
 .debug_macro   0x00000000      0x88c ./src/cr_startup_lpc13xx.o
 .group         0x00000000        0x8 ./src/crp.o
 .group         0x00000000        0x8 ./src/crp.o
 .text          0x00000000        0x0 ./src/crp.o
 .data          0x00000000        0x0 ./src/crp.o
 .bss           0x00000000        0x0 ./src/crp.o
 .debug_macro   0x00000000      0x88c ./src/crp.o
 .group         0x00000000        0x8 ./src/ocf_lpc134x_lib.o
 .group         0x00000000        0x8 ./src/ocf_lpc134x_lib.o
 .group         0x00000000        0x8 ./src/ocf_lpc134x_lib.o
 .group         0x00000000        0x8 ./src/ocf_lpc134x_lib.o
 .group         0x00000000        0x8 ./src/ocf_lpc134x_lib.o
 .group         0x00000000        0x8 ./src/ocf_lpc134x_lib.o
 .group         0x00000000        0x8 ./src/ocf_lpc134x_lib.o
 .group         0x00000000        0x8 ./src/ocf_lpc134x_lib.o
 .group         0x00000000        0x8 ./src/ocf_lpc134x_lib.o
 .group         0x00000000        0x8 ./src/ocf_lpc134x_lib.o
 .group         0x00000000        0x8 ./src/ocf_lpc134x_lib.o
 .text          0x00000000        0x0 ./src/ocf_lpc134x_lib.o
 .data          0x00000000        0x0 ./src/ocf_lpc134x_lib.o
 .bss           0x00000000        0x0 ./src/ocf_lpc134x_lib.o
 .debug_macro   0x00000000      0x88c ./src/ocf_lpc134x_lib.o
 .debug_macro   0x00000000       0x1c ./src/ocf_lpc134x_lib.o
 .debug_macro   0x00000000       0x3a ./src/ocf_lpc134x_lib.o
 .debug_macro   0x00000000       0x10 ./src/ocf_lpc134x_lib.o
 .debug_macro   0x00000000      0x12d ./src/ocf_lpc134x_lib.o
 .debug_macro   0x00000000      0x5b2 ./src/ocf_lpc134x_lib.o
 .debug_macro   0x00000000       0x2d ./src/ocf_lpc134x_lib.o
 .debug_macro   0x00000000      0xbb1 ./src/ocf_lpc134x_lib.o
 .debug_macro   0x00000000      0x131 ./src/ocf_lpc134x_lib.o
 .debug_macro   0x00000000       0x40 ./src/ocf_lpc134x_lib.o
 .debug_macro   0x00000000       0xa0 ./src/ocf_lpc134x_lib.o
 .group         0x00000000        0x8 Y:\GitHub\LPC1343-Tutorial-Examples\MCUXpresso\ADC\CMSIS_CORE_LPC13xx\Debug\libCMSIS_CORE_LPC13xx.a(system_LPC13xx.o)
 .group         0x00000000        0x8 Y:\GitHub\LPC1343-Tutorial-Examples\MCUXpresso\ADC\CMSIS_CORE_LPC13xx\Debug\libCMSIS_CORE_LPC13xx.a(system_LPC13xx.o)
 .group         0x00000000        0x8 Y:\GitHub\LPC1343-Tutorial-Examples\MCUXpresso\ADC\CMSIS_CORE_LPC13xx\Debug\libCMSIS_CORE_LPC13xx.a(system_LPC13xx.o)
 .group         0x00000000        0x8 Y:\GitHub\LPC1343-Tutorial-Examples\MCUXpresso\ADC\CMSIS_CORE_LPC13xx\Debug\libCMSIS_CORE_LPC13xx.a(system_LPC13xx.o)
 .group         0x00000000        0x8 Y:\GitHub\LPC1343-Tutorial-Examples\MCUXpresso\ADC\CMSIS_CORE_LPC13xx\Debug\libCMSIS_CORE_LPC13xx.a(system_LPC13xx.o)
 .group         0x00000000        0x8 Y:\GitHub\LPC1343-Tutorial-Examples\MCUXpresso\ADC\CMSIS_CORE_LPC13xx\Debug\libCMSIS_CORE_LPC13xx.a(system_LPC13xx.o)
 .group         0x00000000        0x8 Y:\GitHub\LPC1343-Tutorial-Examples\MCUXpresso\ADC\CMSIS_CORE_LPC13xx\Debug\libCMSIS_CORE_LPC13xx.a(system_LPC13xx.o)
 .group         0x00000000        0x8 Y:\GitHub\LPC1343-Tutorial-Examples\MCUXpresso\ADC\CMSIS_CORE_LPC13xx\Debug\libCMSIS_CORE_LPC13xx.a(system_LPC13xx.o)
 .group         0x00000000        0x8 Y:\GitHub\LPC1343-Tutorial-Examples\MCUXpresso\ADC\CMSIS_CORE_LPC13xx\Debug\libCMSIS_CORE_LPC13xx.a(system_LPC13xx.o)
 .text          0x00000000        0x0 Y:\GitHub\LPC1343-Tutorial-Examples\MCUXpresso\ADC\CMSIS_CORE_LPC13xx\Debug\libCMSIS_CORE_LPC13xx.a(system_LPC13xx.o)
 .data          0x00000000        0x0 Y:\GitHub\LPC1343-Tutorial-Examples\MCUXpresso\ADC\CMSIS_CORE_LPC13xx\Debug\libCMSIS_CORE_LPC13xx.a(system_LPC13xx.o)
 .bss           0x00000000        0x0 Y:\GitHub\LPC1343-Tutorial-Examples\MCUXpresso\ADC\CMSIS_CORE_LPC13xx\Debug\libCMSIS_CORE_LPC13xx.a(system_LPC13xx.o)
 .text.SystemCoreClockUpdate
                0x00000000       0xa0 Y:\GitHub\LPC1343-Tutorial-Examples\MCUXpresso\ADC\CMSIS_CORE_LPC13xx\Debug\libCMSIS_CORE_LPC13xx.a(system_LPC13xx.o)
 .rodata.CSWTCH.7
                0x00000000       0x40 Y:\GitHub\LPC1343-Tutorial-Examples\MCUXpresso\ADC\CMSIS_CORE_LPC13xx\Debug\libCMSIS_CORE_LPC13xx.a(system_LPC13xx.o)
 .data.SystemCoreClock
                0x00000000        0x4 Y:\GitHub\LPC1343-Tutorial-Examples\MCUXpresso\ADC\CMSIS_CORE_LPC13xx\Debug\libCMSIS_CORE_LPC13xx.a(system_LPC13xx.o)
 .debug_macro   0x00000000       0x10 Y:\GitHub\LPC1343-Tutorial-Examples\MCUXpresso\ADC\CMSIS_CORE_LPC13xx\Debug\libCMSIS_CORE_LPC13xx.a(system_LPC13xx.o)
 .debug_macro   0x00000000      0x12d Y:\GitHub\LPC1343-Tutorial-Examples\MCUXpresso\ADC\CMSIS_CORE_LPC13xx\Debug\libCMSIS_CORE_LPC13xx.a(system_LPC13xx.o)
 .debug_macro   0x00000000      0x5b2 Y:\GitHub\LPC1343-Tutorial-Examples\MCUXpresso\ADC\CMSIS_CORE_LPC13xx\Debug\libCMSIS_CORE_LPC13xx.a(system_LPC13xx.o)
 .debug_macro   0x00000000       0x3a Y:\GitHub\LPC1343-Tutorial-Examples\MCUXpresso\ADC\CMSIS_CORE_LPC13xx\Debug\libCMSIS_CORE_LPC13xx.a(system_LPC13xx.o)
 .debug_macro   0x00000000       0x2d Y:\GitHub\LPC1343-Tutorial-Examples\MCUXpresso\ADC\CMSIS_CORE_LPC13xx\Debug\libCMSIS_CORE_LPC13xx.a(system_LPC13xx.o)
 .debug_macro   0x00000000      0xbb1 Y:\GitHub\LPC1343-Tutorial-Examples\MCUXpresso\ADC\CMSIS_CORE_LPC13xx\Debug\libCMSIS_CORE_LPC13xx.a(system_LPC13xx.o)
 .text          0x00000000        0x0 c:/nxp/mcuxpressoide_10.0.2_411/ide/tools/bin/../lib/gcc/arm-none-eabi/5.4.1/../../../../arm-none-eabi/lib/armv7-m\libcr_semihost.a(_cr__main.o)
 .data          0x00000000        0x0 c:/nxp/mcuxpressoide_10.0.2_411/ide/tools/bin/../lib/gcc/arm-none-eabi/5.4.1/../../../../arm-none-eabi/lib/armv7-m\libcr_semihost.a(_cr__main.o)
 .bss           0x00000000        0x0 c:/nxp/mcuxpressoide_10.0.2_411/ide/tools/bin/../lib/gcc/arm-none-eabi/5.4.1/../../../../arm-none-eabi/lib/armv7-m\libcr_semihost.a(_cr__main.o)
 .text          0x00000000        0x0 c:/nxp/mcuxpressoide_10.0.2_411/ide/tools/bin/../lib/gcc/arm-none-eabi/5.4.1/../../../../arm-none-eabi/lib/armv7-m\libcr_c.a(fpprintf.o)
 .data          0x00000000        0x0 c:/nxp/mcuxpressoide_10.0.2_411/ide/tools/bin/../lib/gcc/arm-none-eabi/5.4.1/../../../../arm-none-eabi/lib/armv7-m\libcr_c.a(fpprintf.o)
 .bss           0x00000000        0x0 c:/nxp/mcuxpressoide_10.0.2_411/ide/tools/bin/../lib/gcc/arm-none-eabi/5.4.1/../../../../arm-none-eabi/lib/armv7-m\libcr_c.a(fpprintf.o)
 .text.fprintf  0x00000000       0x30 c:/nxp/mcuxpressoide_10.0.2_411/ide/tools/bin/../lib/gcc/arm-none-eabi/5.4.1/../../../../arm-none-eabi/lib/armv7-m\libcr_c.a(fpprintf.o)
 .text.printf_char
                0x00000000       0x34 c:/nxp/mcuxpressoide_10.0.2_411/ide/tools/bin/../lib/gcc/arm-none-eabi/5.4.1/../../../../arm-none-eabi/lib/armv7-m\libcr_c.a(fpprintf.o)
 .text.snprintf
                0x00000000       0x68 c:/nxp/mcuxpressoide_10.0.2_411/ide/tools/bin/../lib/gcc/arm-none-eabi/5.4.1/../../../../arm-none-eabi/lib/armv7-m\libcr_c.a(fpprintf.o)
 .text.vfprintf
                0x00000000       0x1c c:/nxp/mcuxpressoide_10.0.2_411/ide/tools/bin/../lib/gcc/arm-none-eabi/5.4.1/../../../../arm-none-eabi/lib/armv7-m\libcr_c.a(fpprintf.o)
 .text.vprintf  0x00000000       0x24 c:/nxp/mcuxpressoide_10.0.2_411/ide/tools/bin/../lib/gcc/arm-none-eabi/5.4.1/../../../../arm-none-eabi/lib/armv7-m\libcr_c.a(fpprintf.o)
 .text.vsprintf
                0x00000000       0x5c c:/nxp/mcuxpressoide_10.0.2_411/ide/tools/bin/../lib/gcc/arm-none-eabi/5.4.1/../../../../arm-none-eabi/lib/armv7-m\libcr_c.a(fpprintf.o)
 .text          0x00000000        0x0 c:/nxp/mcuxpressoide_10.0.2_411/ide/tools/bin/../lib/gcc/arm-none-eabi/5.4.1/../../../../arm-none-eabi/lib/armv7-m\libcr_c.a(initio.o)
 .data          0x00000000        0x0 c:/nxp/mcuxpressoide_10.0.2_411/ide/tools/bin/../lib/gcc/arm-none-eabi/5.4.1/../../../../arm-none-eabi/lib/armv7-m\libcr_c.a(initio.o)
 .bss           0x00000000        0x0 c:/nxp/mcuxpressoide_10.0.2_411/ide/tools/bin/../lib/gcc/arm-none-eabi/5.4.1/../../../../arm-none-eabi/lib/armv7-m\libcr_c.a(initio.o)
 .text._terminateio
                0x00000000       0x50 c:/nxp/mcuxpressoide_10.0.2_411/ide/tools/bin/../lib/gcc/arm-none-eabi/5.4.1/../../../../arm-none-eabi/lib/armv7-m\libcr_c.a(initio.o)
 .text          0x00000000        0x0 c:/nxp/mcuxpressoide_10.0.2_411/ide/tools/bin/../lib/gcc/arm-none-eabi/5.4.1/../../../../arm-none-eabi/lib/armv7-m\libcr_c.a(printf.o)
 .data          0x00000000        0x0 c:/nxp/mcuxpressoide_10.0.2_411/ide/tools/bin/../lib/gcc/arm-none-eabi/5.4.1/../../../../arm-none-eabi/lib/armv7-m\libcr_c.a(printf.o)
 .bss           0x00000000        0x0 c:/nxp/mcuxpressoide_10.0.2_411/ide/tools/bin/../lib/gcc/arm-none-eabi/5.4.1/../../../../arm-none-eabi/lib/armv7-m\libcr_c.a(printf.o)
 .text.no_fp_display
                0x00000000        0x4 c:/nxp/mcuxpressoide_10.0.2_411/ide/tools/bin/../lib/gcc/arm-none-eabi/5.4.1/../../../../arm-none-eabi/lib/armv7-m\libcr_c.a(printf.o)
 .text._fprintf
                0x00000000       0x30 c:/nxp/mcuxpressoide_10.0.2_411/ide/tools/bin/../lib/gcc/arm-none-eabi/5.4.1/../../../../arm-none-eabi/lib/armv7-m\libcr_c.a(printf.o)
 .text._printf_char
                0x00000000       0x34 c:/nxp/mcuxpressoide_10.0.2_411/ide/tools/bin/../lib/gcc/arm-none-eabi/5.4.1/../../../../arm-none-eabi/lib/armv7-m\libcr_c.a(printf.o)
 .text._sprintf
                0x00000000       0x6c c:/nxp/mcuxpressoide_10.0.2_411/ide/tools/bin/../lib/gcc/arm-none-eabi/5.4.1/../../../../arm-none-eabi/lib/armv7-m\libcr_c.a(printf.o)
 .text._snprintf
                0x00000000       0x68 c:/nxp/mcuxpressoide_10.0.2_411/ide/tools/bin/../lib/gcc/arm-none-eabi/5.4.1/../../../../arm-none-eabi/lib/armv7-m\libcr_c.a(printf.o)
 .text._vfprintf
                0x00000000       0x20 c:/nxp/mcuxpressoide_10.0.2_411/ide/tools/bin/../lib/gcc/arm-none-eabi/5.4.1/../../../../arm-none-eabi/lib/armv7-m\libcr_c.a(printf.o)
 .text._vprintf
                0x00000000       0x24 c:/nxp/mcuxpressoide_10.0.2_411/ide/tools/bin/../lib/gcc/arm-none-eabi/5.4.1/../../../../arm-none-eabi/lib/armv7-m\libcr_c.a(printf.o)
 .text._vsprintf
                0x00000000       0x5c c:/nxp/mcuxpressoide_10.0.2_411/ide/tools/bin/../lib/gcc/arm-none-eabi/5.4.1/../../../../arm-none-eabi/lib/armv7-m\libcr_c.a(printf.o)
 .text._vsnprintf
                0x00000000       0x5c c:/nxp/mcuxpressoide_10.0.2_411/ide/tools/bin/../lib/gcc/arm-none-eabi/5.4.1/../../../../arm-none-eabi/lib/armv7-m\libcr_c.a(printf.o)
 .text._printf  0x00000000       0x54 c:/nxp/mcuxpressoide_10.0.2_411/ide/tools/bin/../lib/gcc/arm-none-eabi/5.4.1/../../../../arm-none-eabi/lib/armv7-m\libcr_c.a(printf.o)
 .text          0x00000000        0x0 c:/nxp/mcuxpressoide_10.0.2_411/ide/tools/bin/../lib/gcc/arm-none-eabi/5.4.1/../../../../arm-none-eabi/lib/armv7-m\libcr_c.a(setvbuf.o)
 .data          0x00000000        0x0 c:/nxp/mcuxpressoide_10.0.2_411/ide/tools/bin/../lib/gcc/arm-none-eabi/5.4.1/../../../../arm-none-eabi/lib/armv7-m\libcr_c.a(setvbuf.o)
 .bss           0x00000000        0x0 c:/nxp/mcuxpressoide_10.0.2_411/ide/tools/bin/../lib/gcc/arm-none-eabi/5.4.1/../../../../arm-none-eabi/lib/armv7-m\libcr_c.a(setvbuf.o)
 .text          0x00000000        0x0 c:/nxp/mcuxpressoide_10.0.2_411/ide/tools/bin/../lib/gcc/arm-none-eabi/5.4.1/../../../../arm-none-eabi/lib/armv7-m\libcr_c.a(strlen.o)
 .data          0x00000000        0x0 c:/nxp/mcuxpressoide_10.0.2_411/ide/tools/bin/../lib/gcc/arm-none-eabi/5.4.1/../../../../arm-none-eabi/lib/armv7-m\libcr_c.a(strlen.o)
 .bss           0x00000000        0x0 c:/nxp/mcuxpressoide_10.0.2_411/ide/tools/bin/../lib/gcc/arm-none-eabi/5.4.1/../../../../arm-none-eabi/lib/armv7-m\libcr_c.a(strlen.o)
 .text          0x00000000        0x0 c:/nxp/mcuxpressoide_10.0.2_411/ide/tools/bin/../lib/gcc/arm-none-eabi/5.4.1/../../../../arm-none-eabi/lib/armv7-m\libcr_c.a(memset.o)
 .data          0x00000000        0x0 c:/nxp/mcuxpressoide_10.0.2_411/ide/tools/bin/../lib/gcc/arm-none-eabi/5.4.1/../../../../arm-none-eabi/lib/armv7-m\libcr_c.a(memset.o)
 .bss           0x00000000        0x0 c:/nxp/mcuxpressoide_10.0.2_411/ide/tools/bin/../lib/gcc/arm-none-eabi/5.4.1/../../../../arm-none-eabi/lib/armv7-m\libcr_c.a(memset.o)
 .text          0x00000000        0x0 c:/nxp/mcuxpressoide_10.0.2_411/ide/tools/bin/../lib/gcc/arm-none-eabi/5.4.1/../../../../arm-none-eabi/lib/armv7-m\libcr_c.a(_deferredlazyseek.o)
 .data          0x00000000        0x0 c:/nxp/mcuxpressoide_10.0.2_411/ide/tools/bin/../lib/gcc/arm-none-eabi/5.4.1/../../../../arm-none-eabi/lib/armv7-m\libcr_c.a(_deferredlazyseek.o)
 .bss           0x00000000        0x0 c:/nxp/mcuxpressoide_10.0.2_411/ide/tools/bin/../lib/gcc/arm-none-eabi/5.4.1/../../../../arm-none-eabi/lib/armv7-m\libcr_c.a(_deferredlazyseek.o)
 .text          0x00000000        0x0 c:/nxp/mcuxpressoide_10.0.2_411/ide/tools/bin/../lib/gcc/arm-none-eabi/5.4.1/../../../../arm-none-eabi/lib/armv7-m\libcr_c.a(_fdopen.o)
 .data          0x00000000        0x0 c:/nxp/mcuxpressoide_10.0.2_411/ide/tools/bin/../lib/gcc/arm-none-eabi/5.4.1/../../../../arm-none-eabi/lib/armv7-m\libcr_c.a(_fdopen.o)
 .bss           0x00000000        0x0 c:/nxp/mcuxpressoide_10.0.2_411/ide/tools/bin/../lib/gcc/arm-none-eabi/5.4.1/../../../../arm-none-eabi/lib/armv7-m\libcr_c.a(_fdopen.o)
 .text          0x00000000        0x0 c:/nxp/mcuxpressoide_10.0.2_411/ide/tools/bin/../lib/gcc/arm-none-eabi/5.4.1/../../../../arm-none-eabi/lib/armv7-m\libcr_c.a(_fflush.o)
 .data          0x00000000        0x0 c:/nxp/mcuxpressoide_10.0.2_411/ide/tools/bin/../lib/gcc/arm-none-eabi/5.4.1/../../../../arm-none-eabi/lib/armv7-m\libcr_c.a(_fflush.o)
 .bss           0x00000000        0x0 c:/nxp/mcuxpressoide_10.0.2_411/ide/tools/bin/../lib/gcc/arm-none-eabi/5.4.1/../../../../arm-none-eabi/lib/armv7-m\libcr_c.a(_fflush.o)
 .text          0x00000000        0x0 c:/nxp/mcuxpressoide_10.0.2_411/ide/tools/bin/../lib/gcc/arm-none-eabi/5.4.1/../../../../arm-none-eabi/lib/armv7-m\libcr_c.a(_frexpl.o)
 .data          0x00000000        0x0 c:/nxp/mcuxpressoide_10.0.2_411/ide/tools/bin/../lib/gcc/arm-none-eabi/5.4.1/../../../../arm-none-eabi/lib/armv7-m\libcr_c.a(_frexpl.o)
 .bss           0x00000000        0x0 c:/nxp/mcuxpressoide_10.0.2_411/ide/tools/bin/../lib/gcc/arm-none-eabi/5.4.1/../../../../arm-none-eabi/lib/armv7-m\libcr_c.a(_frexpl.o)
 .text          0x00000000        0x0 c:/nxp/mcuxpressoide_10.0.2_411/ide/tools/bin/../lib/gcc/arm-none-eabi/5.4.1/../../../../arm-none-eabi/lib/armv7-m\libcr_c.a(_ldexpl.o)
 .data          0x00000000        0x0 c:/nxp/mcuxpressoide_10.0.2_411/ide/tools/bin/../lib/gcc/arm-none-eabi/5.4.1/../../../../arm-none-eabi/lib/armv7-m\libcr_c.a(_ldexpl.o)
 .bss           0x00000000        0x0 c:/nxp/mcuxpressoide_10.0.2_411/ide/tools/bin/../lib/gcc/arm-none-eabi/5.4.1/../../../../arm-none-eabi/lib/armv7-m\libcr_c.a(_ldexpl.o)
 .text          0x00000000        0x0 c:/nxp/mcuxpressoide_10.0.2_411/ide/tools/bin/../lib/gcc/arm-none-eabi/5.4.1/../../../../arm-none-eabi/lib/armv7-m\libcr_c.a(_writebuf.o)
 .data          0x00000000        0x0 c:/nxp/mcuxpressoide_10.0.2_411/ide/tools/bin/../lib/gcc/arm-none-eabi/5.4.1/../../../../arm-none-eabi/lib/armv7-m\libcr_c.a(_writebuf.o)
 .bss           0x00000000        0x0 c:/nxp/mcuxpressoide_10.0.2_411/ide/tools/bin/../lib/gcc/arm-none-eabi/5.4.1/../../../../arm-none-eabi/lib/armv7-m\libcr_c.a(_writebuf.o)
 .text          0x00000000        0x0 c:/nxp/mcuxpressoide_10.0.2_411/ide/tools/bin/../lib/gcc/arm-none-eabi/5.4.1/../../../../arm-none-eabi/lib/armv7-m\libcr_c.a(alloc.o)
 .data          0x00000000        0x0 c:/nxp/mcuxpressoide_10.0.2_411/ide/tools/bin/../lib/gcc/arm-none-eabi/5.4.1/../../../../arm-none-eabi/lib/armv7-m\libcr_c.a(alloc.o)
 .bss           0x00000000        0x0 c:/nxp/mcuxpressoide_10.0.2_411/ide/tools/bin/../lib/gcc/arm-none-eabi/5.4.1/../../../../arm-none-eabi/lib/armv7-m\libcr_c.a(alloc.o)
 .text.calloc   0x00000000       0x50 c:/nxp/mcuxpressoide_10.0.2_411/ide/tools/bin/../lib/gcc/arm-none-eabi/5.4.1/../../../../arm-none-eabi/lib/armv7-m\libcr_c.a(alloc.o)
 .text.realloc  0x00000000       0x24 c:/nxp/mcuxpressoide_10.0.2_411/ide/tools/bin/../lib/gcc/arm-none-eabi/5.4.1/../../../../arm-none-eabi/lib/armv7-m\libcr_c.a(alloc.o)
 .text          0x00000000        0x0 c:/nxp/mcuxpressoide_10.0.2_411/ide/tools/bin/../lib/gcc/arm-none-eabi/5.4.1/../../../../arm-none-eabi/lib/armv7-m\libcr_c.a(errno.o)
 .data          0x00000000        0x0 c:/nxp/mcuxpressoide_10.0.2_411/ide/tools/bin/../lib/gcc/arm-none-eabi/5.4.1/../../../../arm-none-eabi/lib/armv7-m\libcr_c.a(errno.o)
 .bss           0x00000000        0x0 c:/nxp/mcuxpressoide_10.0.2_411/ide/tools/bin/../lib/gcc/arm-none-eabi/5.4.1/../../../../arm-none-eabi/lib/armv7-m\libcr_c.a(errno.o)
 .text          0x00000000        0x0 c:/nxp/mcuxpressoide_10.0.2_411/ide/tools/bin/../lib/gcc/arm-none-eabi/5.4.1/../../../../arm-none-eabi/lib/armv7-m\libcr_c.a(fclose.o)
 .data          0x00000000        0x0 c:/nxp/mcuxpressoide_10.0.2_411/ide/tools/bin/../lib/gcc/arm-none-eabi/5.4.1/../../../../arm-none-eabi/lib/armv7-m\libcr_c.a(fclose.o)
 .bss           0x00000000        0x0 c:/nxp/mcuxpressoide_10.0.2_411/ide/tools/bin/../lib/gcc/arm-none-eabi/5.4.1/../../../../arm-none-eabi/lib/armv7-m\libcr_c.a(fclose.o)
 .text          0x00000000        0x0 c:/nxp/mcuxpressoide_10.0.2_411/ide/tools/bin/../lib/gcc/arm-none-eabi/5.4.1/../../../../arm-none-eabi/lib/armv7-m\libcr_c.a(fflush.o)
 .data          0x00000000        0x0 c:/nxp/mcuxpressoide_10.0.2_411/ide/tools/bin/../lib/gcc/arm-none-eabi/5.4.1/../../../../arm-none-eabi/lib/armv7-m\libcr_c.a(fflush.o)
 .bss           0x00000000        0x0 c:/nxp/mcuxpressoide_10.0.2_411/ide/tools/bin/../lib/gcc/arm-none-eabi/5.4.1/../../../../arm-none-eabi/lib/armv7-m\libcr_c.a(fflush.o)
 .text          0x00000000        0x0 c:/nxp/mcuxpressoide_10.0.2_411/ide/tools/bin/../lib/gcc/arm-none-eabi/5.4.1/../../../../arm-none-eabi/lib/armv7-m\libcr_c.a(fseek.o)
 .data          0x00000000        0x0 c:/nxp/mcuxpressoide_10.0.2_411/ide/tools/bin/../lib/gcc/arm-none-eabi/5.4.1/../../../../arm-none-eabi/lib/armv7-m\libcr_c.a(fseek.o)
 .bss           0x00000000        0x0 c:/nxp/mcuxpressoide_10.0.2_411/ide/tools/bin/../lib/gcc/arm-none-eabi/5.4.1/../../../../arm-none-eabi/lib/armv7-m\libcr_c.a(fseek.o)
 .text          0x00000000        0x0 c:/nxp/mcuxpressoide_10.0.2_411/ide/tools/bin/../lib/gcc/arm-none-eabi/5.4.1/../../../../arm-none-eabi/lib/armv7-m\libcr_c.a(ftell.o)
 .data          0x00000000        0x0 c:/nxp/mcuxpressoide_10.0.2_411/ide/tools/bin/../lib/gcc/arm-none-eabi/5.4.1/../../../../arm-none-eabi/lib/armv7-m\libcr_c.a(ftell.o)
 .bss           0x00000000        0x0 c:/nxp/mcuxpressoide_10.0.2_411/ide/tools/bin/../lib/gcc/arm-none-eabi/5.4.1/../../../../arm-none-eabi/lib/armv7-m\libcr_c.a(ftell.o)
 .text          0x00000000        0x0 c:/nxp/mcuxpressoide_10.0.2_411/ide/tools/bin/../lib/gcc/arm-none-eabi/5.4.1/../../../../arm-none-eabi/lib/armv7-m\libcr_c.a(remove.o)
 .data          0x00000000        0x0 c:/nxp/mcuxpressoide_10.0.2_411/ide/tools/bin/../lib/gcc/arm-none-eabi/5.4.1/../../../../arm-none-eabi/lib/armv7-m\libcr_c.a(remove.o)
 .bss           0x00000000        0x0 c:/nxp/mcuxpressoide_10.0.2_411/ide/tools/bin/../lib/gcc/arm-none-eabi/5.4.1/../../../../arm-none-eabi/lib/armv7-m\libcr_c.a(remove.o)
 .text.rename   0x00000000       0x28 c:/nxp/mcuxpressoide_10.0.2_411/ide/tools/bin/../lib/gcc/arm-none-eabi/5.4.1/../../../../arm-none-eabi/lib/armv7-m\libcr_c.a(remove.o)
 .text          0x00000000        0x0 c:/nxp/mcuxpressoide_10.0.2_411/ide/tools/bin/../lib/gcc/arm-none-eabi/5.4.1/../../../../arm-none-eabi/lib/armv7-m\libcr_c.a(memcpy.o)
 .data          0x00000000        0x0 c:/nxp/mcuxpressoide_10.0.2_411/ide/tools/bin/../lib/gcc/arm-none-eabi/5.4.1/../../../../arm-none-eabi/lib/armv7-m\libcr_c.a(memcpy.o)
 .bss           0x00000000        0x0 c:/nxp/mcuxpressoide_10.0.2_411/ide/tools/bin/../lib/gcc/arm-none-eabi/5.4.1/../../../../arm-none-eabi/lib/armv7-m\libcr_c.a(memcpy.o)
 .text.memcpy   0x00000000        0x4 c:/nxp/mcuxpressoide_10.0.2_411/ide/tools/bin/../lib/gcc/arm-none-eabi/5.4.1/../../../../arm-none-eabi/lib/armv7-m\libcr_c.a(memcpy.o)
 .comment       0x00000000       0x6f c:/nxp/mcuxpressoide_10.0.2_411/ide/tools/bin/../lib/gcc/arm-none-eabi/5.4.1/../../../../arm-none-eabi/lib/armv7-m\libcr_c.a(memcpy.o)
 .ARM.attributes
                0x00000000       0x33 c:/nxp/mcuxpressoide_10.0.2_411/ide/tools/bin/../lib/gcc/arm-none-eabi/5.4.1/../../../../arm-none-eabi/lib/armv7-m\libcr_c.a(memcpy.o)
 .text          0x00000000        0x0 c:/nxp/mcuxpressoide_10.0.2_411/ide/tools/bin/../lib/gcc/arm-none-eabi/5.4.1/../../../../arm-none-eabi/lib/armv7-m\libcr_c.a(__init_alloc.o)
 .data          0x00000000        0x0 c:/nxp/mcuxpressoide_10.0.2_411/ide/tools/bin/../lib/gcc/arm-none-eabi/5.4.1/../../../../arm-none-eabi/lib/armv7-m\libcr_c.a(__init_alloc.o)
 .bss           0x00000000        0x0 c:/nxp/mcuxpressoide_10.0.2_411/ide/tools/bin/../lib/gcc/arm-none-eabi/5.4.1/../../../../arm-none-eabi/lib/armv7-m\libcr_c.a(__init_alloc.o)
 .text._init_alloc
                0x00000000       0x14 c:/nxp/mcuxpressoide_10.0.2_411/ide/tools/bin/../lib/gcc/arm-none-eabi/5.4.1/../../../../arm-none-eabi/lib/armv7-m\libcr_c.a(__init_alloc.o)
 .text          0x00000000        0x0 c:/nxp/mcuxpressoide_10.0.2_411/ide/tools/bin/../lib/gcc/arm-none-eabi/5.4.1/../../../../arm-none-eabi/lib/armv7-m\libcr_c.a(_cr_sbrk.o)
 .data          0x00000000        0x0 c:/nxp/mcuxpressoide_10.0.2_411/ide/tools/bin/../lib/gcc/arm-none-eabi/5.4.1/../../../../arm-none-eabi/lib/armv7-m\libcr_c.a(_cr_sbrk.o)
 .bss           0x00000000        0x0 c:/nxp/mcuxpressoide_10.0.2_411/ide/tools/bin/../lib/gcc/arm-none-eabi/5.4.1/../../../../arm-none-eabi/lib/armv7-m\libcr_c.a(_cr_sbrk.o)
 .text          0x00000000        0x0 c:/nxp/mcuxpressoide_10.0.2_411/ide/tools/bin/../lib/gcc/arm-none-eabi/5.4.1/../../../../arm-none-eabi/lib/armv7-m\libcr_c.a(_do_fflush.o)
 .data          0x00000000        0x0 c:/nxp/mcuxpressoide_10.0.2_411/ide/tools/bin/../lib/gcc/arm-none-eabi/5.4.1/../../../../arm-none-eabi/lib/armv7-m\libcr_c.a(_do_fflush.o)
 .bss           0x00000000        0x0 c:/nxp/mcuxpressoide_10.0.2_411/ide/tools/bin/../lib/gcc/arm-none-eabi/5.4.1/../../../../arm-none-eabi/lib/armv7-m\libcr_c.a(_do_fflush.o)
 .text          0x00000000        0x0 c:/nxp/mcuxpressoide_10.0.2_411/ide/tools/bin/../lib/gcc/arm-none-eabi/5.4.1/../../../../arm-none-eabi/lib/armv7-m\libcr_c.a(_hugeval.o)
 .data          0x00000000        0x0 c:/nxp/mcuxpressoide_10.0.2_411/ide/tools/bin/../lib/gcc/arm-none-eabi/5.4.1/../../../../arm-none-eabi/lib/armv7-m\libcr_c.a(_hugeval.o)
 .bss           0x00000000        0x0 c:/nxp/mcuxpressoide_10.0.2_411/ide/tools/bin/../lib/gcc/arm-none-eabi/5.4.1/../../../../arm-none-eabi/lib/armv7-m\libcr_c.a(_hugeval.o)
 .rodata.__huge_val
                0x00000000        0x8 c:/nxp/mcuxpressoide_10.0.2_411/ide/tools/bin/../lib/gcc/arm-none-eabi/5.4.1/../../../../arm-none-eabi/lib/armv7-m\libcr_c.a(_hugeval.o)
 .text          0x00000000        0x0 c:/nxp/mcuxpressoide_10.0.2_411/ide/tools/bin/../lib/gcc/arm-none-eabi/5.4.1/../../../../arm-none-eabi/lib/armv7-m\libcr_c.a(_cr_check_heap.o)
 .data          0x00000000        0x0 c:/nxp/mcuxpressoide_10.0.2_411/ide/tools/bin/../lib/gcc/arm-none-eabi/5.4.1/../../../../arm-none-eabi/lib/armv7-m\libcr_c.a(_cr_check_heap.o)
 .bss           0x00000000        0x0 c:/nxp/mcuxpressoide_10.0.2_411/ide/tools/bin/../lib/gcc/arm-none-eabi/5.4.1/../../../../arm-none-eabi/lib/armv7-m\libcr_c.a(_cr_check_heap.o)
 .text          0x00000000        0x0 c:/nxp/mcuxpressoide_10.0.2_411/ide/tools/bin/../lib/gcc/arm-none-eabi/5.4.1/armv7-m\libcr_eabihelpers.a(double.o)
 .data          0x00000000        0x0 c:/nxp/mcuxpressoide_10.0.2_411/ide/tools/bin/../lib/gcc/arm-none-eabi/5.4.1/armv7-m\libcr_eabihelpers.a(double.o)
 .bss           0x00000000        0x0 c:/nxp/mcuxpressoide_10.0.2_411/ide/tools/bin/../lib/gcc/arm-none-eabi/5.4.1/armv7-m\libcr_eabihelpers.a(double.o)
 .text.__aeabi_drsub
                0x00000000       0x1c c:/nxp/mcuxpressoide_10.0.2_411/ide/tools/bin/../lib/gcc/arm-none-eabi/5.4.1/armv7-m\libcr_eabihelpers.a(double.o)
 .text.__aeabi_dneg
                0x00000000        0x8 c:/nxp/mcuxpressoide_10.0.2_411/ide/tools/bin/../lib/gcc/arm-none-eabi/5.4.1/armv7-m\libcr_eabihelpers.a(double.o)
 .text.__aeabi_d2uiz
                0x00000000       0x30 c:/nxp/mcuxpressoide_10.0.2_411/ide/tools/bin/../lib/gcc/arm-none-eabi/5.4.1/armv7-m\libcr_eabihelpers.a(double.o)
 .text.__aeabi_d2lz
                0x00000000       0x6a c:/nxp/mcuxpressoide_10.0.2_411/ide/tools/bin/../lib/gcc/arm-none-eabi/5.4.1/armv7-m\libcr_eabihelpers.a(double.o)
 .text.__aeabi_d2ulz
                0x00000000       0x54 c:/nxp/mcuxpressoide_10.0.2_411/ide/tools/bin/../lib/gcc/arm-none-eabi/5.4.1/armv7-m\libcr_eabihelpers.a(double.o)
 .text.__bhs_ul2d
                0x00000000       0x88 c:/nxp/mcuxpressoide_10.0.2_411/ide/tools/bin/../lib/gcc/arm-none-eabi/5.4.1/armv7-m\libcr_eabihelpers.a(double.o)
 .text.__aeabi_ui2d
                0x00000000        0x8 c:/nxp/mcuxpressoide_10.0.2_411/ide/tools/bin/../lib/gcc/arm-none-eabi/5.4.1/armv7-m\libcr_eabihelpers.a(double.o)
 .text.__aeabi_l2d
                0x00000000       0x18 c:/nxp/mcuxpressoide_10.0.2_411/ide/tools/bin/../lib/gcc/arm-none-eabi/5.4.1/armv7-m\libcr_eabihelpers.a(double.o)
 .text.__aeabi_ul2d
                0x00000000        0x8 c:/nxp/mcuxpressoide_10.0.2_411/ide/tools/bin/../lib/gcc/arm-none-eabi/5.4.1/armv7-m\libcr_eabihelpers.a(double.o)
 .text.__aeabi_dcmpgt
                0x00000000       0x54 c:/nxp/mcuxpressoide_10.0.2_411/ide/tools/bin/../lib/gcc/arm-none-eabi/5.4.1/armv7-m\libcr_eabihelpers.a(double.o)
 .text.__aeabi_dcmpun
                0x00000000       0x1a c:/nxp/mcuxpressoide_10.0.2_411/ide/tools/bin/../lib/gcc/arm-none-eabi/5.4.1/armv7-m\libcr_eabihelpers.a(double.o)
 .text.__aeabi_cdcmple
                0x00000000       0x24 c:/nxp/mcuxpressoide_10.0.2_411/ide/tools/bin/../lib/gcc/arm-none-eabi/5.4.1/armv7-m\libcr_eabihelpers.a(double.o)
 .text.__aeabi_cdrcmple
                0x00000000       0x14 c:/nxp/mcuxpressoide_10.0.2_411/ide/tools/bin/../lib/gcc/arm-none-eabi/5.4.1/armv7-m\libcr_eabihelpers.a(double.o)
 .text          0x00000000        0x0 c:/nxp/mcuxpressoide_10.0.2_411/ide/tools/bin/../lib/gcc/arm-none-eabi/5.4.1/armv7-m\libcr_eabihelpers.a(float.o)
 .data          0x00000000        0x0 c:/nxp/mcuxpressoide_10.0.2_411/ide/tools/bin/../lib/gcc/arm-none-eabi/5.4.1/armv7-m\libcr_eabihelpers.a(float.o)
 .bss           0x00000000        0x0 c:/nxp/mcuxpressoide_10.0.2_411/ide/tools/bin/../lib/gcc/arm-none-eabi/5.4.1/armv7-m\libcr_eabihelpers.a(float.o)
 .text.__aeabi_fdiv
                0x00000000       0xc0 c:/nxp/mcuxpressoide_10.0.2_411/ide/tools/bin/../lib/gcc/arm-none-eabi/5.4.1/armv7-m\libcr_eabihelpers.a(float.o)
 .text.__aeabi_fsub
                0x00000000       0xe0 c:/nxp/mcuxpressoide_10.0.2_411/ide/tools/bin/../lib/gcc/arm-none-eabi/5.4.1/armv7-m\libcr_eabihelpers.a(float.o)
 .text.__aeabi_fadd
                0x00000000       0xac c:/nxp/mcuxpressoide_10.0.2_411/ide/tools/bin/../lib/gcc/arm-none-eabi/5.4.1/armv7-m\libcr_eabihelpers.a(float.o)
 .text.__aeabi_frsub
                0x00000000        0xc c:/nxp/mcuxpressoide_10.0.2_411/ide/tools/bin/../lib/gcc/arm-none-eabi/5.4.1/armv7-m\libcr_eabihelpers.a(float.o)
 .text.__aeabi_fneg
                0x00000000        0x6 c:/nxp/mcuxpressoide_10.0.2_411/ide/tools/bin/../lib/gcc/arm-none-eabi/5.4.1/armv7-m\libcr_eabihelpers.a(float.o)
 .text.__aeabi_f2uiz
                0x00000000       0x28 c:/nxp/mcuxpressoide_10.0.2_411/ide/tools/bin/../lib/gcc/arm-none-eabi/5.4.1/armv7-m\libcr_eabihelpers.a(float.o)
 .text.__aeabi_f2lz
                0x00000000       0x5a c:/nxp/mcuxpressoide_10.0.2_411/ide/tools/bin/../lib/gcc/arm-none-eabi/5.4.1/armv7-m\libcr_eabihelpers.a(float.o)
 .text.__aeabi_f2ulz
                0x00000000       0x3e c:/nxp/mcuxpressoide_10.0.2_411/ide/tools/bin/../lib/gcc/arm-none-eabi/5.4.1/armv7-m\libcr_eabihelpers.a(float.o)
 .text.__bhs_ul2f
                0x00000000       0x46 c:/nxp/mcuxpressoide_10.0.2_411/ide/tools/bin/../lib/gcc/arm-none-eabi/5.4.1/armv7-m\libcr_eabihelpers.a(float.o)
 .text.__aeabi_ui2f
                0x00000000        0x8 c:/nxp/mcuxpressoide_10.0.2_411/ide/tools/bin/../lib/gcc/arm-none-eabi/5.4.1/armv7-m\libcr_eabihelpers.a(float.o)
 .text.__aeabi_l2f
                0x00000000       0x18 c:/nxp/mcuxpressoide_10.0.2_411/ide/tools/bin/../lib/gcc/arm-none-eabi/5.4.1/armv7-m\libcr_eabihelpers.a(float.o)
 .text.__aeabi_ul2f
                0x00000000        0x8 c:/nxp/mcuxpressoide_10.0.2_411/ide/tools/bin/../lib/gcc/arm-none-eabi/5.4.1/armv7-m\libcr_eabihelpers.a(float.o)
 .text.__aeabi_fcmpeq
                0x00000000       0x1e c:/nxp/mcuxpressoide_10.0.2_411/ide/tools/bin/../lib/gcc/arm-none-eabi/5.4.1/armv7-m\libcr_eabihelpers.a(float.o)
 .text.__aeabi_fcmplt
                0x00000000       0x3a c:/nxp/mcuxpressoide_10.0.2_411/ide/tools/bin/../lib/gcc/arm-none-eabi/5.4.1/armv7-m\libcr_eabihelpers.a(float.o)
 .text.__aeabi_fcmpgt
                0x00000000       0x3a c:/nxp/mcuxpressoide_10.0.2_411/ide/tools/bin/../lib/gcc/arm-none-eabi/5.4.1/armv7-m\libcr_eabihelpers.a(float.o)
 .text.__aeabi_fcmple
                0x00000000       0x3e c:/nxp/mcuxpressoide_10.0.2_411/ide/tools/bin/../lib/gcc/arm-none-eabi/5.4.1/armv7-m\libcr_eabihelpers.a(float.o)
 .text.__aeabi_fcmpge
                0x00000000       0x3e c:/nxp/mcuxpressoide_10.0.2_411/ide/tools/bin/../lib/gcc/arm-none-eabi/5.4.1/armv7-m\libcr_eabihelpers.a(float.o)
 .text.__aeabi_fcmpun
                0x00000000       0x1a c:/nxp/mcuxpressoide_10.0.2_411/ide/tools/bin/../lib/gcc/arm-none-eabi/5.4.1/armv7-m\libcr_eabihelpers.a(float.o)
 .text.__aeabi_cfcmple
                0x00000000       0x20 c:/nxp/mcuxpressoide_10.0.2_411/ide/tools/bin/../lib/gcc/arm-none-eabi/5.4.1/armv7-m\libcr_eabihelpers.a(float.o)
 .text.__aeabi_cfrcmple
                0x00000000        0xa c:/nxp/mcuxpressoide_10.0.2_411/ide/tools/bin/../lib/gcc/arm-none-eabi/5.4.1/armv7-m\libcr_eabihelpers.a(float.o)
 .text          0x00000000        0x0 c:/nxp/mcuxpressoide_10.0.2_411/ide/tools/bin/../lib/gcc/arm-none-eabi/5.4.1/armv7-m\libcr_eabihelpers.a(memcpy.o)
 .data          0x00000000        0x0 c:/nxp/mcuxpressoide_10.0.2_411/ide/tools/bin/../lib/gcc/arm-none-eabi/5.4.1/armv7-m\libcr_eabihelpers.a(memcpy.o)
 .bss           0x00000000        0x0 c:/nxp/mcuxpressoide_10.0.2_411/ide/tools/bin/../lib/gcc/arm-none-eabi/5.4.1/armv7-m\libcr_eabihelpers.a(memcpy.o)
 .text.__aeabi_memcpy
                0x00000000       0x34 c:/nxp/mcuxpressoide_10.0.2_411/ide/tools/bin/../lib/gcc/arm-none-eabi/5.4.1/armv7-m\libcr_eabihelpers.a(memcpy.o)
 .text.__aeabi_memmove
                0x00000000       0x1c c:/nxp/mcuxpressoide_10.0.2_411/ide/tools/bin/../lib/gcc/arm-none-eabi/5.4.1/armv7-m\libcr_eabihelpers.a(memcpy.o)
 .text.__aeabi_memclr
                0x00000000        0x8 c:/nxp/mcuxpressoide_10.0.2_411/ide/tools/bin/../lib/gcc/arm-none-eabi/5.4.1/armv7-m\libcr_eabihelpers.a(memcpy.o)
 .text.__aeabi_memset
                0x00000000        0xa c:/nxp/mcuxpressoide_10.0.2_411/ide/tools/bin/../lib/gcc/arm-none-eabi/5.4.1/armv7-m\libcr_eabihelpers.a(memcpy.o)
 .text          0x00000000        0x0 c:/nxp/mcuxpressoide_10.0.2_411/ide/tools/bin/../lib/gcc/arm-none-eabi/5.4.1/../../../../arm-none-eabi/lib/armv7-m\libcr_semihost.a(__ciob.o)
 .data          0x00000000        0x0 c:/nxp/mcuxpressoide_10.0.2_411/ide/tools/bin/../lib/gcc/arm-none-eabi/5.4.1/../../../../arm-none-eabi/lib/armv7-m\libcr_semihost.a(__ciob.o)
 .bss           0x00000000        0x0 c:/nxp/mcuxpressoide_10.0.2_411/ide/tools/bin/../lib/gcc/arm-none-eabi/5.4.1/../../../../arm-none-eabi/lib/armv7-m\libcr_semihost.a(__ciob.o)
 .text          0x00000000        0x0 c:/nxp/mcuxpressoide_10.0.2_411/ide/tools/bin/../lib/gcc/arm-none-eabi/5.4.1/../../../../arm-none-eabi/lib/armv7-m\libcr_semihost.a(__sys_appexit.o)
 .data          0x00000000        0x0 c:/nxp/mcuxpressoide_10.0.2_411/ide/tools/bin/../lib/gcc/arm-none-eabi/5.4.1/../../../../arm-none-eabi/lib/armv7-m\libcr_semihost.a(__sys_appexit.o)
 .bss           0x00000000        0x0 c:/nxp/mcuxpressoide_10.0.2_411/ide/tools/bin/../lib/gcc/arm-none-eabi/5.4.1/../../../../arm-none-eabi/lib/armv7-m\libcr_semihost.a(__sys_appexit.o)
 .text          0x00000000        0x0 c:/nxp/mcuxpressoide_10.0.2_411/ide/tools/bin/../lib/gcc/arm-none-eabi/5.4.1/../../../../arm-none-eabi/lib/armv7-m\libcr_semihost.a(__sys_close.o)
 .data          0x00000000        0x0 c:/nxp/mcuxpressoide_10.0.2_411/ide/tools/bin/../lib/gcc/arm-none-eabi/5.4.1/../../../../arm-none-eabi/lib/armv7-m\libcr_semihost.a(__sys_close.o)
 .bss           0x00000000        0x0 c:/nxp/mcuxpressoide_10.0.2_411/ide/tools/bin/../lib/gcc/arm-none-eabi/5.4.1/../../../../arm-none-eabi/lib/armv7-m\libcr_semihost.a(__sys_close.o)
 .text          0x00000000        0x0 c:/nxp/mcuxpressoide_10.0.2_411/ide/tools/bin/../lib/gcc/arm-none-eabi/5.4.1/../../../../arm-none-eabi/lib/armv7-m\libcr_semihost.a(__sys_flen.o)
 .data          0x00000000        0x0 c:/nxp/mcuxpressoide_10.0.2_411/ide/tools/bin/../lib/gcc/arm-none-eabi/5.4.1/../../../../arm-none-eabi/lib/armv7-m\libcr_semihost.a(__sys_flen.o)
 .bss           0x00000000        0x0 c:/nxp/mcuxpressoide_10.0.2_411/ide/tools/bin/../lib/gcc/arm-none-eabi/5.4.1/../../../../arm-none-eabi/lib/armv7-m\libcr_semihost.a(__sys_flen.o)
 .text          0x00000000        0x0 c:/nxp/mcuxpressoide_10.0.2_411/ide/tools/bin/../lib/gcc/arm-none-eabi/5.4.1/../../../../arm-none-eabi/lib/armv7-m\libcr_semihost.a(__sys_istty.o)
 .data          0x00000000        0x0 c:/nxp/mcuxpressoide_10.0.2_411/ide/tools/bin/../lib/gcc/arm-none-eabi/5.4.1/../../../../arm-none-eabi/lib/armv7-m\libcr_semihost.a(__sys_istty.o)
 .bss           0x00000000        0x0 c:/nxp/mcuxpressoide_10.0.2_411/ide/tools/bin/../lib/gcc/arm-none-eabi/5.4.1/../../../../arm-none-eabi/lib/armv7-m\libcr_semihost.a(__sys_istty.o)
 .text          0x00000000        0x0 c:/nxp/mcuxpressoide_10.0.2_411/ide/tools/bin/../lib/gcc/arm-none-eabi/5.4.1/../../../../arm-none-eabi/lib/armv7-m\libcr_semihost.a(__sys_remove.o)
 .data          0x00000000        0x0 c:/nxp/mcuxpressoide_10.0.2_411/ide/tools/bin/../lib/gcc/arm-none-eabi/5.4.1/../../../../arm-none-eabi/lib/armv7-m\libcr_semihost.a(__sys_remove.o)
 .bss           0x00000000        0x0 c:/nxp/mcuxpressoide_10.0.2_411/ide/tools/bin/../lib/gcc/arm-none-eabi/5.4.1/../../../../arm-none-eabi/lib/armv7-m\libcr_semihost.a(__sys_remove.o)
 .text          0x00000000        0x0 c:/nxp/mcuxpressoide_10.0.2_411/ide/tools/bin/../lib/gcc/arm-none-eabi/5.4.1/../../../../arm-none-eabi/lib/armv7-m\libcr_semihost.a(__sys_rename.o)
 .data          0x00000000        0x0 c:/nxp/mcuxpressoide_10.0.2_411/ide/tools/bin/../lib/gcc/arm-none-eabi/5.4.1/../../../../arm-none-eabi/lib/armv7-m\libcr_semihost.a(__sys_rename.o)
 .bss           0x00000000        0x0 c:/nxp/mcuxpressoide_10.0.2_411/ide/tools/bin/../lib/gcc/arm-none-eabi/5.4.1/../../../../arm-none-eabi/lib/armv7-m\libcr_semihost.a(__sys_rename.o)
 .text.__sys_rename
                0x00000000        0xc c:/nxp/mcuxpressoide_10.0.2_411/ide/tools/bin/../lib/gcc/arm-none-eabi/5.4.1/../../../../arm-none-eabi/lib/armv7-m\libcr_semihost.a(__sys_rename.o)
 .ARM.attributes
                0x00000000       0x21 c:/nxp/mcuxpressoide_10.0.2_411/ide/tools/bin/../lib/gcc/arm-none-eabi/5.4.1/../../../../arm-none-eabi/lib/armv7-m\libcr_semihost.a(__sys_rename.o)
 .text          0x00000000        0x0 c:/nxp/mcuxpressoide_10.0.2_411/ide/tools/bin/../lib/gcc/arm-none-eabi/5.4.1/../../../../arm-none-eabi/lib/armv7-m\libcr_semihost.a(__sys_seek.o)
 .data          0x00000000        0x0 c:/nxp/mcuxpressoide_10.0.2_411/ide/tools/bin/../lib/gcc/arm-none-eabi/5.4.1/../../../../arm-none-eabi/lib/armv7-m\libcr_semihost.a(__sys_seek.o)
 .bss           0x00000000        0x0 c:/nxp/mcuxpressoide_10.0.2_411/ide/tools/bin/../lib/gcc/arm-none-eabi/5.4.1/../../../../arm-none-eabi/lib/armv7-m\libcr_semihost.a(__sys_seek.o)
 .text          0x00000000        0x0 c:/nxp/mcuxpressoide_10.0.2_411/ide/tools/bin/../lib/gcc/arm-none-eabi/5.4.1/../../../../arm-none-eabi/lib/armv7-m\libcr_semihost.a(__sys_tmpnam.o)
 .data          0x00000000        0x0 c:/nxp/mcuxpressoide_10.0.2_411/ide/tools/bin/../lib/gcc/arm-none-eabi/5.4.1/../../../../arm-none-eabi/lib/armv7-m\libcr_semihost.a(__sys_tmpnam.o)
 .bss           0x00000000        0x0 c:/nxp/mcuxpressoide_10.0.2_411/ide/tools/bin/../lib/gcc/arm-none-eabi/5.4.1/../../../../arm-none-eabi/lib/armv7-m\libcr_semihost.a(__sys_tmpnam.o)

Memory Configuration

Name             Origin             Length             Attributes
MFlash32         0x00000000         0x00008000         xr
RamLoc8          0x10000000         0x00002000         xrw
*default*        0x00000000         0xffffffff

Linker script and memory map

LOAD ./src/Example_2.o
LOAD ./src/cr_startup_lpc13xx.o
LOAD ./src/crp.o
LOAD ./src/ocf_lpc134x_lib.o
LOAD Y:\GitHub\LPC1343-Tutorial-Examples\MCUXpresso\ADC\CMSIS_CORE_LPC13xx\Debug\libCMSIS_CORE_LPC13xx.a
START GROUP
LOAD c:/nxp/mcuxpressoide_10.0.2_411/ide/tools/bin/../lib/gcc/arm-none-eabi/5.4.1/../../../../arm-none-eabi/lib/armv7-m\libcr_semihost.a
LOAD c:/nxp/mcuxpressoide_10.0.2_411/ide/tools/bin/../lib/gcc/arm-none-eabi/5.4.1/../../../../arm-none-eabi/lib/armv7-m\libcr_c.a
LOAD c:/nxp/mcuxpressoide_10.0.2_411/ide/tools/bin/../lib/gcc/arm-none-eabi/5.4.1/armv7-m\libcr_eabihelpers.a
END GROUP
                0x00000000                __base_MFlash32 = 0x0
                0x00000000                __base_Flash = 0x0
                0x00008000                __top_MFlash32 = 0x8000
                0x00008000                __top_Flash = 0x8000
                0x10000000                __base_RamLoc8 = 0x10000000
                0x10000000                __base_RAM = 0x10000000
                0x10002000                __top_RamLoc8 = 0x10002000
                0x10002000                __top_RAM = 0x10002000

.text           0x00000000     0x3024
 FILL mask 0xff
                0x00000000                __vectors_start__ = ABSOLUTE (.)
 *(.isr_vector)
 .isr_vector    0x00000000      0x128 ./src/cr_startup_lpc13xx.o
                0x00000000                g_pfnVectors
                0x00000128                . = ALIGN (0x4)
                0x00000128                __section_table_start = .
                0x00000128                __data_section_table = .
                0x00000128        0x4 LONG 0x3024 LOADADDR (.data)
                0x0000012c        0x4 LONG 0x10000000 ADDR (.data)
                0x00000130        0x4 LONG 0x0 SIZEOF (.data)
                0x00000134                __data_section_table_end = .
                0x00000134                __bss_section_table = .
                0x00000134        0x4 LONG 0x10000000 ADDR (.bss)
                0x00000138        0x4 LONG 0x1f0 SIZEOF (.bss)
                0x0000013c                __bss_section_table_end = .
                0x0000013c                __section_table_end = .
 *(.after_vectors*)
 .after_vectors
                0x0000013c      0x154 ./src/cr_startup_lpc13xx.o
                0x0000013c                data_init
                0x00000180                bss_init
                0x000001b8                ResetISR
                0x00000240                NMI_Handler
                0x00000248                HardFault_Handler
                0x00000250                MemManage_Handler
                0x00000258                BusFault_Handler
                0x00000260                UsageFault_Handler
                0x00000268                SVC_Handler
                0x00000270                DebugMon_Handler
                0x00000278                PendSV_Handler
                0x00000280                SysTick_Handler
                0x00000288                PIOINT1_IRQHandler
                0x00000288                SSP_IRQHandler
                0x00000288                IntDefaultHandler
                0x00000288                TIMER32_1_IRQHandler
                0x00000288                USB_FIQHandler
                0x00000288                SSP1_IRQHandler
                0x00000288                PIOINT2_IRQHandler
                0x00000288                USB_IRQHandler
                0x00000288                BOD_IRQHandler
                0x00000288                WAKEUP_IRQHandler
                0x00000288                PIOINT0_IRQHandler
                0x00000288                I2C_IRQHandler
                0x00000288                TIMER32_0_IRQHandler
                0x00000288                WDT_IRQHandler
                0x00000288                UART_IRQHandler
                0x00000288                TIMER16_1_IRQHandler
                0x00000288                PIOINT3_IRQHandler
                0x00000288                TIMER16_0_IRQHandler
                0x00000288                FMC_IRQHandler
                0x000002fc                . = 0x2fc
 *fill*         0x00000290       0x6c ff
                0x000002fc                PROVIDE (__CRP_WORD_START__, .)
 *(.crp)
 .crp           0x000002fc        0x4 ./src/crp.o
                0x000002fc                CRP_WORD
                0x00000300                PROVIDE (__CRP_WORD_END__, .)
                0x00000001                ASSERT (! ((__CRP_WORD_START__ == __CRP_WORD_END__)), Linker CRP Enabled, but no CRP_WORD provided within application)
 *(.text*)
 .text.NVIC_EnableIRQ
                0x00000300       0x30 ./src/Example_2.o
 .text.main     0x00000330       0xf0 ./src/Example_2.o
                0x00000330                main
 .text.ADC_IRQHandler
                0x00000420       0x48 ./src/Example_2.o
                0x00000420                ADC_IRQHandler
 .text.__sys_write
                0x00000468       0x38 ./src/ocf_lpc134x_lib.o
                0x00000468                __sys_write
 .text.initUART
                0x000004a0       0x70 ./src/ocf_lpc134x_lib.o
                0x000004a0                initUART
 .text.initTimer0
                0x00000510       0x3c ./src/ocf_lpc134x_lib.o
                0x00000510                initTimer0
 .text.delayMS  0x0000054c       0x34 ./src/ocf_lpc134x_lib.o
                0x0000054c                delayMS
 .text.uartWrite
                0x00000580       0x50 ./src/ocf_lpc134x_lib.o
                0x00000580                uartWrite
 .text.SystemInit
                0x000005d0       0xb4 Y:\GitHub\LPC1343-Tutorial-Examples\MCUXpresso\ADC\CMSIS_CORE_LPC13xx\Debug\libCMSIS_CORE_LPC13xx.a(system_LPC13xx.o)
                0x000005d0                SystemInit
 .text.__main   0x00000684        0xe c:/nxp/mcuxpressoide_10.0.2_411/ide/tools/bin/../lib/gcc/arm-none-eabi/5.4.1/../../../../arm-none-eabi/lib/armv7-m\libcr_semihost.a(_cr__main.o)
                0x00000684                __CR_SEMIHOST
                0x00000684                __main
 .text.fp_round
                0x00000692       0x4c c:/nxp/mcuxpressoide_10.0.2_411/ide/tools/bin/../lib/gcc/arm-none-eabi/5.4.1/../../../../arm-none-eabi/lib/armv7-m\libcr_c.a(fpprintf.o)
 .text.pr_dec.constprop.1
                0x000006de       0x26 c:/nxp/mcuxpressoide_10.0.2_411/ide/tools/bin/../lib/gcc/arm-none-eabi/5.4.1/../../../../arm-none-eabi/lib/armv7-m\libcr_c.a(fpprintf.o)
 .text.sprintf  0x00000704       0x6c c:/nxp/mcuxpressoide_10.0.2_411/ide/tools/bin/../lib/gcc/arm-none-eabi/5.4.1/../../../../arm-none-eabi/lib/armv7-m\libcr_c.a(fpprintf.o)
                0x00000704                sprintf
 .text.fp_display
                0x00000770      0x8ec c:/nxp/mcuxpressoide_10.0.2_411/ide/tools/bin/../lib/gcc/arm-none-eabi/5.4.1/../../../../arm-none-eabi/lib/armv7-m\libcr_c.a(fpprintf.o)
 .text.vsnprintf
                0x0000105c       0x5c c:/nxp/mcuxpressoide_10.0.2_411/ide/tools/bin/../lib/gcc/arm-none-eabi/5.4.1/../../../../arm-none-eabi/lib/armv7-m\libcr_c.a(fpprintf.o)
                0x0000105c                vsnprintf
 .text.printf   0x000010b8       0x54 c:/nxp/mcuxpressoide_10.0.2_411/ide/tools/bin/../lib/gcc/arm-none-eabi/5.4.1/../../../../arm-none-eabi/lib/armv7-m\libcr_c.a(fpprintf.o)
                0x000010b8                printf
 .text._initio  0x0000110c       0x78 c:/nxp/mcuxpressoide_10.0.2_411/ide/tools/bin/../lib/gcc/arm-none-eabi/5.4.1/../../../../arm-none-eabi/lib/armv7-m\libcr_c.a(initio.o)
                0x0000110c                _initio
 .text.__vfprintf
                0x00001184      0xd28 c:/nxp/mcuxpressoide_10.0.2_411/ide/tools/bin/../lib/gcc/arm-none-eabi/5.4.1/../../../../arm-none-eabi/lib/armv7-m\libcr_c.a(printf.o)
                0x00001184                __vfprintf
 .text.setvbuf  0x00001eac       0x44 c:/nxp/mcuxpressoide_10.0.2_411/ide/tools/bin/../lib/gcc/arm-none-eabi/5.4.1/../../../../arm-none-eabi/lib/armv7-m\libcr_c.a(setvbuf.o)
                0x00001eac                setvbuf
 .text.strlen   0x00001ef0       0x4a c:/nxp/mcuxpressoide_10.0.2_411/ide/tools/bin/../lib/gcc/arm-none-eabi/5.4.1/../../../../arm-none-eabi/lib/armv7-m\libcr_c.a(strlen.o)
                0x00001ef0                strlen
 .text.memset   0x00001f3a        0x4 c:/nxp/mcuxpressoide_10.0.2_411/ide/tools/bin/../lib/gcc/arm-none-eabi/5.4.1/../../../../arm-none-eabi/lib/armv7-m\libcr_c.a(memset.o)
                0x00001f3a                memset
 .text._deferredlazyseek
                0x00001f3e       0x40 c:/nxp/mcuxpressoide_10.0.2_411/ide/tools/bin/../lib/gcc/arm-none-eabi/5.4.1/../../../../arm-none-eabi/lib/armv7-m\libcr_c.a(_deferredlazyseek.o)
                0x00001f3e                _deferredlazyseek
 .text.__flsbuf
                0x00001f7e      0x13e c:/nxp/mcuxpressoide_10.0.2_411/ide/tools/bin/../lib/gcc/arm-none-eabi/5.4.1/../../../../arm-none-eabi/lib/armv7-m\libcr_c.a(_deferredlazyseek.o)
                0x00001f7e                __flsbuf
 .text._fdopen  0x000020bc       0x6a c:/nxp/mcuxpressoide_10.0.2_411/ide/tools/bin/../lib/gcc/arm-none-eabi/5.4.1/../../../../arm-none-eabi/lib/armv7-m\libcr_c.a(_fdopen.o)
                0x000020bc                _fdopen
 .text._fflush  0x00002126       0x54 c:/nxp/mcuxpressoide_10.0.2_411/ide/tools/bin/../lib/gcc/arm-none-eabi/5.4.1/../../../../arm-none-eabi/lib/armv7-m\libcr_c.a(_fflush.o)
                0x00002126                _fflush
 .text._frexpl  0x0000217a       0x5a c:/nxp/mcuxpressoide_10.0.2_411/ide/tools/bin/../lib/gcc/arm-none-eabi/5.4.1/../../../../arm-none-eabi/lib/armv7-m\libcr_c.a(_frexpl.o)
                0x0000217a                _frexpl
 .text._ldexpl  0x000021d4       0x4c c:/nxp/mcuxpressoide_10.0.2_411/ide/tools/bin/../lib/gcc/arm-none-eabi/5.4.1/../../../../arm-none-eabi/lib/armv7-m\libcr_c.a(_ldexpl.o)
                0x000021d4                _ldexpl
 .text._Cwritebuf
                0x00002220       0x68 c:/nxp/mcuxpressoide_10.0.2_411/ide/tools/bin/../lib/gcc/arm-none-eabi/5.4.1/../../../../arm-none-eabi/lib/armv7-m\libcr_c.a(_writebuf.o)
                0x00002220                _Cwritebuf
 .text.malloc   0x00002288       0xc8 c:/nxp/mcuxpressoide_10.0.2_411/ide/tools/bin/../lib/gcc/arm-none-eabi/5.4.1/../../../../arm-none-eabi/lib/armv7-m\libcr_c.a(alloc.o)
                0x00002288                malloc
 .text.free     0x00002350       0x30 c:/nxp/mcuxpressoide_10.0.2_411/ide/tools/bin/../lib/gcc/arm-none-eabi/5.4.1/../../../../arm-none-eabi/lib/armv7-m\libcr_c.a(alloc.o)
                0x00002350                free
 .text._Csys_alloc
                0x00002380       0x20 c:/nxp/mcuxpressoide_10.0.2_411/ide/tools/bin/../lib/gcc/arm-none-eabi/5.4.1/../../../../arm-none-eabi/lib/armv7-m\libcr_c.a(alloc.o)
                0x00002380                _Csys_alloc
 .text.fclose   0x000023a0       0x58 c:/nxp/mcuxpressoide_10.0.2_411/ide/tools/bin/../lib/gcc/arm-none-eabi/5.4.1/../../../../arm-none-eabi/lib/armv7-m\libcr_c.a(fclose.o)
                0x000023a0                fclose
 .text.fflush   0x000023f8       0x48 c:/nxp/mcuxpressoide_10.0.2_411/ide/tools/bin/../lib/gcc/arm-none-eabi/5.4.1/../../../../arm-none-eabi/lib/armv7-m\libcr_c.a(fflush.o)
                0x000023f8                fflush
 .text.fseek    0x00002440      0x100 c:/nxp/mcuxpressoide_10.0.2_411/ide/tools/bin/../lib/gcc/arm-none-eabi/5.4.1/../../../../arm-none-eabi/lib/armv7-m\libcr_c.a(fseek.o)
                0x00002440                fseek
 .text.ftell    0x00002540       0x48 c:/nxp/mcuxpressoide_10.0.2_411/ide/tools/bin/../lib/gcc/arm-none-eabi/5.4.1/../../../../arm-none-eabi/lib/armv7-m\libcr_c.a(ftell.o)
                0x00002540                ftell
 .text.remove   0x00002588       0x14 c:/nxp/mcuxpressoide_10.0.2_411/ide/tools/bin/../lib/gcc/arm-none-eabi/5.4.1/../../../../arm-none-eabi/lib/armv7-m\libcr_c.a(remove.o)
                0x00002588                remove
 .text._sbrk    0x0000259c       0x40 c:/nxp/mcuxpressoide_10.0.2_411/ide/tools/bin/../lib/gcc/arm-none-eabi/5.4.1/../../../../arm-none-eabi/lib/armv7-m\libcr_c.a(_cr_sbrk.o)
                0x0000259c                _sbrk
 .text._do_fflush
                0x000025dc       0x42 c:/nxp/mcuxpressoide_10.0.2_411/ide/tools/bin/../lib/gcc/arm-none-eabi/5.4.1/../../../../arm-none-eabi/lib/armv7-m\libcr_c.a(_do_fflush.o)
                0x000025dc                _do_fflush
 *fill*         0x0000261e        0x2 ff
 .text.__check_heap_overflow
                0x00002620       0x18 c:/nxp/mcuxpressoide_10.0.2_411/ide/tools/bin/../lib/gcc/arm-none-eabi/5.4.1/../../../../arm-none-eabi/lib/armv7-m\libcr_c.a(_cr_check_heap.o)
                0x00002620                __check_heap_overflow
 .text.__aeabi_dmul
                0x00002638      0x110 c:/nxp/mcuxpressoide_10.0.2_411/ide/tools/bin/../lib/gcc/arm-none-eabi/5.4.1/armv7-m\libcr_eabihelpers.a(double.o)
                0x00002638                __aeabi_dmul
 .text.__aeabi_ddiv
                0x00002748      0x138 c:/nxp/mcuxpressoide_10.0.2_411/ide/tools/bin/../lib/gcc/arm-none-eabi/5.4.1/armv7-m\libcr_eabihelpers.a(double.o)
                0x00002748                __aeabi_ddiv
 .text.__aeabi_dsub
                0x00002880      0x1a0 c:/nxp/mcuxpressoide_10.0.2_411/ide/tools/bin/../lib/gcc/arm-none-eabi/5.4.1/armv7-m\libcr_eabihelpers.a(double.o)
                0x00002880                __aeabi_dsub
 .text.__aeabi_dadd
                0x00002a20      0x10c c:/nxp/mcuxpressoide_10.0.2_411/ide/tools/bin/../lib/gcc/arm-none-eabi/5.4.1/armv7-m\libcr_eabihelpers.a(double.o)
                0x00002a20                __aeabi_dadd
 .text.__aeabi_d2f
                0x00002b2c       0x54 c:/nxp/mcuxpressoide_10.0.2_411/ide/tools/bin/../lib/gcc/arm-none-eabi/5.4.1/armv7-m\libcr_eabihelpers.a(double.o)
                0x00002b2c                __aeabi_d2f
 .text.__aeabi_d2iz
                0x00002b80       0x40 c:/nxp/mcuxpressoide_10.0.2_411/ide/tools/bin/../lib/gcc/arm-none-eabi/5.4.1/armv7-m\libcr_eabihelpers.a(double.o)
                0x00002b80                __aeabi_d2iz
 .text.__bhs_ui2d
                0x00002bc0       0x46 c:/nxp/mcuxpressoide_10.0.2_411/ide/tools/bin/../lib/gcc/arm-none-eabi/5.4.1/armv7-m\libcr_eabihelpers.a(double.o)
                0x00002bc0                __bhs_ui2d
 .text.__aeabi_i2d
                0x00002c06       0x10 c:/nxp/mcuxpressoide_10.0.2_411/ide/tools/bin/../lib/gcc/arm-none-eabi/5.4.1/armv7-m\libcr_eabihelpers.a(double.o)
                0x00002c06                __aeabi_i2d
 .text.__aeabi_dcmpeq
                0x00002c16       0x2c c:/nxp/mcuxpressoide_10.0.2_411/ide/tools/bin/../lib/gcc/arm-none-eabi/5.4.1/armv7-m\libcr_eabihelpers.a(double.o)
                0x00002c16                __aeabi_dcmpeq
 .text.__aeabi_dcmplt
                0x00002c42       0x54 c:/nxp/mcuxpressoide_10.0.2_411/ide/tools/bin/../lib/gcc/arm-none-eabi/5.4.1/armv7-m\libcr_eabihelpers.a(double.o)
                0x00002c42                __aeabi_dcmplt
 .text.__aeabi_dcmple
                0x00002c96       0x54 c:/nxp/mcuxpressoide_10.0.2_411/ide/tools/bin/../lib/gcc/arm-none-eabi/5.4.1/armv7-m\libcr_eabihelpers.a(double.o)
                0x00002c96                __aeabi_dcmple
 .text.__aeabi_dcmpge
                0x00002cea       0x54 c:/nxp/mcuxpressoide_10.0.2_411/ide/tools/bin/../lib/gcc/arm-none-eabi/5.4.1/armv7-m\libcr_eabihelpers.a(double.o)
                0x00002cea                __aeabi_dcmpge
 *fill*         0x00002d3e        0x2 ff
 .text.__aeabi_fmul
                0x00002d40       0xb0 c:/nxp/mcuxpressoide_10.0.2_411/ide/tools/bin/../lib/gcc/arm-none-eabi/5.4.1/armv7-m\libcr_eabihelpers.a(float.o)
                0x00002d40                __aeabi_fmul
 .text.__aeabi_f2iz
                0x00002df0       0x32 c:/nxp/mcuxpressoide_10.0.2_411/ide/tools/bin/../lib/gcc/arm-none-eabi/5.4.1/armv7-m\libcr_eabihelpers.a(float.o)
                0x00002df0                __aeabi_f2iz
 .text.__bhs_ui2f
                0x00002e22       0x26 c:/nxp/mcuxpressoide_10.0.2_411/ide/tools/bin/../lib/gcc/arm-none-eabi/5.4.1/armv7-m\libcr_eabihelpers.a(float.o)
                0x00002e22                __bhs_ui2f
 .text.__aeabi_i2f
                0x00002e48       0x10 c:/nxp/mcuxpressoide_10.0.2_411/ide/tools/bin/../lib/gcc/arm-none-eabi/5.4.1/armv7-m\libcr_eabihelpers.a(float.o)
                0x00002e48                __aeabi_i2f
 .text.__aeabi_f2d
                0x00002e58       0x38 c:/nxp/mcuxpressoide_10.0.2_411/ide/tools/bin/../lib/gcc/arm-none-eabi/5.4.1/armv7-m\libcr_eabihelpers.a(float.o)
                0x00002e58                __aeabi_f2d
 .text.__aeabi_memset_lowlevel
                0x00002e90       0x32 c:/nxp/mcuxpressoide_10.0.2_411/ide/tools/bin/../lib/gcc/arm-none-eabi/5.4.1/armv7-m\libcr_eabihelpers.a(memcpy.o)
                0x00002e90                __aeabi_lowlevel_memset
 *fill*         0x00002ec2        0x2 ff
 .text.__sys_appexit
                0x00002ec4        0xc c:/nxp/mcuxpressoide_10.0.2_411/ide/tools/bin/../lib/gcc/arm-none-eabi/5.4.1/../../../../arm-none-eabi/lib/armv7-m\libcr_semihost.a(__sys_appexit.o)
                0x00002ec4                __sys_appexit
                0x00002ec4                __exit
 .text.__sys_close
                0x00002ed0        0xc c:/nxp/mcuxpressoide_10.0.2_411/ide/tools/bin/../lib/gcc/arm-none-eabi/5.4.1/../../../../arm-none-eabi/lib/armv7-m\libcr_semihost.a(__sys_close.o)
                0x00002ed0                __sys_close
 .text.__sys_flen
                0x00002edc        0xc c:/nxp/mcuxpressoide_10.0.2_411/ide/tools/bin/../lib/gcc/arm-none-eabi/5.4.1/../../../../arm-none-eabi/lib/armv7-m\libcr_semihost.a(__sys_flen.o)
                0x00002edc                __sys_flen
 .text.__sys_istty
                0x00002ee8        0xc c:/nxp/mcuxpressoide_10.0.2_411/ide/tools/bin/../lib/gcc/arm-none-eabi/5.4.1/../../../../arm-none-eabi/lib/armv7-m\libcr_semihost.a(__sys_istty.o)
                0x00002ee8                __sys_istty
 .text.__sys_remove
                0x00002ef4        0xc c:/nxp/mcuxpressoide_10.0.2_411/ide/tools/bin/../lib/gcc/arm-none-eabi/5.4.1/../../../../arm-none-eabi/lib/armv7-m\libcr_semihost.a(__sys_remove.o)
                0x00002ef4                __sys_remove
 .text.__sys_seek
                0x00002f00        0xc c:/nxp/mcuxpressoide_10.0.2_411/ide/tools/bin/../lib/gcc/arm-none-eabi/5.4.1/../../../../arm-none-eabi/lib/armv7-m\libcr_semihost.a(__sys_seek.o)
                0x00002f00                __sys_seek
 .text.__sys_tmpnam
                0x00002f0c        0xc c:/nxp/mcuxpressoide_10.0.2_411/ide/tools/bin/../lib/gcc/arm-none-eabi/5.4.1/../../../../arm-none-eabi/lib/armv7-m\libcr_semihost.a(__sys_tmpnam.o)
                0x00002f0c                __sys_tmpnam
 *(.rodata .rodata.* .constdata .constdata.*)
 .rodata        0x00002f18       0x78 ./src/Example_2.o
 .rodata.str1.1
                0x00002f90       0x34 c:/nxp/mcuxpressoide_10.0.2_411/ide/tools/bin/../lib/gcc/arm-none-eabi/5.4.1/../../../../arm-none-eabi/lib/armv7-m\libcr_c.a(fpprintf.o)
                                 0x35 (size before relaxing)
 .rodata.str1.1
                0x00002fc4        0x4 c:/nxp/mcuxpressoide_10.0.2_411/ide/tools/bin/../lib/gcc/arm-none-eabi/5.4.1/../../../../arm-none-eabi/lib/armv7-m\libcr_c.a(initio.o)
 .rodata.str1.1
                0x00002fc8       0x31 c:/nxp/mcuxpressoide_10.0.2_411/ide/tools/bin/../lib/gcc/arm-none-eabi/5.4.1/../../../../arm-none-eabi/lib/armv7-m\libcr_c.a(printf.o)
                                 0x38 (size before relaxing)
 .rodata.str1.1
                0x00002ff9       0x18 c:/nxp/mcuxpressoide_10.0.2_411/ide/tools/bin/../lib/gcc/arm-none-eabi/5.4.1/../../../../arm-none-eabi/lib/armv7-m\libcr_c.a(alloc.o)
 *fill*         0x00003011        0x7 ff
 .rodata.__huge_vall
                0x00003018        0x8 c:/nxp/mcuxpressoide_10.0.2_411/ide/tools/bin/../lib/gcc/arm-none-eabi/5.4.1/../../../../arm-none-eabi/lib/armv7-m\libcr_c.a(_hugeval.o)
                0x00003018                __huge_vall
 .rodata.__num_Ciob_streams
                0x00003020        0x4 c:/nxp/mcuxpressoide_10.0.2_411/ide/tools/bin/../lib/gcc/arm-none-eabi/5.4.1/../../../../arm-none-eabi/lib/armv7-m\libcr_semihost.a(__ciob.o)
                0x00003020                __num_Ciob_streams
                0x00003024                . = ALIGN (0x4)

.glue_7         0x00003024        0x0
 .glue_7        0x00003024        0x0 linker stubs

.glue_7t        0x00003024        0x0
 .glue_7t       0x00003024        0x0 linker stubs

.vfp11_veneer   0x00003024        0x0
 .vfp11_veneer  0x00003024        0x0 linker stubs

.v4_bx          0x00003024        0x0
 .v4_bx         0x00003024        0x0 linker stubs

.iplt           0x00003024        0x0
 .iplt          0x00003024        0x0 ./src/Example_2.o

.rel.dyn        0x00003024        0x0
 .rel.iplt      0x00003024        0x0 ./src/Example_2.o

.ARM.extab
 *(.ARM.extab* .gnu.linkonce.armextab.*)
                0x00003024                __exidx_start = .

.ARM.exidx
 *(.ARM.exidx* .gnu.linkonce.armexidx.*)
                0x00003024                __exidx_end = .
                0x00003024                _etext = .

.uninit_RESERVED
                0x10000000        0x0
 *(.bss.$RESERVED*)
                0x10000000                . = ALIGN (0x4)
                0x10000000                _end_uninit_RESERVED = .

.data           0x10000000        0x0 load address 0x00003024
 FILL mask 0xff
                0x10000000                _data = .
 *(vtable)
 *(.ramfunc*)
 *(.data*)
                0x10000000                . = ALIGN (0x4)
                0x10000000                _edata = .

.igot.plt       0x10000000        0x0 load address 0x00003024
 .igot.plt      0x10000000        0x0 ./src/Example_2.o

.bss            0x10000000      0x1f0 load address 0x00003024
                0x10000000                _bss = .
 *(.bss*)
 .bss.AD0Result
                0x10000000        0x4 ./src/Example_2.o
                0x10000000                AD0Result
 .bss.errno     0x10000004        0x4 c:/nxp/mcuxpressoide_10.0.2_411/ide/tools/bin/../lib/gcc/arm-none-eabi/5.4.1/../../../../arm-none-eabi/lib/armv7-m\libcr_c.a(errno.o)
                0x10000004                errno
 .bss.__heaps   0x10000008        0x4 c:/nxp/mcuxpressoide_10.0.2_411/ide/tools/bin/../lib/gcc/arm-none-eabi/5.4.1/../../../../arm-none-eabi/lib/armv7-m\libcr_c.a(__init_alloc.o)
                0x10000008                __heaps
 .bss.__end_of_heap
                0x1000000c        0x4 c:/nxp/mcuxpressoide_10.0.2_411/ide/tools/bin/../lib/gcc/arm-none-eabi/5.4.1/../../../../arm-none-eabi/lib/armv7-m\libcr_c.a(__init_alloc.o)
                0x1000000c                __end_of_heap
 .bss.__Ciob    0x10000010      0x1e0 c:/nxp/mcuxpressoide_10.0.2_411/ide/tools/bin/../lib/gcc/arm-none-eabi/5.4.1/../../../../arm-none-eabi/lib/armv7-m\libcr_semihost.a(__ciob.o)
                0x10000010                __Ciob
 *(COMMON)
                0x100001f0                . = ALIGN (0x4)
                0x100001f0                _ebss = .
                [!provide]                PROVIDE (end, .)

.noinit         0x100001f0        0x0 load address 0x00003024
                0x100001f0                _noinit = .
 *(.noinit*)
                0x100001f0                . = ALIGN (0x4)
                0x100001f0                _end_noinit = .
                0x100001f0                PROVIDE (_pvHeapStart, DEFINED (__user_heap_base)?__user_heap_base:.)
                0x10002000                PROVIDE (_vStackTop, DEFINED (__user_stack_top)?__user_stack_top:(__top_RamLoc8 - 0x0))
                0xefffd2b2                PROVIDE (__valid_user_code_checksum, (0x0 - ((((((_vStackTop + (ResetISR + 0x1)) + (NMI_Handler + 0x1)) + (HardFault_Handler + 0x1)) + (DEFINED (MemManage_Handler)?MemManage_Handler:0x0 + 0x1)) + (DEFINED (BusFault_Handler)?BusFault_Handler:0x0 + 0x1)) + (DEFINED (UsageFault_Handler)?UsageFault_Handler:0x0 + 0x1))))
OUTPUT(Example_2.axf elf32-littlearm)

.debug_info     0x00000000     0x1ea9
 .debug_info    0x00000000      0xc2d ./src/Example_2.o
 .debug_info    0x00000c2d      0x273 ./src/cr_startup_lpc13xx.o
 .debug_info    0x00000ea0       0x3f ./src/crp.o
 .debug_info    0x00000edf      0xad8 ./src/ocf_lpc134x_lib.o
 .debug_info    0x000019b7      0x4f2 Y:\GitHub\LPC1343-Tutorial-Examples\MCUXpresso\ADC\CMSIS_CORE_LPC13xx\Debug\libCMSIS_CORE_LPC13xx.a(system_LPC13xx.o)

.debug_abbrev   0x00000000      0x624
 .debug_abbrev  0x00000000      0x200 ./src/Example_2.o
 .debug_abbrev  0x00000200      0x134 ./src/cr_startup_lpc13xx.o
 .debug_abbrev  0x00000334       0x36 ./src/crp.o
 .debug_abbrev  0x0000036a      0x19a ./src/ocf_lpc134x_lib.o
 .debug_abbrev  0x00000504      0x120 Y:\GitHub\LPC1343-Tutorial-Examples\MCUXpresso\ADC\CMSIS_CORE_LPC13xx\Debug\libCMSIS_CORE_LPC13xx.a(system_LPC13xx.o)

.debug_aranges  0x00000000      0x130
 .debug_aranges
                0x00000000       0x30 ./src/Example_2.o
 .debug_aranges
                0x00000030       0x80 ./src/cr_startup_lpc13xx.o
 .debug_aranges
                0x000000b0       0x18 ./src/crp.o
 .debug_aranges
                0x000000c8       0x40 ./src/ocf_lpc134x_lib.o
 .debug_aranges
                0x00000108       0x28 Y:\GitHub\LPC1343-Tutorial-Examples\MCUXpresso\ADC\CMSIS_CORE_LPC13xx\Debug\libCMSIS_CORE_LPC13xx.a(system_LPC13xx.o)

.debug_ranges   0x00000000       0xd8
 .debug_ranges  0x00000000       0x20 ./src/Example_2.o
 .debug_ranges  0x00000020       0x70 ./src/cr_startup_lpc13xx.o
 .debug_ranges  0x00000090       0x30 ./src/ocf_lpc134x_lib.o
 .debug_ranges  0x000000c0       0x18 Y:\GitHub\LPC1343-Tutorial-Examples\MCUXpresso\ADC\CMSIS_CORE_LPC13xx\Debug\libCMSIS_CORE_LPC13xx.a(system_LPC13xx.o)

.debug_macro    0x00000000     0x2ab7
 .debug_macro   0x00000000       0xca ./src/Example_2.o
 .debug_macro   0x000000ca      0x88c ./src/Example_2.o
 .debug_macro   0x00000956       0x1c ./src/Example_2.o
 .debug_macro   0x00000972       0x3a ./src/Example_2.o
 .debug_macro   0x000009ac       0x10 ./src/Example_2.o
 .debug_macro   0x000009bc      0x12d ./src/Example_2.o
 .debug_macro   0x00000ae9      0x5b2 ./src/Example_2.o
 .debug_macro   0x0000109b       0x2d ./src/Example_2.o
 .debug_macro   0x000010c8      0xbb1 ./src/Example_2.o
 .debug_macro   0x00001c79      0x131 ./src/Example_2.o
 .debug_macro   0x00001daa       0xa0 ./src/Example_2.o
 .debug_macro   0x00001e4a       0x40 ./src/Example_2.o
 .debug_macro   0x00001e8a       0x1d ./src/cr_startup_lpc13xx.o
 .debug_macro   0x00001ea7       0x1a ./src/crp.o
 .debug_macro   0x00001ec1       0x34 ./src/crp.o
 .debug_macro   0x00001ef5       0xa0 ./src/ocf_lpc134x_lib.o
 .debug_macro   0x00001f95      0x149 Y:\GitHub\LPC1343-Tutorial-Examples\MCUXpresso\ADC\CMSIS_CORE_LPC13xx\Debug\libCMSIS_CORE_LPC13xx.a(system_LPC13xx.o)
 .debug_macro   0x000020de      0x88c Y:\GitHub\LPC1343-Tutorial-Examples\MCUXpresso\ADC\CMSIS_CORE_LPC13xx\Debug\libCMSIS_CORE_LPC13xx.a(system_LPC13xx.o)
 .debug_macro   0x0000296a       0x1c Y:\GitHub\LPC1343-Tutorial-Examples\MCUXpresso\ADC\CMSIS_CORE_LPC13xx\Debug\libCMSIS_CORE_LPC13xx.a(system_LPC13xx.o)
 .debug_macro   0x00002986      0x131 Y:\GitHub\LPC1343-Tutorial-Examples\MCUXpresso\ADC\CMSIS_CORE_LPC13xx\Debug\libCMSIS_CORE_LPC13xx.a(system_LPC13xx.o)

.debug_line     0x00000000      0x79a
 .debug_line    0x00000000      0x202 ./src/Example_2.o
 .debug_line    0x00000202       0xd4 ./src/cr_startup_lpc13xx.o
 .debug_line    0x000002d6       0x75 ./src/crp.o
 .debug_line    0x0000034b      0x240 ./src/ocf_lpc134x_lib.o
 .debug_line    0x0000058b      0x20f Y:\GitHub\LPC1343-Tutorial-Examples\MCUXpresso\ADC\CMSIS_CORE_LPC13xx\Debug\libCMSIS_CORE_LPC13xx.a(system_LPC13xx.o)

.debug_str      0x00000000     0x9ef4
 .debug_str     0x00000000     0x96ab ./src/Example_2.o
                               0x9755 (size before relaxing)
 .debug_str     0x000096ab      0x1bf ./src/cr_startup_lpc13xx.o
                               0x26c1 (size before relaxing)
 .debug_str     0x0000986a       0xe9 ./src/crp.o
                               0x25d0 (size before relaxing)
 .debug_str     0x00009953       0xe9 ./src/ocf_lpc134x_lib.o
                               0x9355 (size before relaxing)
 .debug_str     0x00009a3c      0x4b8 Y:\GitHub\LPC1343-Tutorial-Examples\MCUXpresso\ADC\CMSIS_CORE_LPC13xx\Debug\libCMSIS_CORE_LPC13xx.a(system_LPC13xx.o)
                               0x9124 (size before relaxing)

.comment        0x00000000       0x6e
 .comment       0x00000000       0x6e ./src/Example_2.o
                                 0x6f (size before relaxing)
 .comment       0x0000006e       0x6f ./src/cr_startup_lpc13xx.o
 .comment       0x0000006e       0x6f ./src/crp.o
 .comment       0x0000006e       0x6f ./src/ocf_lpc134x_lib.o
 .comment       0x0000006e       0x6f Y:\GitHub\LPC1343-Tutorial-Examples\MCUXpresso\ADC\CMSIS_CORE_LPC13xx\Debug\libCMSIS_CORE_LPC13xx.a(system_LPC13xx.o)
 .comment       0x0000006e       0x6f c:/nxp/mcuxpressoide_10.0.2_411/ide/tools/bin/../lib/gcc/arm-none-eabi/5.4.1/../../../../arm-none-eabi/lib/armv7-m\libcr_semihost.a(_cr__main.o)
 .comment       0x0000006e       0x6f c:/nxp/mcuxpressoide_10.0.2_411/ide/tools/bin/../lib/gcc/arm-none-eabi/5.4.1/../../../../arm-none-eabi/lib/armv7-m\libcr_c.a(fpprintf.o)
 .comment       0x0000006e       0x6f c:/nxp/mcuxpressoide_10.0.2_411/ide/tools/bin/../lib/gcc/arm-none-eabi/5.4.1/../../../../arm-none-eabi/lib/armv7-m\libcr_c.a(initio.o)
 .comment       0x0000006e       0x6f c:/nxp/mcuxpressoide_10.0.2_411/ide/tools/bin/../lib/gcc/arm-none-eabi/5.4.1/../../../../arm-none-eabi/lib/armv7-m\libcr_c.a(printf.o)
 .comment       0x0000006e       0x6f c:/nxp/mcuxpressoide_10.0.2_411/ide/tools/bin/../lib/gcc/arm-none-eabi/5.4.1/../../../../arm-none-eabi/lib/armv7-m\libcr_c.a(setvbuf.o)
 .comment       0x0000006e       0x6f c:/nxp/mcuxpressoide_10.0.2_411/ide/tools/bin/../lib/gcc/arm-none-eabi/5.4.1/../../../../arm-none-eabi/lib/armv7-m\libcr_c.a(strlen.o)
 .comment       0x0000006e       0x6f c:/nxp/mcuxpressoide_10.0.2_411/ide/tools/bin/../lib/gcc/arm-none-eabi/5.4.1/../../../../arm-none-eabi/lib/armv7-m\libcr_c.a(memset.o)
 .comment       0x0000006e       0x6f c:/nxp/mcuxpressoide_10.0.2_411/ide/tools/bin/../lib/gcc/arm-none-eabi/5.4.1/../../../../arm-none-eabi/lib/armv7-m\libcr_c.a(_deferredlazyseek.o)
 .comment       0x0000006e       0x6f c:/nxp/mcuxpressoide_10.0.2_411/ide/tools/bin/../lib/gcc/arm-none-eabi/5.4.1/../../../../arm-none-eabi/lib/armv7-m\libcr_c.a(_fdopen.o)
 .comment       0x0000006e       0x6f c:/nxp/mcuxpressoide_10.0.2_411/ide/tools/bin/../lib/gcc/arm-none-eabi/5.4.1/../../../../arm-none-eabi/lib/armv7-m\libcr_c.a(_fflush.o)
 .comment       0x0000006e       0x6f c:/nxp/mcuxpressoide_10.0.2_411/ide/tools/bin/../lib/gcc/arm-none-eabi/5.4.1/../../../../arm-none-eabi/lib/armv7-m\libcr_c.a(_frexpl.o)
 .comment       0x0000006e       0x6f c:/nxp/mcuxpressoide_10.0.2_411/ide/tools/bin/../lib/gcc/arm-none-eabi/5.4.1/../../../../arm-none-eabi/lib/armv7-m\libcr_c.a(_ldexpl.o)
 .comment       0x0000006e       0x6f c:/nxp/mcuxpressoide_10.0.2_411/ide/tools/bin/../lib/gcc/arm-none-eabi/5.4.1/../../../../arm-none-eabi/lib/armv7-m\libcr_c.a(_writebuf.o)
 .comment       0x0000006e       0x6f c:/nxp/mcuxpressoide_10.0.2_411/ide/tools/bin/../lib/gcc/arm-none-eabi/5.4.1/../../../../arm-none-eabi/lib/armv7-m\libcr_c.a(alloc.o)
 .comment       0x0000006e       0x6f c:/nxp/mcuxpressoide_10.0.2_411/ide/tools/bin/../lib/gcc/arm-none-eabi/5.4.1/../../../../arm-none-eabi/lib/armv7-m\libcr_c.a(errno.o)
 .comment       0x0000006e       0x6f c:/nxp/mcuxpressoide_10.0.2_411/ide/tools/bin/../lib/gcc/arm-none-eabi/5.4.1/../../../../arm-none-eabi/lib/armv7-m\libcr_c.a(fclose.o)
 .comment       0x0000006e       0x6f c:/nxp/mcuxpressoide_10.0.2_411/ide/tools/bin/../lib/gcc/arm-none-eabi/5.4.1/../../../../arm-none-eabi/lib/armv7-m\libcr_c.a(fflush.o)
 .comment       0x0000006e       0x6f c:/nxp/mcuxpressoide_10.0.2_411/ide/tools/bin/../lib/gcc/arm-none-eabi/5.4.1/../../../../arm-none-eabi/lib/armv7-m\libcr_c.a(fseek.o)
 .comment       0x0000006e       0x6f c:/nxp/mcuxpressoide_10.0.2_411/ide/tools/bin/../lib/gcc/arm-none-eabi/5.4.1/../../../../arm-none-eabi/lib/armv7-m\libcr_c.a(ftell.o)
 .comment       0x0000006e       0x6f c:/nxp/mcuxpressoide_10.0.2_411/ide/tools/bin/../lib/gcc/arm-none-eabi/5.4.1/../../../../arm-none-eabi/lib/armv7-m\libcr_c.a(remove.o)
 .comment       0x0000006e       0x6f c:/nxp/mcuxpressoide_10.0.2_411/ide/tools/bin/../lib/gcc/arm-none-eabi/5.4.1/../../../../arm-none-eabi/lib/armv7-m\libcr_c.a(__init_alloc.o)
 .comment       0x0000006e       0x6f c:/nxp/mcuxpressoide_10.0.2_411/ide/tools/bin/../lib/gcc/arm-none-eabi/5.4.1/../../../../arm-none-eabi/lib/armv7-m\libcr_c.a(_cr_sbrk.o)
 .comment       0x0000006e       0x6f c:/nxp/mcuxpressoide_10.0.2_411/ide/tools/bin/../lib/gcc/arm-none-eabi/5.4.1/../../../../arm-none-eabi/lib/armv7-m\libcr_c.a(_do_fflush.o)
 .comment       0x0000006e       0x6f c:/nxp/mcuxpressoide_10.0.2_411/ide/tools/bin/../lib/gcc/arm-none-eabi/5.4.1/../../../../arm-none-eabi/lib/armv7-m\libcr_c.a(_hugeval.o)
 .comment       0x0000006e       0x6f c:/nxp/mcuxpressoide_10.0.2_411/ide/tools/bin/../lib/gcc/arm-none-eabi/5.4.1/../../../../arm-none-eabi/lib/armv7-m\libcr_c.a(_cr_check_heap.o)
 .comment       0x0000006e       0x6f c:/nxp/mcuxpressoide_10.0.2_411/ide/tools/bin/../lib/gcc/arm-none-eabi/5.4.1/armv7-m\libcr_eabihelpers.a(double.o)
 .comment       0x0000006e       0x6f c:/nxp/mcuxpressoide_10.0.2_411/ide/tools/bin/../lib/gcc/arm-none-eabi/5.4.1/armv7-m\libcr_eabihelpers.a(float.o)
 .comment       0x0000006e       0x6f c:/nxp/mcuxpressoide_10.0.2_411/ide/tools/bin/../lib/gcc/arm-none-eabi/5.4.1/../../../../arm-none-eabi/lib/armv7-m\libcr_semihost.a(__ciob.o)

.ARM.attributes
                0x00000000       0x31
 .ARM.attributes
                0x00000000       0x33 ./src/Example_2.o
 .ARM.attributes
                0x00000033       0x33 ./src/cr_startup_lpc13xx.o
 .ARM.attributes
                0x00000066       0x33 ./src/crp.o
 .ARM.attributes
                0x00000099       0x33 ./src/ocf_lpc134x_lib.o
 .ARM.attributes
                0x000000cc       0x33 Y:\GitHub\LPC1343-Tutorial-Examples\MCUXpresso\ADC\CMSIS_CORE_LPC13xx\Debug\libCMSIS_CORE_LPC13xx.a(system_LPC13xx.o)
 .ARM.attributes
                0x000000ff       0x33 c:/nxp/mcuxpressoide_10.0.2_411/ide/tools/bin/../lib/gcc/arm-none-eabi/5.4.1/../../../../arm-none-eabi/lib/armv7-m\libcr_semihost.a(_cr__main.o)
 .ARM.attributes
                0x00000132       0x33 c:/nxp/mcuxpressoide_10.0.2_411/ide/tools/bin/../lib/gcc/arm-none-eabi/5.4.1/../../../../arm-none-eabi/lib/armv7-m\libcr_c.a(fpprintf.o)
 .ARM.attributes
                0x00000165       0x33 c:/nxp/mcuxpressoide_10.0.2_411/ide/tools/bin/../lib/gcc/arm-none-eabi/5.4.1/../../../../arm-none-eabi/lib/armv7-m\libcr_c.a(initio.o)
 .ARM.attributes
                0x00000198       0x33 c:/nxp/mcuxpressoide_10.0.2_411/ide/tools/bin/../lib/gcc/arm-none-eabi/5.4.1/../../../../arm-none-eabi/lib/armv7-m\libcr_c.a(printf.o)
 .ARM.attributes
                0x000001cb       0x33 c:/nxp/mcuxpressoide_10.0.2_411/ide/tools/bin/../lib/gcc/arm-none-eabi/5.4.1/../../../../arm-none-eabi/lib/armv7-m\libcr_c.a(setvbuf.o)
 .ARM.attributes
                0x000001fe       0x33 c:/nxp/mcuxpressoide_10.0.2_411/ide/tools/bin/../lib/gcc/arm-none-eabi/5.4.1/../../../../arm-none-eabi/lib/armv7-m\libcr_c.a(strlen.o)
 .ARM.attributes
                0x00000231       0x33 c:/nxp/mcuxpressoide_10.0.2_411/ide/tools/bin/../lib/gcc/arm-none-eabi/5.4.1/../../../../arm-none-eabi/lib/armv7-m\libcr_c.a(memset.o)
 .ARM.attributes
                0x00000264       0x33 c:/nxp/mcuxpressoide_10.0.2_411/ide/tools/bin/../lib/gcc/arm-none-eabi/5.4.1/../../../../arm-none-eabi/lib/armv7-m\libcr_c.a(_deferredlazyseek.o)
 .ARM.attributes
                0x00000297       0x33 c:/nxp/mcuxpressoide_10.0.2_411/ide/tools/bin/../lib/gcc/arm-none-eabi/5.4.1/../../../../arm-none-eabi/lib/armv7-m\libcr_c.a(_fdopen.o)
 .ARM.attributes
                0x000002ca       0x33 c:/nxp/mcuxpressoide_10.0.2_411/ide/tools/bin/../lib/gcc/arm-none-eabi/5.4.1/../../../../arm-none-eabi/lib/armv7-m\libcr_c.a(_fflush.o)
 .ARM.attributes
                0x000002fd       0x33 c:/nxp/mcuxpressoide_10.0.2_411/ide/tools/bin/../lib/gcc/arm-none-eabi/5.4.1/../../../../arm-none-eabi/lib/armv7-m\libcr_c.a(_frexpl.o)
 .ARM.attributes
                0x00000330       0x33 c:/nxp/mcuxpressoide_10.0.2_411/ide/tools/bin/../lib/gcc/arm-none-eabi/5.4.1/../../../../arm-none-eabi/lib/armv7-m\libcr_c.a(_ldexpl.o)
 .ARM.attributes
                0x00000363       0x33 c:/nxp/mcuxpressoide_10.0.2_411/ide/tools/bin/../lib/gcc/arm-none-eabi/5.4.1/../../../../arm-none-eabi/lib/armv7-m\libcr_c.a(_writebuf.o)
 .ARM.attributes
                0x00000396       0x33 c:/nxp/mcuxpressoide_10.0.2_411/ide/tools/bin/../lib/gcc/arm-none-eabi/5.4.1/../../../../arm-none-eabi/lib/armv7-m\libcr_c.a(alloc.o)
 .ARM.attributes
                0x000003c9       0x33 c:/nxp/mcuxpressoide_10.0.2_411/ide/tools/bin/../lib/gcc/arm-none-eabi/5.4.1/../../../../arm-none-eabi/lib/armv7-m\libcr_c.a(errno.o)
 .ARM.attributes
                0x000003fc       0x33 c:/nxp/mcuxpressoide_10.0.2_411/ide/tools/bin/../lib/gcc/arm-none-eabi/5.4.1/../../../../arm-none-eabi/lib/armv7-m\libcr_c.a(fclose.o)
 .ARM.attributes
                0x0000042f       0x33 c:/nxp/mcuxpressoide_10.0.2_411/ide/tools/bin/../lib/gcc/arm-none-eabi/5.4.1/../../../../arm-none-eabi/lib/armv7-m\libcr_c.a(fflush.o)
 .ARM.attributes
                0x00000462       0x33 c:/nxp/mcuxpressoide_10.0.2_411/ide/tools/bin/../lib/gcc/arm-none-eabi/5.4.1/../../../../arm-none-eabi/lib/armv7-m\libcr_c.a(fseek.o)
 .ARM.attributes
                0x00000495       0x33 c:/nxp/mcuxpressoide_10.0.2_411/ide/tools/bin/../lib/gcc/arm-none-eabi/5.4.1/../../../../arm-none-eabi/lib/armv7-m\libcr_c.a(ftell.o)
 .ARM.attributes
                0x000004c8       0x33 c:/nxp/mcuxpressoide_10.0.2_411/ide/tools/bin/../lib/gcc/arm-none-eabi/5.4.1/../../../../arm-none-eabi/lib/armv7-m\libcr_c.a(remove.o)
 .ARM.attributes
                0x000004fb       0x33 c:/nxp/mcuxpressoide_10.0.2_411/ide/tools/bin/../lib/gcc/arm-none-eabi/5.4.1/../../../../arm-none-eabi/lib/armv7-m\libcr_c.a(__init_alloc.o)
 .ARM.attributes
                0x0000052e       0x33 c:/nxp/mcuxpressoide_10.0.2_411/ide/tools/bin/../lib/gcc/arm-none-eabi/5.4.1/../../../../arm-none-eabi/lib/armv7-m\libcr_c.a(_cr_sbrk.o)
 .ARM.attributes
                0x00000561       0x33 c:/nxp/mcuxpressoide_10.0.2_411/ide/tools/bin/../lib/gcc/arm-none-eabi/5.4.1/../../../../arm-none-eabi/lib/armv7-m\libcr_c.a(_do_fflush.o)
 .ARM.attributes
                0x00000594       0x33 c:/nxp/mcuxpressoide_10.0.2_411/ide/tools/bin/../lib/gcc/arm-none-eabi/5.4.1/../../../../arm-none-eabi/lib/armv7-m\libcr_c.a(_hugeval.o)
 .ARM.attributes
                0x000005c7       0x33 c:/nxp/mcuxpressoide_10.0.2_411/ide/tools/bin/../lib/gcc/arm-none-eabi/5.4.1/../../../../arm-none-eabi/lib/armv7-m\libcr_c.a(_cr_check_heap.o)
 .ARM.attributes
                0x000005fa       0x33 c:/nxp/mcuxpressoide_10.0.2_411/ide/tools/bin/../lib/gcc/arm-none-eabi/5.4.1/armv7-m\libcr_eabihelpers.a(double.o)
 .ARM.attributes
                0x0000062d       0x33 c:/nxp/mcuxpressoide_10.0.2_411/ide/tools/bin/../lib/gcc/arm-none-eabi/5.4.1/armv7-m\libcr_eabihelpers.a(float.o)
 .ARM.attributes
                0x00000660       0x21 c:/nxp/mcuxpressoide_10.0.2_411/ide/tools/bin/../lib/gcc/arm-none-eabi/5.4.1/armv7-m\libcr_eabihelpers.a(memcpy.o)
 .ARM.attributes
                0x00000681       0x33 c:/nxp/mcuxpressoide_10.0.2_411/ide/tools/bin/../lib/gcc/arm-none-eabi/5.4.1/../../../../arm-none-eabi/lib/armv7-m\libcr_semihost.a(__ciob.o)
 .ARM.attributes
                0x000006b4       0x21 c:/nxp/mcuxpressoide_10.0.2_411/ide/tools/bin/../lib/gcc/arm-none-eabi/5.4.1/../../../../arm-none-eabi/lib/armv7-m\libcr_semihost.a(__sys_appexit.o)
 .ARM.attributes
                0x000006d5       0x21 c:/nxp/mcuxpressoide_10.0.2_411/ide/tools/bin/../lib/gcc/arm-none-eabi/5.4.1/../../../../arm-none-eabi/lib/armv7-m\libcr_semihost.a(__sys_close.o)
 .ARM.attributes
                0x000006f6       0x21 c:/nxp/mcuxpressoide_10.0.2_411/ide/tools/bin/../lib/gcc/arm-none-eabi/5.4.1/../../../../arm-none-eabi/lib/armv7-m\libcr_semihost.a(__sys_flen.o)
 .ARM.attributes
                0x00000717       0x21 c:/nxp/mcuxpressoide_10.0.2_411/ide/tools/bin/../lib/gcc/arm-none-eabi/5.4.1/../../../../arm-none-eabi/lib/armv7-m\libcr_semihost.a(__sys_istty.o)
 .ARM.attributes
                0x00000738       0x21 c:/nxp/mcuxpressoide_10.0.2_411/ide/tools/bin/../lib/gcc/arm-none-eabi/5.4.1/../../../../arm-none-eabi/lib/armv7-m\libcr_semihost.a(__sys_remove.o)
 .ARM.attributes
                0x00000759       0x21 c:/nxp/mcuxpressoide_10.0.2_411/ide/tools/bin/../lib/gcc/arm-none-eabi/5.4.1/../../../../arm-none-eabi/lib/armv7-m\libcr_semihost.a(__sys_seek.o)
 .ARM.attributes
                0x0000077a       0x21 c:/nxp/mcuxpressoide_10.0.2_411/ide/tools/bin/../lib/gcc/arm-none-eabi/5.4.1/../../../../arm-none-eabi/lib/armv7-m\libcr_semihost.a(__sys_tmpnam.o)

.debug_frame    0x00000000      0x2e4
 .debug_frame   0x00000000       0x80 ./src/Example_2.o
 .debug_frame   0x00000080      0x170 ./src/cr_startup_lpc13xx.o
 .debug_frame   0x000001f0       0xc4 ./src/ocf_lpc134x_lib.o
 .debug_frame   0x000002b4       0x30 Y:\GitHub\LPC1343-Tutorial-Examples\MCUXpresso\ADC\CMSIS_CORE_LPC13xx\Debug\libCMSIS_CORE_LPC13xx.a(system_LPC13xx.o)

.debug_loc      0x00000000       0x84
 .debug_loc     0x00000000       0x84 Y:\GitHub\LPC1343-Tutorial-Examples\MCUXpresso\ADC\CMSIS_CORE_LPC13xx\Debug\libCMSIS_CORE_LPC13xx.a(system_LPC13xx.o)
