Archive member included to satisfy reference by file (symbol)

y:/gnu tools arm embedded/5.4 2016q3/bin/../lib/gcc/arm-none-eabi/5.4.1/armv7-m\libgcc.a(_arm_addsubdf3.o)
                              ..\obj\main.o (__aeabi_f2d)
y:/gnu tools arm embedded/5.4 2016q3/bin/../lib/gcc/arm-none-eabi/5.4.1/armv7-m\libgcc.a(_arm_muldivdf3.o)
                              ..\obj\main.o (__aeabi_dmul)
y:/gnu tools arm embedded/5.4 2016q3/bin/../lib/gcc/arm-none-eabi/5.4.1/armv7-m\libgcc.a(_arm_truncdfsf2.o)
                              ..\obj\main.o (__aeabi_d2f)
y:/gnu tools arm embedded/5.4 2016q3/bin/../lib/gcc/arm-none-eabi/5.4.1/armv7-m\libgcc.a(_arm_addsubsf3.o)
                              ..\obj\main.o (__aeabi_ui2f)
y:/gnu tools arm embedded/5.4 2016q3/bin/../lib/gcc/arm-none-eabi/5.4.1/armv7-m\libgcc.a(_arm_muldivsf3.o)
                              ..\obj\main.o (__aeabi_fmul)
y:/gnu tools arm embedded/5.4 2016q3/bin/../lib/gcc/arm-none-eabi/5.4.1/armv7-m\libgcc.a(_arm_fixsfsi.o)
                              ..\obj\main.o (__aeabi_f2iz)

Discarded input sections

 .text          0x00000000        0x0 ..\obj\ocf_lpc134x_lib.o
 .data          0x00000000        0x0 ..\obj\ocf_lpc134x_lib.o
 .bss           0x00000000        0x0 ..\obj\ocf_lpc134x_lib.o
 .text          0x00000000        0x0 ..\obj\system_LPC13xx.o
 .bss           0x00000000        0x0 ..\obj\system_LPC13xx.o
 .text          0x00000000        0x0 ..\obj\main.o
 .data          0x00000000        0x0 ..\obj\main.o
 .bss           0x00000000        0x0 ..\obj\main.o
 .text          0x00000000        0x0 ..\obj\printf.o
 .bss           0x00000000        0x0 ..\obj\printf.o
 .text.snprintf
                0x00000000       0x30 ..\obj\printf.o
 .text.fprintf  0x00000000       0x2c ..\obj\printf.o
 .text.sprintf  0x00000000       0x2c ..\obj\printf.o
 .text.puts     0x00000000       0x24 ..\obj\printf.o
 .text          0x00000000        0x0 ..\obj\startup_lpc13xx.o
 .data          0x00000000        0x0 ..\obj\startup_lpc13xx.o
 .bss           0x00000000        0x0 ..\obj\startup_lpc13xx.o
 .data          0x00000000        0x0 y:/gnu tools arm embedded/5.4 2016q3/bin/../lib/gcc/arm-none-eabi/5.4.1/armv7-m\libgcc.a(_arm_addsubdf3.o)
 .bss           0x00000000        0x0 y:/gnu tools arm embedded/5.4 2016q3/bin/../lib/gcc/arm-none-eabi/5.4.1/armv7-m\libgcc.a(_arm_addsubdf3.o)
 .data          0x00000000        0x0 y:/gnu tools arm embedded/5.4 2016q3/bin/../lib/gcc/arm-none-eabi/5.4.1/armv7-m\libgcc.a(_arm_muldivdf3.o)
 .bss           0x00000000        0x0 y:/gnu tools arm embedded/5.4 2016q3/bin/../lib/gcc/arm-none-eabi/5.4.1/armv7-m\libgcc.a(_arm_muldivdf3.o)
 .data          0x00000000        0x0 y:/gnu tools arm embedded/5.4 2016q3/bin/../lib/gcc/arm-none-eabi/5.4.1/armv7-m\libgcc.a(_arm_truncdfsf2.o)
 .bss           0x00000000        0x0 y:/gnu tools arm embedded/5.4 2016q3/bin/../lib/gcc/arm-none-eabi/5.4.1/armv7-m\libgcc.a(_arm_truncdfsf2.o)
 .data          0x00000000        0x0 y:/gnu tools arm embedded/5.4 2016q3/bin/../lib/gcc/arm-none-eabi/5.4.1/armv7-m\libgcc.a(_arm_addsubsf3.o)
 .bss           0x00000000        0x0 y:/gnu tools arm embedded/5.4 2016q3/bin/../lib/gcc/arm-none-eabi/5.4.1/armv7-m\libgcc.a(_arm_addsubsf3.o)
 .data          0x00000000        0x0 y:/gnu tools arm embedded/5.4 2016q3/bin/../lib/gcc/arm-none-eabi/5.4.1/armv7-m\libgcc.a(_arm_muldivsf3.o)
 .bss           0x00000000        0x0 y:/gnu tools arm embedded/5.4 2016q3/bin/../lib/gcc/arm-none-eabi/5.4.1/armv7-m\libgcc.a(_arm_muldivsf3.o)
 .data          0x00000000        0x0 y:/gnu tools arm embedded/5.4 2016q3/bin/../lib/gcc/arm-none-eabi/5.4.1/armv7-m\libgcc.a(_arm_fixsfsi.o)
 .bss           0x00000000        0x0 y:/gnu tools arm embedded/5.4 2016q3/bin/../lib/gcc/arm-none-eabi/5.4.1/armv7-m\libgcc.a(_arm_fixsfsi.o)

Memory Configuration

Name             Origin             Length             Attributes
rom              0x00000000         0x00008000         xr
ram              0x10000000         0x00002000         xrw
*default*        0x00000000         0xffffffff

Linker script and memory map

                0x10002000                _eram = 0x10002000

.text           0x00000000     0x1b74
 *(.isr_vector)
 .isr_vector    0x00000000      0x124 ..\obj\startup_lpc13xx.o
                0x00000000                g_pfnVectors
 *(.text*)
 .text.initUART
                0x00000124       0x70 ..\obj\ocf_lpc134x_lib.o
                0x00000124                initUART
 .text.initTimer0
                0x00000194       0x3c ..\obj\ocf_lpc134x_lib.o
                0x00000194                initTimer0
 .text.delayMS  0x000001d0       0x34 ..\obj\ocf_lpc134x_lib.o
                0x000001d0                delayMS
 .text.uartWrite
                0x00000204       0x2c ..\obj\ocf_lpc134x_lib.o
                0x00000204                uartWrite
 .text.SystemInit
                0x00000230      0x37c ..\obj\system_LPC13xx.o
                0x00000230                SystemInit
 *fill*         0x000005ac        0x4 
 .text.main     0x000005b0       0xf4 ..\obj\main.o
                0x000005b0                main
 .text.PrintChar
                0x000006a4       0x1c ..\obj\printf.o
                0x000006a4                PrintChar
 .text.PutChar  0x000006c0       0x20 ..\obj\printf.o
                0x000006c0                PutChar
 .text.PutString
                0x000006e0       0x3c ..\obj\printf.o
                0x000006e0                PutString
 .text.PutUnsignedInt
                0x0000071c       0x9c ..\obj\printf.o
                0x0000071c                PutUnsignedInt
 .text.PutSignedInt
                0x000007b8       0xf8 ..\obj\printf.o
                0x000007b8                PutSignedInt
 .text.PutHexa  0x000008b0       0xd4 ..\obj\printf.o
                0x000008b0                PutHexa
 .text.vsnprintf
                0x00000984      0x254 ..\obj\printf.o
                0x00000984                vsnprintf
 .text.vsprintf
                0x00000bd8       0x24 ..\obj\printf.o
                0x00000bd8                vsprintf
 .text.vfprintf
                0x00000bfc       0x68 ..\obj\printf.o
                0x00000bfc                vfprintf
 .text.vprintf  0x00000c64       0x28 ..\obj\printf.o
                0x00000c64                vprintf
 .text.printf   0x00000c8c       0x28 ..\obj\printf.o
                0x00000c8c                printf
 .text.fputc    0x00000cb4       0x40 ..\obj\printf.o
                0x00000cb4                fputc
 .text.fputs    0x00000cf4       0x48 ..\obj\printf.o
                0x00000cf4                fputs
 .text.Default_Reset_Handler
                0x00000d3c       0x60 ..\obj\startup_lpc13xx.o
                0x00000d3c                Default_Reset_Handler
                0x00000d3c                Reset_Handler
 .text.Default_Handler
                0x00000d9c        0x8 ..\obj\startup_lpc13xx.o
                0x00000d9c                TIMER16_0_IRQHandler
                0x00000d9c                DebugMon_Handler
                0x00000d9c                HardFault_Handler
                0x00000d9c                SysTick_Handler
                0x00000d9c                PendSV_Handler
                0x00000d9c                NMI_Handler
                0x00000d9c                UART_IRQHandler
                0x00000d9c                TIMER32_0_IRQHandler
                0x00000d9c                TIMER32_1_IRQHandler
                0x00000d9c                UsageFault_Handler
                0x00000d9c                PIOINT1_IRQHandler
                0x00000d9c                SSP_IRQHandler
                0x00000d9c                TIMER16_1_IRQHandler
                0x00000d9c                USB_FIQHandler
                0x00000d9c                ADC_IRQHandler
                0x00000d9c                PIOINT2_IRQHandler
                0x00000d9c                USB_IRQHandler
                0x00000d9c                BOD_IRQHandler
                0x00000d9c                WAKEUP_IRQHandler
                0x00000d9c                PIOINT0_IRQHandler
                0x00000d9c                I2C_IRQHandler
                0x00000d9c                MemManage_Handler
                0x00000d9c                WDT_IRQHandler
                0x00000d9c                SVC_Handler
                0x00000d9c                PIOINT3_IRQHandler
                0x00000d9c                BusFault_Handler
                0x00000d9c                FMC_IRQHandler
 .text          0x00000da4      0x370 y:/gnu tools arm embedded/5.4 2016q3/bin/../lib/gcc/arm-none-eabi/5.4.1/armv7-m\libgcc.a(_arm_addsubdf3.o)
                0x00000da4                __aeabi_drsub
                0x00000dac                __aeabi_dsub
                0x00000dac                __subdf3
                0x00000db0                __aeabi_dadd
                0x00000db0                __adddf3
                0x00001028                __floatunsidf
                0x00001028                __aeabi_ui2d
                0x00001048                __floatsidf
                0x00001048                __aeabi_i2d
                0x0000106c                __aeabi_f2d
                0x0000106c                __extendsfdf2
                0x000010a8                __floatundidf
                0x000010a8                __aeabi_ul2d
                0x000010b8                __floatdidf
                0x000010b8                __aeabi_l2d
 .text          0x00001114      0x424 y:/gnu tools arm embedded/5.4 2016q3/bin/../lib/gcc/arm-none-eabi/5.4.1/armv7-m\libgcc.a(_arm_muldivdf3.o)
                0x00001114                __aeabi_dmul
                0x00001114                __muldf3
                0x00001368                __divdf3
                0x00001368                __aeabi_ddiv
 .text          0x00001538       0xa0 y:/gnu tools arm embedded/5.4 2016q3/bin/../lib/gcc/arm-none-eabi/5.4.1/armv7-m\libgcc.a(_arm_truncdfsf2.o)
                0x00001538                __truncdfsf2
                0x00001538                __aeabi_d2f
 .text          0x000015d8      0x21c y:/gnu tools arm embedded/5.4 2016q3/bin/../lib/gcc/arm-none-eabi/5.4.1/armv7-m\libgcc.a(_arm_addsubsf3.o)
                0x000015d8                __aeabi_frsub
                0x000015e0                __subsf3
                0x000015e0                __aeabi_fsub
                0x000015e4                __aeabi_fadd
                0x000015e4                __addsf3
                0x00001744                __aeabi_ui2f
                0x00001744                __floatunsisf
                0x0000174c                __aeabi_i2f
                0x0000174c                __floatsisf
                0x00001768                __aeabi_ul2f
                0x00001768                __floatundisf
                0x00001778                __aeabi_l2f
                0x00001778                __floatdisf
 .text          0x000017f4      0x2a0 y:/gnu tools arm embedded/5.4 2016q3/bin/../lib/gcc/arm-none-eabi/5.4.1/armv7-m\libgcc.a(_arm_muldivsf3.o)
                0x000017f4                __mulsf3
                0x000017f4                __aeabi_fmul
                0x0000195c                __aeabi_fdiv
                0x0000195c                __divsf3
 .text          0x00001a94       0x4c y:/gnu tools arm embedded/5.4 2016q3/bin/../lib/gcc/arm-none-eabi/5.4.1/armv7-m\libgcc.a(_arm_fixsfsi.o)
                0x00001a94                __aeabi_f2iz
                0x00001a94                __fixsfsi
 *(.init)
 *(.fini)
 *crtbegin.o(.ctors)
 *crtbegin?.o(.ctors)
 *(EXCLUDE_FILE(*crtend.o *crtend?.o) .ctors)
 *(SORT(.ctors.*))
 *(.ctors)
 *crtbegin.o(.dtors)
 *crtbegin?.o(.dtors)
 *(EXCLUDE_FILE(*crtend.o *crtend?.o) .dtors)
 *(SORT(.dtors.*))
 *(.dtors)
 *(.rodata*)
 .rodata        0x00001ae0       0x6d ..\obj\main.o
 *fill*         0x00001b4d        0x3 
 .rodata        0x00001b50       0x24 ..\obj\printf.o
 *(.eh_fram e*)

.glue_7         0x00001b74        0x0
 .glue_7        0x00001b74        0x0 linker stubs

.glue_7t        0x00001b74        0x0
 .glue_7t       0x00001b74        0x0 linker stubs

.vfp11_veneer   0x00001b74        0x0
 .vfp11_veneer  0x00001b74        0x0 linker stubs

.v4_bx          0x00001b74        0x0
 .v4_bx         0x00001b74        0x0 linker stubs

.iplt           0x00001b74        0x0
 .iplt          0x00001b74        0x0 ..\obj\ocf_lpc134x_lib.o

.rel.dyn        0x00001b74        0x0
 .rel.iplt      0x00001b74        0x0 ..\obj\ocf_lpc134x_lib.o

.ARM.extab
 *(.ARM.extab* .gnu.linkonce.armextab.*)
                0x00001b74                __exidx_start = .

.ARM.exidx
 *(.ARM.exidx* .gnu.linkonce.armexidx.*)
                0x00001b74                __exidx_end = .
                0x00001b74                __etext = .
                0x00001b74                _sidata = __etext

.data           0x10000000      0x434 load address 0x00001b74
                0x10000000                __data_start__ = .
                0x10000000                _sdata = __data_start__
 *(vtable)
 *(.data*)
 .data          0x10000000        0x4 ..\obj\system_LPC13xx.o
                0x10000000                SystemFrequency
 *fill*         0x10000004        0x4 
 .data          0x10000008      0x42c ..\obj\printf.o
                0x10000008                r
                0x10000430                _impure_ptr
                0x10000434                . = ALIGN (0x4)
                [!provide]                PROVIDE (__preinit_array_start, .)
 *(.preinit_array)
                [!provide]                PROVIDE (__preinit_array_end, .)
                0x10000434                . = ALIGN (0x4)
                [!provide]                PROVIDE (__init_array_start, .)
 *(SORT(.init_array.*))
 *(.init_array)
                [!provide]                PROVIDE (__init_array_end, .)
                0x10000434                . = ALIGN (0x4)
                [!provide]                PROVIDE (__fini_array_start, .)
 *(SORT(.fini_array.*))
 *(.fini_array)
                [!provide]                PROVIDE (__fini_array_end, .)
 *(.jcr*)
                0x10000434                . = ALIGN (0x4)
                0x10000434                __data_end__ = .
                0x10000434                _edata = __data_end__

.igot.plt       0x10000434        0x0 load address 0x00001fa8
 .igot.plt      0x10000434        0x0 ..\obj\ocf_lpc134x_lib.o

.bss            0x10000434        0x0
                0x10000434                . = ALIGN (0x4)
                0x10000434                __bss_start__ = .
                0x10000434                _sbss = __bss_start__
 *(.bss*)
 *(COMMON)
                0x10000434                . = ALIGN (0x4)
                0x10000434                __bss_end__ = .
                0x10000434                _ebss = __bss_end__

.heap           0x10000434        0x0
                0x10000434                __end__ = .
                0x10000434                _end = __end__
                0x10000434                end = __end__
 *(.heap*)
                0x10000434                __HeapLimit = .

.co_stack       0x10000434      0x404 load address 0x00001fa8
                0x10000438                . = ALIGN (0x8)
 *fill*         0x10000434        0x4 
 *(.co_stack .co_stack.*)
 .co_stack      0x10000438      0x400 ..\obj\startup_lpc13xx.o
                0x10000438                pulStack
                0x10002000                __StackTop = (ORIGIN (ram) + LENGTH (ram))
                0x10001bfc                __StackLimit = (__StackTop - SIZEOF (.co_stack))
                [!provide]                PROVIDE (__stack, __StackTop)
                0x00000001                ASSERT ((__StackLimit >= __HeapLimit), region ram  overflowed with stack)
LOAD ..\obj\ocf_lpc134x_lib.o
LOAD ..\obj\system_LPC13xx.o
LOAD ..\obj\main.o
LOAD ..\obj\printf.o
LOAD ..\obj\startup_lpc13xx.o
START GROUP
LOAD y:/gnu tools arm embedded/5.4 2016q3/bin/../lib/gcc/arm-none-eabi/5.4.1/armv7-m\libgcc.a
LOAD y:/gnu tools arm embedded/5.4 2016q3/bin/../lib/gcc/arm-none-eabi/5.4.1/../../../../arm-none-eabi/lib/armv7-m\libg.a
LOAD y:/gnu tools arm embedded/5.4 2016q3/bin/../lib/gcc/arm-none-eabi/5.4.1/../../../../arm-none-eabi/lib/armv7-m\libc.a
END GROUP
OUTPUT(LPC1343_ADC_Ex_1.elf elf32-littlearm)

.debug_info     0x00000000     0x24fd
 .debug_info    0x00000000      0x97e ..\obj\ocf_lpc134x_lib.o
 .debug_info    0x0000097e      0x4a5 ..\obj\system_LPC13xx.o
 .debug_info    0x00000e23      0x7a3 ..\obj\main.o
 .debug_info    0x000015c6      0xe4a ..\obj\printf.o
 .debug_info    0x00002410       0xed ..\obj\startup_lpc13xx.o

.debug_abbrev   0x00000000      0x647
 .debug_abbrev  0x00000000      0x13c ..\obj\ocf_lpc134x_lib.o
 .debug_abbrev  0x0000013c       0xda ..\obj\system_LPC13xx.o
 .debug_abbrev  0x00000216      0x103 ..\obj\main.o
 .debug_abbrev  0x00000319      0x287 ..\obj\printf.o
 .debug_abbrev  0x000005a0       0xa7 ..\obj\startup_lpc13xx.o

.debug_aranges  0x00000000      0x140
 .debug_aranges
                0x00000000       0x38 ..\obj\ocf_lpc134x_lib.o
 .debug_aranges
                0x00000038       0x20 ..\obj\system_LPC13xx.o
 .debug_aranges
                0x00000058       0x20 ..\obj\main.o
 .debug_aranges
                0x00000078       0xa0 ..\obj\printf.o
 .debug_aranges
                0x00000118       0x28 ..\obj\startup_lpc13xx.o

.debug_ranges   0x00000000       0xf0
 .debug_ranges  0x00000000       0x28 ..\obj\ocf_lpc134x_lib.o
 .debug_ranges  0x00000028       0x10 ..\obj\system_LPC13xx.o
 .debug_ranges  0x00000038       0x10 ..\obj\main.o
 .debug_ranges  0x00000048       0x90 ..\obj\printf.o
 .debug_ranges  0x000000d8       0x18 ..\obj\startup_lpc13xx.o

.debug_line     0x00000000      0x9e1
 .debug_line    0x00000000      0x20d ..\obj\ocf_lpc134x_lib.o
 .debug_line    0x0000020d      0x214 ..\obj\system_LPC13xx.o
 .debug_line    0x00000421      0x1c5 ..\obj\main.o
 .debug_line    0x000005e6      0x34b ..\obj\printf.o
 .debug_line    0x00000931       0xb0 ..\obj\startup_lpc13xx.o

.debug_str      0x00000000      0xcec
 .debug_str     0x00000000      0x66d ..\obj\ocf_lpc134x_lib.o
                                0x6b7 (size before relaxing)
 .debug_str     0x0000066d       0x77 ..\obj\system_LPC13xx.o
                                0x474 (size before relaxing)
 .debug_str     0x000006e4       0x68 ..\obj\main.o
                                0x659 (size before relaxing)
 .debug_str     0x0000074c      0x4e2 ..\obj\printf.o
                                0x6a0 (size before relaxing)
 .debug_str     0x00000c2e       0xbe ..\obj\startup_lpc13xx.o
                                0x155 (size before relaxing)

.comment        0x00000000       0x6e
 .comment       0x00000000       0x6e ..\obj\ocf_lpc134x_lib.o
                                 0x6f (size before relaxing)
 .comment       0x0000006e       0x6f ..\obj\system_LPC13xx.o
 .comment       0x0000006e       0x6f ..\obj\main.o
 .comment       0x0000006e       0x6f ..\obj\printf.o
 .comment       0x0000006e       0x6f ..\obj\startup_lpc13xx.o

.ARM.attributes
                0x00000000       0x33
 .ARM.attributes
                0x00000000       0x33 ..\obj\ocf_lpc134x_lib.o
 .ARM.attributes
                0x00000033       0x33 ..\obj\system_LPC13xx.o
 .ARM.attributes
                0x00000066       0x33 ..\obj\main.o
 .ARM.attributes
                0x00000099       0x33 ..\obj\printf.o
 .ARM.attributes
                0x000000cc       0x33 ..\obj\startup_lpc13xx.o
 .ARM.attributes
                0x000000ff       0x1d y:/gnu tools arm embedded/5.4 2016q3/bin/../lib/gcc/arm-none-eabi/5.4.1/armv7-m\libgcc.a(_arm_addsubdf3.o)
 .ARM.attributes
                0x0000011c       0x1d y:/gnu tools arm embedded/5.4 2016q3/bin/../lib/gcc/arm-none-eabi/5.4.1/armv7-m\libgcc.a(_arm_muldivdf3.o)
 .ARM.attributes
                0x00000139       0x1d y:/gnu tools arm embedded/5.4 2016q3/bin/../lib/gcc/arm-none-eabi/5.4.1/armv7-m\libgcc.a(_arm_truncdfsf2.o)
 .ARM.attributes
                0x00000156       0x1d y:/gnu tools arm embedded/5.4 2016q3/bin/../lib/gcc/arm-none-eabi/5.4.1/armv7-m\libgcc.a(_arm_addsubsf3.o)
 .ARM.attributes
                0x00000173       0x1d y:/gnu tools arm embedded/5.4 2016q3/bin/../lib/gcc/arm-none-eabi/5.4.1/armv7-m\libgcc.a(_arm_muldivsf3.o)
 .ARM.attributes
                0x00000190       0x1d y:/gnu tools arm embedded/5.4 2016q3/bin/../lib/gcc/arm-none-eabi/5.4.1/armv7-m\libgcc.a(_arm_fixsfsi.o)

.debug_frame    0x00000000      0x42c
 .debug_frame   0x00000000       0xa0 ..\obj\ocf_lpc134x_lib.o
 .debug_frame   0x000000a0       0x38 ..\obj\system_LPC13xx.o
 .debug_frame   0x000000d8       0x30 ..\obj\main.o
 .debug_frame   0x00000108      0x2d8 ..\obj\printf.o
 .debug_frame   0x000003e0       0x4c ..\obj\startup_lpc13xx.o
