
Discarded input sections

 .text          0x00000000        0x0 ..\obj\system_LPC13xx.o
 .bss           0x00000000        0x0 ..\obj\system_LPC13xx.o
 .text          0x00000000        0x0 ..\obj\main.o
 .data          0x00000000        0x0 ..\obj\main.o
 .bss           0x00000000        0x0 ..\obj\main.o
 .text          0x00000000        0x0 ..\obj\startup_lpc13xx.o
 .data          0x00000000        0x0 ..\obj\startup_lpc13xx.o
 .bss           0x00000000        0x0 ..\obj\startup_lpc13xx.o

Memory Configuration

Name             Origin             Length             Attributes
rom              0x00000000         0x00008000         xr
ram              0x10000000         0x00002000         xrw
*default*        0x00000000         0xffffffff

Linker script and memory map

                0x10002000                _eram = 0x10002000

.text           0x00000000      0x613
 *(.isr_vector)
 .isr_vector    0x00000000      0x124 ..\obj\startup_lpc13xx.o
                0x00000000                g_pfnVectors
 *(.text*)
 .text.SystemInit
                0x00000124      0x37c ..\obj\system_LPC13xx.o
                0x00000124                SystemInit
 .text.main     0x000004a0       0x60 ..\obj\main.o
                0x000004a0                main
 .text.uartWrite
                0x00000500       0x2c ..\obj\main.o
                0x00000500                uartWrite
 .text.initUART
                0x0000052c       0x70 ..\obj\main.o
                0x0000052c                initUART
 .text.Default_Reset_Handler
                0x0000059c       0x5c ..\obj\startup_lpc13xx.o
                0x0000059c                Default_Reset_Handler
                0x0000059c                Reset_Handler
 .text.Default_Handler
                0x000005f8        0x8 ..\obj\startup_lpc13xx.o
                0x000005f8                TIMER16_0_IRQHandler
                0x000005f8                DebugMon_Handler
                0x000005f8                HardFault_Handler
                0x000005f8                SysTick_Handler
                0x000005f8                PendSV_Handler
                0x000005f8                NMI_Handler
                0x000005f8                UART_IRQHandler
                0x000005f8                TIMER32_0_IRQHandler
                0x000005f8                TIMER32_1_IRQHandler
                0x000005f8                UsageFault_Handler
                0x000005f8                PIOINT1_IRQHandler
                0x000005f8                SSP_IRQHandler
                0x000005f8                TIMER16_1_IRQHandler
                0x000005f8                USB_FIQHandler
                0x000005f8                ADC_IRQHandler
                0x000005f8                PIOINT2_IRQHandler
                0x000005f8                USB_IRQHandler
                0x000005f8                BOD_IRQHandler
                0x000005f8                WAKEUP_IRQHandler
                0x000005f8                PIOINT0_IRQHandler
                0x000005f8                I2C_IRQHandler
                0x000005f8                MemManage_Handler
                0x000005f8                WDT_IRQHandler
                0x000005f8                SVC_Handler
                0x000005f8                PIOINT3_IRQHandler
                0x000005f8                BusFault_Handler
                0x000005f8                FMC_IRQHandler
 *(.init)
 *(.fini)
 *crtbegin.o(.ctors)
 *crtbegin?.o(.ctors)
 *(EXCLUDE_FILE(*crtend.o *crtend?.o) .ctors)
 *(SORT(.ctors.*))
 *(.ctors)
 *crtbegin.o(.dtors)
 *crtbegin?.o(.dtors)
 *(EXCLUDE_FILE(*crtend.o *crtend?.o) .dtors)
 *(SORT(.dtors.*))
 *(.dtors)
 *(.rodata*)
 .rodata        0x00000600       0x13 ..\obj\main.o
 *(.eh_fram e*)

.glue_7         0x00000614        0x0
 .glue_7        0x00000614        0x0 linker stubs

.glue_7t        0x00000614        0x0
 .glue_7t       0x00000614        0x0 linker stubs

.vfp11_veneer   0x00000614        0x0
 .vfp11_veneer  0x00000614        0x0 linker stubs

.v4_bx          0x00000614        0x0
 .v4_bx         0x00000614        0x0 linker stubs

.iplt           0x00000614        0x0
 .iplt          0x00000614        0x0 ..\obj\system_LPC13xx.o

.rel.dyn        0x00000614        0x0
 .rel.iplt      0x00000614        0x0 ..\obj\system_LPC13xx.o

.ARM.extab
 *(.ARM.extab* .gnu.linkonce.armextab.*)
                0x00000614                __exidx_start = .

.ARM.exidx
 *(.ARM.exidx* .gnu.linkonce.armexidx.*)
                0x00000614                __exidx_end = .
                0x00000614                __etext = .
                0x00000613                _sidata = __etext

.data           0x10000000        0x4 load address 0x00000613
                0x10000000                __data_start__ = .
                0x10000000                _sdata = __data_start__
 *(vtable)
 *(.data*)
 .data          0x10000000        0x4 ..\obj\system_LPC13xx.o
                0x10000000                SystemFrequency
                0x10000004                . = ALIGN (0x4)
                [!provide]                PROVIDE (__preinit_array_start, .)
 *(.preinit_array)
                [!provide]                PROVIDE (__preinit_array_end, .)
                0x10000004                . = ALIGN (0x4)
                [!provide]                PROVIDE (__init_array_start, .)
 *(SORT(.init_array.*))
 *(.init_array)
                [!provide]                PROVIDE (__init_array_end, .)
                0x10000004                . = ALIGN (0x4)
                [!provide]                PROVIDE (__fini_array_start, .)
 *(SORT(.fini_array.*))
 *(.fini_array)
                [!provide]                PROVIDE (__fini_array_end, .)
 *(.jcr*)
                0x10000004                . = ALIGN (0x4)
                0x10000004                __data_end__ = .
                0x10000004                _edata = __data_end__

.igot.plt       0x10000004        0x0 load address 0x00000618
 .igot.plt      0x10000004        0x0 ..\obj\system_LPC13xx.o

.bss            0x10000004        0x0
                0x10000004                . = ALIGN (0x4)
                0x10000004                __bss_start__ = .
                0x10000004                _sbss = __bss_start__
 *(.bss*)
 *(COMMON)
                0x10000004                . = ALIGN (0x4)
                0x10000004                __bss_end__ = .
                0x10000004                _ebss = __bss_end__

.heap           0x10000004        0x0
                0x10000004                __end__ = .
                0x10000004                _end = __end__
                0x10000004                end = __end__
 *(.heap*)
                0x10000004                __HeapLimit = .

.co_stack       0x10000004      0x404 load address 0x00000618
                0x10000008                . = ALIGN (0x8)
 *fill*         0x10000004        0x4 
 *(.co_stack .co_stack.*)
 .co_stack      0x10000008      0x400 ..\obj\startup_lpc13xx.o
                0x10000008                pulStack
                0x10002000                __StackTop = (ORIGIN (ram) + LENGTH (ram))
                0x10001bfc                __StackLimit = (__StackTop - SIZEOF (.co_stack))
                [!provide]                PROVIDE (__stack, __StackTop)
                0x00000001                ASSERT ((__StackLimit >= __HeapLimit), region ram  overflowed with stack)
LOAD ..\obj\system_LPC13xx.o
LOAD ..\obj\main.o
LOAD ..\obj\startup_lpc13xx.o
START GROUP
LOAD y:/gnu tools arm embedded/5.4 2016q3/bin/../lib/gcc/arm-none-eabi/5.4.1/armv7-m\libgcc.a
LOAD y:/gnu tools arm embedded/5.4 2016q3/bin/../lib/gcc/arm-none-eabi/5.4.1/../../../../arm-none-eabi/lib/armv7-m\libg.a
LOAD y:/gnu tools arm embedded/5.4 2016q3/bin/../lib/gcc/arm-none-eabi/5.4.1/../../../../arm-none-eabi/lib/armv7-m\libc.a
END GROUP
OUTPUT(LPC1343_UART_Ex_1.elf elf32-littlearm)

.debug_info     0x00000000      0xe12
 .debug_info    0x00000000      0x4a5 ..\obj\system_LPC13xx.o
 .debug_info    0x000004a5      0x885 ..\obj\main.o
 .debug_info    0x00000d2a       0xe8 ..\obj\startup_lpc13xx.o

.debug_abbrev   0x00000000      0x2f5
 .debug_abbrev  0x00000000       0xda ..\obj\system_LPC13xx.o
 .debug_abbrev  0x000000da      0x174 ..\obj\main.o
 .debug_abbrev  0x0000024e       0xa7 ..\obj\startup_lpc13xx.o

.debug_aranges  0x00000000       0x78
 .debug_aranges
                0x00000000       0x20 ..\obj\system_LPC13xx.o
 .debug_aranges
                0x00000020       0x30 ..\obj\main.o
 .debug_aranges
                0x00000050       0x28 ..\obj\startup_lpc13xx.o

.debug_ranges   0x00000000       0x48
 .debug_ranges  0x00000000       0x10 ..\obj\system_LPC13xx.o
 .debug_ranges  0x00000010       0x20 ..\obj\main.o
 .debug_ranges  0x00000030       0x18 ..\obj\startup_lpc13xx.o

.debug_line     0x00000000      0x49a
 .debug_line    0x00000000      0x217 ..\obj\system_LPC13xx.o
 .debug_line    0x00000217      0x1d9 ..\obj\main.o
 .debug_line    0x000003f0       0xaa ..\obj\startup_lpc13xx.o

.debug_str      0x00000000      0x774
 .debug_str     0x00000000      0x429 ..\obj\system_LPC13xx.o
                                0x46e (size before relaxing)
 .debug_str     0x00000429      0x293 ..\obj\main.o
                                0x619 (size before relaxing)
 .debug_str     0x000006bc       0xb8 ..\obj\startup_lpc13xx.o
                                0x14f (size before relaxing)

.comment        0x00000000       0xde
 .comment       0x00000000       0x70 ..\obj\system_LPC13xx.o
                                 0x71 (size before relaxing)
 .comment       0x00000070       0x6e ..\obj\main.o
                                 0x6f (size before relaxing)
 .comment       0x000000de       0x71 ..\obj\startup_lpc13xx.o

.ARM.attributes
                0x00000000       0x33
 .ARM.attributes
                0x00000000       0x33 ..\obj\system_LPC13xx.o
 .ARM.attributes
                0x00000033       0x33 ..\obj\main.o
 .ARM.attributes
                0x00000066       0x33 ..\obj\startup_lpc13xx.o

.debug_frame    0x00000000      0x100
 .debug_frame   0x00000000       0x38 ..\obj\system_LPC13xx.o
 .debug_frame   0x00000038       0x7c ..\obj\main.o
 .debug_frame   0x000000b4       0x4c ..\obj\startup_lpc13xx.o
