Archive member included to satisfy reference by file (symbol)

Y:\LPC1343-Tutorial-Examples\MCUXpresso\Timer\CMSIS_CORE_LPC13xx\Debug\libCMSIS_CORE_LPC13xx.a(system_LPC13xx.o)
                              ./src/cr_startup_lpc13xx.o (SystemInit)
c:/nxp/mcuxpressoide_10.0.2_411/ide/tools/bin/../lib/gcc/arm-none-eabi/5.4.1/../../../../arm-none-eabi/lib/armv7-m\libc.a(lib_a-init.o)
                              ./src/cr_startup_lpc13xx.o (__libc_init_array)
c:/nxp/mcuxpressoide_10.0.2_411/ide/tools/bin/../lib/gcc/arm-none-eabi/5.4.1/../../../../arm-none-eabi/lib/armv7-m\libc.a(lib_a-malloc.o)
                              ./src/cr_cpp_config.o (malloc)
c:/nxp/mcuxpressoide_10.0.2_411/ide/tools/bin/../lib/gcc/arm-none-eabi/5.4.1/../../../../arm-none-eabi/lib/armv7-m\libc.a(lib_a-mallocr.o)
                              c:/nxp/mcuxpressoide_10.0.2_411/ide/tools/bin/../lib/gcc/arm-none-eabi/5.4.1/../../../../arm-none-eabi/lib/armv7-m\libc.a(lib_a-malloc.o) (_malloc_r)
c:/nxp/mcuxpressoide_10.0.2_411/ide/tools/bin/../lib/gcc/arm-none-eabi/5.4.1/../../../../arm-none-eabi/lib/armv7-m\libc.a(lib_a-mlock.o)
                              c:/nxp/mcuxpressoide_10.0.2_411/ide/tools/bin/../lib/gcc/arm-none-eabi/5.4.1/../../../../arm-none-eabi/lib/armv7-m\libc.a(lib_a-mallocr.o) (__malloc_lock)
c:/nxp/mcuxpressoide_10.0.2_411/ide/tools/bin/../lib/gcc/arm-none-eabi/5.4.1/../../../../arm-none-eabi/lib/armv7-m\libc.a(lib_a-sbrkr.o)
                              c:/nxp/mcuxpressoide_10.0.2_411/ide/tools/bin/../lib/gcc/arm-none-eabi/5.4.1/../../../../arm-none-eabi/lib/armv7-m\libc.a(lib_a-mallocr.o) (_sbrk_r)
c:/nxp/mcuxpressoide_10.0.2_411/ide/tools/bin/../lib/gcc/arm-none-eabi/5.4.1/../../../../arm-none-eabi/lib/armv7-m\libc.a(lib_a-freer.o)
                              c:/nxp/mcuxpressoide_10.0.2_411/ide/tools/bin/../lib/gcc/arm-none-eabi/5.4.1/../../../../arm-none-eabi/lib/armv7-m\libc.a(lib_a-malloc.o) (_free_r)
c:/nxp/mcuxpressoide_10.0.2_411/ide/tools/bin/../lib/gcc/arm-none-eabi/5.4.1/../../../../arm-none-eabi/lib/armv7-m\libc.a(lib_a-impure.o)
                              c:/nxp/mcuxpressoide_10.0.2_411/ide/tools/bin/../lib/gcc/arm-none-eabi/5.4.1/../../../../arm-none-eabi/lib/armv7-m\libc.a(lib_a-malloc.o) (_impure_ptr)
c:/nxp/mcuxpressoide_10.0.2_411/ide/tools/bin/../lib/gcc/arm-none-eabi/5.4.1/../../../../arm-none-eabi/lib/armv7-m\libc.a(lib_a-reent.o)
                              c:/nxp/mcuxpressoide_10.0.2_411/ide/tools/bin/../lib/gcc/arm-none-eabi/5.4.1/../../../../arm-none-eabi/lib/armv7-m\libc.a(lib_a-sbrkr.o) (errno)
c:/nxp/mcuxpressoide_10.0.2_411/ide/tools/bin/../lib/gcc/arm-none-eabi/5.4.1/../../../../arm-none-eabi/lib/armv7-m\libcr_newlib_nohost.a(_cr_sbrk.o)
                              c:/nxp/mcuxpressoide_10.0.2_411/ide/tools/bin/../lib/gcc/arm-none-eabi/5.4.1/../../../../arm-none-eabi/lib/armv7-m\libc.a(lib_a-sbrkr.o) (_sbrk)
c:/nxp/mcuxpressoide_10.0.2_411/ide/tools/bin/../lib/gcc/arm-none-eabi/5.4.1/../../../../arm-none-eabi/lib/armv7-m\libcr_newlib_nohost.a(_cr_check_heap.o)
                              c:/nxp/mcuxpressoide_10.0.2_411/ide/tools/bin/../lib/gcc/arm-none-eabi/5.4.1/../../../../arm-none-eabi/lib/armv7-m\libcr_newlib_nohost.a(_cr_sbrk.o) (__check_heap_overflow)
c:/nxp/mcuxpressoide_10.0.2_411/ide/tools/bin/../lib/gcc/arm-none-eabi/5.4.1/../../../../arm-none-eabi/lib/armv7-m\libc.a(lib_a-errno.o)
                              c:/nxp/mcuxpressoide_10.0.2_411/ide/tools/bin/../lib/gcc/arm-none-eabi/5.4.1/../../../../arm-none-eabi/lib/armv7-m\libcr_newlib_nohost.a(_cr_sbrk.o) (__errno)

Allocating common symbols
Common symbol       size              file

errno               0x4               c:/nxp/mcuxpressoide_10.0.2_411/ide/tools/bin/../lib/gcc/arm-none-eabi/5.4.1/../../../../arm-none-eabi/lib/armv7-m\libc.a(lib_a-reent.o)

Discarded input sections

 .group         0x00000000        0x8 ./src/LPC134x_Timer_Ex_1.o
 .group         0x00000000        0x8 ./src/LPC134x_Timer_Ex_1.o
 .group         0x00000000        0x8 ./src/LPC134x_Timer_Ex_1.o
 .group         0x00000000        0x8 ./src/LPC134x_Timer_Ex_1.o
 .group         0x00000000        0x8 ./src/LPC134x_Timer_Ex_1.o
 .group         0x00000000        0x8 ./src/LPC134x_Timer_Ex_1.o
 .group         0x00000000        0x8 ./src/LPC134x_Timer_Ex_1.o
 .group         0x00000000        0x8 ./src/LPC134x_Timer_Ex_1.o
 .group         0x00000000        0x8 ./src/LPC134x_Timer_Ex_1.o
 .group         0x00000000        0x8 ./src/LPC134x_Timer_Ex_1.o
 .group         0x00000000        0x8 ./src/LPC134x_Timer_Ex_1.o
 .group         0x00000000        0x8 ./src/LPC134x_Timer_Ex_1.o
 .text          0x00000000        0x0 ./src/LPC134x_Timer_Ex_1.o
 .data          0x00000000        0x0 ./src/LPC134x_Timer_Ex_1.o
 .bss           0x00000000        0x0 ./src/LPC134x_Timer_Ex_1.o
 .group         0x00000000        0x8 ./src/cr_cpp_config.o
 .group         0x00000000        0x8 ./src/cr_cpp_config.o
 .group         0x00000000        0x8 ./src/cr_cpp_config.o
 .group         0x00000000        0x8 ./src/cr_cpp_config.o
 .group         0x00000000        0x8 ./src/cr_cpp_config.o
 .group         0x00000000        0x8 ./src/cr_cpp_config.o
 .group         0x00000000        0x8 ./src/cr_cpp_config.o
 .group         0x00000000        0x8 ./src/cr_cpp_config.o
 .group         0x00000000        0x8 ./src/cr_cpp_config.o
 .group         0x00000000        0x8 ./src/cr_cpp_config.o
 .group         0x00000000        0x8 ./src/cr_cpp_config.o
 .group         0x00000000        0x8 ./src/cr_cpp_config.o
 .group         0x00000000        0x8 ./src/cr_cpp_config.o
 .group         0x00000000        0x8 ./src/cr_cpp_config.o
 .group         0x00000000        0x8 ./src/cr_cpp_config.o
 .group         0x00000000        0x8 ./src/cr_cpp_config.o
 .group         0x00000000        0x8 ./src/cr_cpp_config.o
 .group         0x00000000        0x8 ./src/cr_cpp_config.o
 .text          0x00000000        0x0 ./src/cr_cpp_config.o
 .data          0x00000000        0x0 ./src/cr_cpp_config.o
 .bss           0x00000000        0x0 ./src/cr_cpp_config.o
 .text._Znwj    0x00000000       0x18 ./src/cr_cpp_config.o
 .text._Znaj    0x00000000       0x18 ./src/cr_cpp_config.o
 .text._ZdlPv   0x00000000       0x18 ./src/cr_cpp_config.o
 .text._ZdaPv   0x00000000       0x18 ./src/cr_cpp_config.o
 .text.__aeabi_atexit
                0x00000000       0x18 ./src/cr_cpp_config.o
 .text._ZN9__gnu_cxx27__verbose_terminate_handlerEv
                0x00000000        0x8 ./src/cr_cpp_config.o
 .debug_info    0x00000000      0x1aa ./src/cr_cpp_config.o
 .debug_abbrev  0x00000000       0xf4 ./src/cr_cpp_config.o
 .debug_aranges
                0x00000000       0x48 ./src/cr_cpp_config.o
 .debug_ranges  0x00000000       0x38 ./src/cr_cpp_config.o
 .debug_macro   0x00000000       0xf7 ./src/cr_cpp_config.o
 .debug_macro   0x00000000      0x8aa ./src/cr_cpp_config.o
 .debug_macro   0x00000000       0x22 ./src/cr_cpp_config.o
 .debug_macro   0x00000000       0x4c ./src/cr_cpp_config.o
 .debug_macro   0x00000000       0x8d ./src/cr_cpp_config.o
 .debug_macro   0x00000000       0x35 ./src/cr_cpp_config.o
 .debug_macro   0x00000000       0x9c ./src/cr_cpp_config.o
 .debug_macro   0x00000000       0x16 ./src/cr_cpp_config.o
 .debug_macro   0x00000000      0x10e ./src/cr_cpp_config.o
 .debug_macro   0x00000000       0x86 ./src/cr_cpp_config.o
 .debug_macro   0x00000000       0x4a ./src/cr_cpp_config.o
 .debug_macro   0x00000000       0x52 ./src/cr_cpp_config.o
 .debug_macro   0x00000000       0x1f ./src/cr_cpp_config.o
 .debug_macro   0x00000000       0x43 ./src/cr_cpp_config.o
 .debug_macro   0x00000000       0x20 ./src/cr_cpp_config.o
 .debug_macro   0x00000000      0x187 ./src/cr_cpp_config.o
 .debug_macro   0x00000000      0x330 ./src/cr_cpp_config.o
 .debug_macro   0x00000000       0x16 ./src/cr_cpp_config.o
 .debug_macro   0x00000000       0x29 ./src/cr_cpp_config.o
 .debug_line    0x00000000      0x28b ./src/cr_cpp_config.o
 .debug_str     0x00000000     0x5521 ./src/cr_cpp_config.o
 .comment       0x00000000       0x6f ./src/cr_cpp_config.o
 .debug_frame   0x00000000       0xe0 ./src/cr_cpp_config.o
 .ARM.attributes
                0x00000000       0x33 ./src/cr_cpp_config.o
 .group         0x00000000        0x8 ./src/cr_startup_lpc13xx.o
 .text          0x00000000        0x0 ./src/cr_startup_lpc13xx.o
 .data          0x00000000        0x0 ./src/cr_startup_lpc13xx.o
 .bss           0x00000000        0x0 ./src/cr_startup_lpc13xx.o
 .debug_macro   0x00000000      0x8aa ./src/cr_startup_lpc13xx.o
 .group         0x00000000        0x8 ./src/crp.o
 .group         0x00000000        0x8 ./src/crp.o
 .text          0x00000000        0x0 ./src/crp.o
 .data          0x00000000        0x0 ./src/crp.o
 .bss           0x00000000        0x0 ./src/crp.o
 .group         0x00000000        0x8 Y:\LPC1343-Tutorial-Examples\MCUXpresso\Timer\CMSIS_CORE_LPC13xx\Debug\libCMSIS_CORE_LPC13xx.a(system_LPC13xx.o)
 .group         0x00000000        0x8 Y:\LPC1343-Tutorial-Examples\MCUXpresso\Timer\CMSIS_CORE_LPC13xx\Debug\libCMSIS_CORE_LPC13xx.a(system_LPC13xx.o)
 .group         0x00000000        0x8 Y:\LPC1343-Tutorial-Examples\MCUXpresso\Timer\CMSIS_CORE_LPC13xx\Debug\libCMSIS_CORE_LPC13xx.a(system_LPC13xx.o)
 .group         0x00000000        0x8 Y:\LPC1343-Tutorial-Examples\MCUXpresso\Timer\CMSIS_CORE_LPC13xx\Debug\libCMSIS_CORE_LPC13xx.a(system_LPC13xx.o)
 .group         0x00000000        0x8 Y:\LPC1343-Tutorial-Examples\MCUXpresso\Timer\CMSIS_CORE_LPC13xx\Debug\libCMSIS_CORE_LPC13xx.a(system_LPC13xx.o)
 .group         0x00000000        0x8 Y:\LPC1343-Tutorial-Examples\MCUXpresso\Timer\CMSIS_CORE_LPC13xx\Debug\libCMSIS_CORE_LPC13xx.a(system_LPC13xx.o)
 .group         0x00000000        0x8 Y:\LPC1343-Tutorial-Examples\MCUXpresso\Timer\CMSIS_CORE_LPC13xx\Debug\libCMSIS_CORE_LPC13xx.a(system_LPC13xx.o)
 .group         0x00000000        0x8 Y:\LPC1343-Tutorial-Examples\MCUXpresso\Timer\CMSIS_CORE_LPC13xx\Debug\libCMSIS_CORE_LPC13xx.a(system_LPC13xx.o)
 .group         0x00000000        0x8 Y:\LPC1343-Tutorial-Examples\MCUXpresso\Timer\CMSIS_CORE_LPC13xx\Debug\libCMSIS_CORE_LPC13xx.a(system_LPC13xx.o)
 .text          0x00000000        0x0 Y:\LPC1343-Tutorial-Examples\MCUXpresso\Timer\CMSIS_CORE_LPC13xx\Debug\libCMSIS_CORE_LPC13xx.a(system_LPC13xx.o)
 .data          0x00000000        0x0 Y:\LPC1343-Tutorial-Examples\MCUXpresso\Timer\CMSIS_CORE_LPC13xx\Debug\libCMSIS_CORE_LPC13xx.a(system_LPC13xx.o)
 .bss           0x00000000        0x0 Y:\LPC1343-Tutorial-Examples\MCUXpresso\Timer\CMSIS_CORE_LPC13xx\Debug\libCMSIS_CORE_LPC13xx.a(system_LPC13xx.o)
 .text.SystemCoreClockUpdate
                0x00000000       0xa0 Y:\LPC1343-Tutorial-Examples\MCUXpresso\Timer\CMSIS_CORE_LPC13xx\Debug\libCMSIS_CORE_LPC13xx.a(system_LPC13xx.o)
 .rodata.CSWTCH.7
                0x00000000       0x40 Y:\LPC1343-Tutorial-Examples\MCUXpresso\Timer\CMSIS_CORE_LPC13xx\Debug\libCMSIS_CORE_LPC13xx.a(system_LPC13xx.o)
 .data.SystemCoreClock
                0x00000000        0x4 Y:\LPC1343-Tutorial-Examples\MCUXpresso\Timer\CMSIS_CORE_LPC13xx\Debug\libCMSIS_CORE_LPC13xx.a(system_LPC13xx.o)
 .debug_macro   0x00000000       0x1c Y:\LPC1343-Tutorial-Examples\MCUXpresso\Timer\CMSIS_CORE_LPC13xx\Debug\libCMSIS_CORE_LPC13xx.a(system_LPC13xx.o)
 .debug_macro   0x00000000       0x3a Y:\LPC1343-Tutorial-Examples\MCUXpresso\Timer\CMSIS_CORE_LPC13xx\Debug\libCMSIS_CORE_LPC13xx.a(system_LPC13xx.o)
 .debug_macro   0x00000000       0x2d Y:\LPC1343-Tutorial-Examples\MCUXpresso\Timer\CMSIS_CORE_LPC13xx\Debug\libCMSIS_CORE_LPC13xx.a(system_LPC13xx.o)
 .debug_macro   0x00000000      0x131 Y:\LPC1343-Tutorial-Examples\MCUXpresso\Timer\CMSIS_CORE_LPC13xx\Debug\libCMSIS_CORE_LPC13xx.a(system_LPC13xx.o)
 .text          0x00000000        0x0 c:/nxp/mcuxpressoide_10.0.2_411/ide/tools/bin/../lib/gcc/arm-none-eabi/5.4.1/../../../../arm-none-eabi/lib/armv7-m\libc.a(lib_a-init.o)
 .data          0x00000000        0x0 c:/nxp/mcuxpressoide_10.0.2_411/ide/tools/bin/../lib/gcc/arm-none-eabi/5.4.1/../../../../arm-none-eabi/lib/armv7-m\libc.a(lib_a-init.o)
 .bss           0x00000000        0x0 c:/nxp/mcuxpressoide_10.0.2_411/ide/tools/bin/../lib/gcc/arm-none-eabi/5.4.1/../../../../arm-none-eabi/lib/armv7-m\libc.a(lib_a-init.o)
 .text          0x00000000        0x0 c:/nxp/mcuxpressoide_10.0.2_411/ide/tools/bin/../lib/gcc/arm-none-eabi/5.4.1/../../../../arm-none-eabi/lib/armv7-m\libc.a(lib_a-malloc.o)
 .data          0x00000000        0x0 c:/nxp/mcuxpressoide_10.0.2_411/ide/tools/bin/../lib/gcc/arm-none-eabi/5.4.1/../../../../arm-none-eabi/lib/armv7-m\libc.a(lib_a-malloc.o)
 .bss           0x00000000        0x0 c:/nxp/mcuxpressoide_10.0.2_411/ide/tools/bin/../lib/gcc/arm-none-eabi/5.4.1/../../../../arm-none-eabi/lib/armv7-m\libc.a(lib_a-malloc.o)
 .text.malloc   0x00000000       0x10 c:/nxp/mcuxpressoide_10.0.2_411/ide/tools/bin/../lib/gcc/arm-none-eabi/5.4.1/../../../../arm-none-eabi/lib/armv7-m\libc.a(lib_a-malloc.o)
 .text.free     0x00000000       0x10 c:/nxp/mcuxpressoide_10.0.2_411/ide/tools/bin/../lib/gcc/arm-none-eabi/5.4.1/../../../../arm-none-eabi/lib/armv7-m\libc.a(lib_a-malloc.o)
 .debug_frame   0x00000000       0x30 c:/nxp/mcuxpressoide_10.0.2_411/ide/tools/bin/../lib/gcc/arm-none-eabi/5.4.1/../../../../arm-none-eabi/lib/armv7-m\libc.a(lib_a-malloc.o)
 .ARM.attributes
                0x00000000       0x2d c:/nxp/mcuxpressoide_10.0.2_411/ide/tools/bin/../lib/gcc/arm-none-eabi/5.4.1/../../../../arm-none-eabi/lib/armv7-m\libc.a(lib_a-malloc.o)
 .text          0x00000000        0x0 c:/nxp/mcuxpressoide_10.0.2_411/ide/tools/bin/../lib/gcc/arm-none-eabi/5.4.1/../../../../arm-none-eabi/lib/armv7-m\libc.a(lib_a-mallocr.o)
 .data          0x00000000        0x0 c:/nxp/mcuxpressoide_10.0.2_411/ide/tools/bin/../lib/gcc/arm-none-eabi/5.4.1/../../../../arm-none-eabi/lib/armv7-m\libc.a(lib_a-mallocr.o)
 .bss           0x00000000        0x0 c:/nxp/mcuxpressoide_10.0.2_411/ide/tools/bin/../lib/gcc/arm-none-eabi/5.4.1/../../../../arm-none-eabi/lib/armv7-m\libc.a(lib_a-mallocr.o)
 .text._malloc_r
                0x00000000      0x558 c:/nxp/mcuxpressoide_10.0.2_411/ide/tools/bin/../lib/gcc/arm-none-eabi/5.4.1/../../../../arm-none-eabi/lib/armv7-m\libc.a(lib_a-mallocr.o)
 .data.__malloc_av_
                0x00000000      0x408 c:/nxp/mcuxpressoide_10.0.2_411/ide/tools/bin/../lib/gcc/arm-none-eabi/5.4.1/../../../../arm-none-eabi/lib/armv7-m\libc.a(lib_a-mallocr.o)
 .data.__malloc_trim_threshold
                0x00000000        0x4 c:/nxp/mcuxpressoide_10.0.2_411/ide/tools/bin/../lib/gcc/arm-none-eabi/5.4.1/../../../../arm-none-eabi/lib/armv7-m\libc.a(lib_a-mallocr.o)
 .bss.__malloc_max_total_mem
                0x00000000        0x4 c:/nxp/mcuxpressoide_10.0.2_411/ide/tools/bin/../lib/gcc/arm-none-eabi/5.4.1/../../../../arm-none-eabi/lib/armv7-m\libc.a(lib_a-mallocr.o)
 .bss.__malloc_max_sbrked_mem
                0x00000000        0x4 c:/nxp/mcuxpressoide_10.0.2_411/ide/tools/bin/../lib/gcc/arm-none-eabi/5.4.1/../../../../arm-none-eabi/lib/armv7-m\libc.a(lib_a-mallocr.o)
 .bss.__malloc_top_pad
                0x00000000        0x4 c:/nxp/mcuxpressoide_10.0.2_411/ide/tools/bin/../lib/gcc/arm-none-eabi/5.4.1/../../../../arm-none-eabi/lib/armv7-m\libc.a(lib_a-mallocr.o)
 .bss.__malloc_current_mallinfo
                0x00000000       0x28 c:/nxp/mcuxpressoide_10.0.2_411/ide/tools/bin/../lib/gcc/arm-none-eabi/5.4.1/../../../../arm-none-eabi/lib/armv7-m\libc.a(lib_a-mallocr.o)
 .data.__malloc_sbrk_base
                0x00000000        0x4 c:/nxp/mcuxpressoide_10.0.2_411/ide/tools/bin/../lib/gcc/arm-none-eabi/5.4.1/../../../../arm-none-eabi/lib/armv7-m\libc.a(lib_a-mallocr.o)
 .debug_frame   0x00000000       0x54 c:/nxp/mcuxpressoide_10.0.2_411/ide/tools/bin/../lib/gcc/arm-none-eabi/5.4.1/../../../../arm-none-eabi/lib/armv7-m\libc.a(lib_a-mallocr.o)
 .ARM.attributes
                0x00000000       0x2d c:/nxp/mcuxpressoide_10.0.2_411/ide/tools/bin/../lib/gcc/arm-none-eabi/5.4.1/../../../../arm-none-eabi/lib/armv7-m\libc.a(lib_a-mallocr.o)
 .text          0x00000000        0x0 c:/nxp/mcuxpressoide_10.0.2_411/ide/tools/bin/../lib/gcc/arm-none-eabi/5.4.1/../../../../arm-none-eabi/lib/armv7-m\libc.a(lib_a-mlock.o)
 .data          0x00000000        0x0 c:/nxp/mcuxpressoide_10.0.2_411/ide/tools/bin/../lib/gcc/arm-none-eabi/5.4.1/../../../../arm-none-eabi/lib/armv7-m\libc.a(lib_a-mlock.o)
 .bss           0x00000000        0x0 c:/nxp/mcuxpressoide_10.0.2_411/ide/tools/bin/../lib/gcc/arm-none-eabi/5.4.1/../../../../arm-none-eabi/lib/armv7-m\libc.a(lib_a-mlock.o)
 .text.__malloc_lock
                0x00000000        0x4 c:/nxp/mcuxpressoide_10.0.2_411/ide/tools/bin/../lib/gcc/arm-none-eabi/5.4.1/../../../../arm-none-eabi/lib/armv7-m\libc.a(lib_a-mlock.o)
 .text.__malloc_unlock
                0x00000000        0x4 c:/nxp/mcuxpressoide_10.0.2_411/ide/tools/bin/../lib/gcc/arm-none-eabi/5.4.1/../../../../arm-none-eabi/lib/armv7-m\libc.a(lib_a-mlock.o)
 .debug_frame   0x00000000       0x30 c:/nxp/mcuxpressoide_10.0.2_411/ide/tools/bin/../lib/gcc/arm-none-eabi/5.4.1/../../../../arm-none-eabi/lib/armv7-m\libc.a(lib_a-mlock.o)
 .ARM.attributes
                0x00000000       0x2d c:/nxp/mcuxpressoide_10.0.2_411/ide/tools/bin/../lib/gcc/arm-none-eabi/5.4.1/../../../../arm-none-eabi/lib/armv7-m\libc.a(lib_a-mlock.o)
 .text          0x00000000        0x0 c:/nxp/mcuxpressoide_10.0.2_411/ide/tools/bin/../lib/gcc/arm-none-eabi/5.4.1/../../../../arm-none-eabi/lib/armv7-m\libc.a(lib_a-sbrkr.o)
 .data          0x00000000        0x0 c:/nxp/mcuxpressoide_10.0.2_411/ide/tools/bin/../lib/gcc/arm-none-eabi/5.4.1/../../../../arm-none-eabi/lib/armv7-m\libc.a(lib_a-sbrkr.o)
 .bss           0x00000000        0x0 c:/nxp/mcuxpressoide_10.0.2_411/ide/tools/bin/../lib/gcc/arm-none-eabi/5.4.1/../../../../arm-none-eabi/lib/armv7-m\libc.a(lib_a-sbrkr.o)
 .text._sbrk_r  0x00000000       0x24 c:/nxp/mcuxpressoide_10.0.2_411/ide/tools/bin/../lib/gcc/arm-none-eabi/5.4.1/../../../../arm-none-eabi/lib/armv7-m\libc.a(lib_a-sbrkr.o)
 .debug_frame   0x00000000       0x2c c:/nxp/mcuxpressoide_10.0.2_411/ide/tools/bin/../lib/gcc/arm-none-eabi/5.4.1/../../../../arm-none-eabi/lib/armv7-m\libc.a(lib_a-sbrkr.o)
 .ARM.attributes
                0x00000000       0x2d c:/nxp/mcuxpressoide_10.0.2_411/ide/tools/bin/../lib/gcc/arm-none-eabi/5.4.1/../../../../arm-none-eabi/lib/armv7-m\libc.a(lib_a-sbrkr.o)
 .text          0x00000000        0x0 c:/nxp/mcuxpressoide_10.0.2_411/ide/tools/bin/../lib/gcc/arm-none-eabi/5.4.1/../../../../arm-none-eabi/lib/armv7-m\libc.a(lib_a-freer.o)
 .data          0x00000000        0x0 c:/nxp/mcuxpressoide_10.0.2_411/ide/tools/bin/../lib/gcc/arm-none-eabi/5.4.1/../../../../arm-none-eabi/lib/armv7-m\libc.a(lib_a-freer.o)
 .bss           0x00000000        0x0 c:/nxp/mcuxpressoide_10.0.2_411/ide/tools/bin/../lib/gcc/arm-none-eabi/5.4.1/../../../../arm-none-eabi/lib/armv7-m\libc.a(lib_a-freer.o)
 .text._malloc_trim_r
                0x00000000       0x9c c:/nxp/mcuxpressoide_10.0.2_411/ide/tools/bin/../lib/gcc/arm-none-eabi/5.4.1/../../../../arm-none-eabi/lib/armv7-m\libc.a(lib_a-freer.o)
 .text._free_r  0x00000000      0x1d0 c:/nxp/mcuxpressoide_10.0.2_411/ide/tools/bin/../lib/gcc/arm-none-eabi/5.4.1/../../../../arm-none-eabi/lib/armv7-m\libc.a(lib_a-freer.o)
 .debug_frame   0x00000000       0x74 c:/nxp/mcuxpressoide_10.0.2_411/ide/tools/bin/../lib/gcc/arm-none-eabi/5.4.1/../../../../arm-none-eabi/lib/armv7-m\libc.a(lib_a-freer.o)
 .ARM.attributes
                0x00000000       0x2d c:/nxp/mcuxpressoide_10.0.2_411/ide/tools/bin/../lib/gcc/arm-none-eabi/5.4.1/../../../../arm-none-eabi/lib/armv7-m\libc.a(lib_a-freer.o)
 .text          0x00000000        0x0 c:/nxp/mcuxpressoide_10.0.2_411/ide/tools/bin/../lib/gcc/arm-none-eabi/5.4.1/../../../../arm-none-eabi/lib/armv7-m\libc.a(lib_a-impure.o)
 .data          0x00000000        0x0 c:/nxp/mcuxpressoide_10.0.2_411/ide/tools/bin/../lib/gcc/arm-none-eabi/5.4.1/../../../../arm-none-eabi/lib/armv7-m\libc.a(lib_a-impure.o)
 .bss           0x00000000        0x0 c:/nxp/mcuxpressoide_10.0.2_411/ide/tools/bin/../lib/gcc/arm-none-eabi/5.4.1/../../../../arm-none-eabi/lib/armv7-m\libc.a(lib_a-impure.o)
 .data.impure_data
                0x00000000      0x428 c:/nxp/mcuxpressoide_10.0.2_411/ide/tools/bin/../lib/gcc/arm-none-eabi/5.4.1/../../../../arm-none-eabi/lib/armv7-m\libc.a(lib_a-impure.o)
 .data._impure_ptr
                0x00000000        0x4 c:/nxp/mcuxpressoide_10.0.2_411/ide/tools/bin/../lib/gcc/arm-none-eabi/5.4.1/../../../../arm-none-eabi/lib/armv7-m\libc.a(lib_a-impure.o)
 .rodata._global_impure_ptr
                0x00000000        0x4 c:/nxp/mcuxpressoide_10.0.2_411/ide/tools/bin/../lib/gcc/arm-none-eabi/5.4.1/../../../../arm-none-eabi/lib/armv7-m\libc.a(lib_a-impure.o)
 .ARM.attributes
                0x00000000       0x2d c:/nxp/mcuxpressoide_10.0.2_411/ide/tools/bin/../lib/gcc/arm-none-eabi/5.4.1/../../../../arm-none-eabi/lib/armv7-m\libc.a(lib_a-impure.o)
 .text          0x00000000        0x0 c:/nxp/mcuxpressoide_10.0.2_411/ide/tools/bin/../lib/gcc/arm-none-eabi/5.4.1/../../../../arm-none-eabi/lib/armv7-m\libc.a(lib_a-reent.o)
 .data          0x00000000        0x0 c:/nxp/mcuxpressoide_10.0.2_411/ide/tools/bin/../lib/gcc/arm-none-eabi/5.4.1/../../../../arm-none-eabi/lib/armv7-m\libc.a(lib_a-reent.o)
 .bss           0x00000000        0x0 c:/nxp/mcuxpressoide_10.0.2_411/ide/tools/bin/../lib/gcc/arm-none-eabi/5.4.1/../../../../arm-none-eabi/lib/armv7-m\libc.a(lib_a-reent.o)
 .text.cleanup_glue
                0x00000000       0x1c c:/nxp/mcuxpressoide_10.0.2_411/ide/tools/bin/../lib/gcc/arm-none-eabi/5.4.1/../../../../arm-none-eabi/lib/armv7-m\libc.a(lib_a-reent.o)
 .text._reclaim_reent
                0x00000000       0x88 c:/nxp/mcuxpressoide_10.0.2_411/ide/tools/bin/../lib/gcc/arm-none-eabi/5.4.1/../../../../arm-none-eabi/lib/armv7-m\libc.a(lib_a-reent.o)
 .debug_frame   0x00000000       0x58 c:/nxp/mcuxpressoide_10.0.2_411/ide/tools/bin/../lib/gcc/arm-none-eabi/5.4.1/../../../../arm-none-eabi/lib/armv7-m\libc.a(lib_a-reent.o)
 .ARM.attributes
                0x00000000       0x2d c:/nxp/mcuxpressoide_10.0.2_411/ide/tools/bin/../lib/gcc/arm-none-eabi/5.4.1/../../../../arm-none-eabi/lib/armv7-m\libc.a(lib_a-reent.o)
 COMMON         0x00000000        0x4 c:/nxp/mcuxpressoide_10.0.2_411/ide/tools/bin/../lib/gcc/arm-none-eabi/5.4.1/../../../../arm-none-eabi/lib/armv7-m\libc.a(lib_a-reent.o)
 .text          0x00000000        0x0 c:/nxp/mcuxpressoide_10.0.2_411/ide/tools/bin/../lib/gcc/arm-none-eabi/5.4.1/../../../../arm-none-eabi/lib/armv7-m\libcr_newlib_nohost.a(_cr_sbrk.o)
 .data          0x00000000        0x0 c:/nxp/mcuxpressoide_10.0.2_411/ide/tools/bin/../lib/gcc/arm-none-eabi/5.4.1/../../../../arm-none-eabi/lib/armv7-m\libcr_newlib_nohost.a(_cr_sbrk.o)
 .bss           0x00000000        0x0 c:/nxp/mcuxpressoide_10.0.2_411/ide/tools/bin/../lib/gcc/arm-none-eabi/5.4.1/../../../../arm-none-eabi/lib/armv7-m\libcr_newlib_nohost.a(_cr_sbrk.o)
 .text._sbrk    0x00000000       0x3c c:/nxp/mcuxpressoide_10.0.2_411/ide/tools/bin/../lib/gcc/arm-none-eabi/5.4.1/../../../../arm-none-eabi/lib/armv7-m\libcr_newlib_nohost.a(_cr_sbrk.o)
 .bss.__end_of_heap
                0x00000000        0x4 c:/nxp/mcuxpressoide_10.0.2_411/ide/tools/bin/../lib/gcc/arm-none-eabi/5.4.1/../../../../arm-none-eabi/lib/armv7-m\libcr_newlib_nohost.a(_cr_sbrk.o)
 .debug_info    0x00000000      0x124 c:/nxp/mcuxpressoide_10.0.2_411/ide/tools/bin/../lib/gcc/arm-none-eabi/5.4.1/../../../../arm-none-eabi/lib/armv7-m\libcr_newlib_nohost.a(_cr_sbrk.o)
 .debug_abbrev  0x00000000       0xcf c:/nxp/mcuxpressoide_10.0.2_411/ide/tools/bin/../lib/gcc/arm-none-eabi/5.4.1/../../../../arm-none-eabi/lib/armv7-m\libcr_newlib_nohost.a(_cr_sbrk.o)
 .debug_loc     0x00000000       0x47 c:/nxp/mcuxpressoide_10.0.2_411/ide/tools/bin/../lib/gcc/arm-none-eabi/5.4.1/../../../../arm-none-eabi/lib/armv7-m\libcr_newlib_nohost.a(_cr_sbrk.o)
 .debug_aranges
                0x00000000       0x20 c:/nxp/mcuxpressoide_10.0.2_411/ide/tools/bin/../lib/gcc/arm-none-eabi/5.4.1/../../../../arm-none-eabi/lib/armv7-m\libcr_newlib_nohost.a(_cr_sbrk.o)
 .debug_ranges  0x00000000       0x10 c:/nxp/mcuxpressoide_10.0.2_411/ide/tools/bin/../lib/gcc/arm-none-eabi/5.4.1/../../../../arm-none-eabi/lib/armv7-m\libcr_newlib_nohost.a(_cr_sbrk.o)
 .debug_line    0x00000000       0xfb c:/nxp/mcuxpressoide_10.0.2_411/ide/tools/bin/../lib/gcc/arm-none-eabi/5.4.1/../../../../arm-none-eabi/lib/armv7-m\libcr_newlib_nohost.a(_cr_sbrk.o)
 .debug_str     0x00000000      0x22a c:/nxp/mcuxpressoide_10.0.2_411/ide/tools/bin/../lib/gcc/arm-none-eabi/5.4.1/../../../../arm-none-eabi/lib/armv7-m\libcr_newlib_nohost.a(_cr_sbrk.o)
 .comment       0x00000000       0x6f c:/nxp/mcuxpressoide_10.0.2_411/ide/tools/bin/../lib/gcc/arm-none-eabi/5.4.1/../../../../arm-none-eabi/lib/armv7-m\libcr_newlib_nohost.a(_cr_sbrk.o)
 .debug_frame   0x00000000       0x2c c:/nxp/mcuxpressoide_10.0.2_411/ide/tools/bin/../lib/gcc/arm-none-eabi/5.4.1/../../../../arm-none-eabi/lib/armv7-m\libcr_newlib_nohost.a(_cr_sbrk.o)
 .ARM.attributes
                0x00000000       0x33 c:/nxp/mcuxpressoide_10.0.2_411/ide/tools/bin/../lib/gcc/arm-none-eabi/5.4.1/../../../../arm-none-eabi/lib/armv7-m\libcr_newlib_nohost.a(_cr_sbrk.o)
 .text          0x00000000        0x0 c:/nxp/mcuxpressoide_10.0.2_411/ide/tools/bin/../lib/gcc/arm-none-eabi/5.4.1/../../../../arm-none-eabi/lib/armv7-m\libcr_newlib_nohost.a(_cr_check_heap.o)
 .data          0x00000000        0x0 c:/nxp/mcuxpressoide_10.0.2_411/ide/tools/bin/../lib/gcc/arm-none-eabi/5.4.1/../../../../arm-none-eabi/lib/armv7-m\libcr_newlib_nohost.a(_cr_check_heap.o)
 .bss           0x00000000        0x0 c:/nxp/mcuxpressoide_10.0.2_411/ide/tools/bin/../lib/gcc/arm-none-eabi/5.4.1/../../../../arm-none-eabi/lib/armv7-m\libcr_newlib_nohost.a(_cr_check_heap.o)
 .text.__check_heap_overflow
                0x00000000       0x18 c:/nxp/mcuxpressoide_10.0.2_411/ide/tools/bin/../lib/gcc/arm-none-eabi/5.4.1/../../../../arm-none-eabi/lib/armv7-m\libcr_newlib_nohost.a(_cr_check_heap.o)
 .debug_info    0x00000000       0x6a c:/nxp/mcuxpressoide_10.0.2_411/ide/tools/bin/../lib/gcc/arm-none-eabi/5.4.1/../../../../arm-none-eabi/lib/armv7-m\libcr_newlib_nohost.a(_cr_check_heap.o)
 .debug_abbrev  0x00000000       0x62 c:/nxp/mcuxpressoide_10.0.2_411/ide/tools/bin/../lib/gcc/arm-none-eabi/5.4.1/../../../../arm-none-eabi/lib/armv7-m\libcr_newlib_nohost.a(_cr_check_heap.o)
 .debug_loc     0x00000000       0x3a c:/nxp/mcuxpressoide_10.0.2_411/ide/tools/bin/../lib/gcc/arm-none-eabi/5.4.1/../../../../arm-none-eabi/lib/armv7-m\libcr_newlib_nohost.a(_cr_check_heap.o)
 .debug_aranges
                0x00000000       0x20 c:/nxp/mcuxpressoide_10.0.2_411/ide/tools/bin/../lib/gcc/arm-none-eabi/5.4.1/../../../../arm-none-eabi/lib/armv7-m\libcr_newlib_nohost.a(_cr_check_heap.o)
 .debug_ranges  0x00000000       0x10 c:/nxp/mcuxpressoide_10.0.2_411/ide/tools/bin/../lib/gcc/arm-none-eabi/5.4.1/../../../../arm-none-eabi/lib/armv7-m\libcr_newlib_nohost.a(_cr_check_heap.o)
 .debug_line    0x00000000       0x4d c:/nxp/mcuxpressoide_10.0.2_411/ide/tools/bin/../lib/gcc/arm-none-eabi/5.4.1/../../../../arm-none-eabi/lib/armv7-m\libcr_newlib_nohost.a(_cr_check_heap.o)
 .debug_str     0x00000000      0x16c c:/nxp/mcuxpressoide_10.0.2_411/ide/tools/bin/../lib/gcc/arm-none-eabi/5.4.1/../../../../arm-none-eabi/lib/armv7-m\libcr_newlib_nohost.a(_cr_check_heap.o)
 .comment       0x00000000       0x6f c:/nxp/mcuxpressoide_10.0.2_411/ide/tools/bin/../lib/gcc/arm-none-eabi/5.4.1/../../../../arm-none-eabi/lib/armv7-m\libcr_newlib_nohost.a(_cr_check_heap.o)
 .debug_frame   0x00000000       0x20 c:/nxp/mcuxpressoide_10.0.2_411/ide/tools/bin/../lib/gcc/arm-none-eabi/5.4.1/../../../../arm-none-eabi/lib/armv7-m\libcr_newlib_nohost.a(_cr_check_heap.o)
 .ARM.attributes
                0x00000000       0x33 c:/nxp/mcuxpressoide_10.0.2_411/ide/tools/bin/../lib/gcc/arm-none-eabi/5.4.1/../../../../arm-none-eabi/lib/armv7-m\libcr_newlib_nohost.a(_cr_check_heap.o)
 .text          0x00000000        0x0 c:/nxp/mcuxpressoide_10.0.2_411/ide/tools/bin/../lib/gcc/arm-none-eabi/5.4.1/armv7-m\crti.o
 .data          0x00000000        0x0 c:/nxp/mcuxpressoide_10.0.2_411/ide/tools/bin/../lib/gcc/arm-none-eabi/5.4.1/armv7-m\crti.o
 .bss           0x00000000        0x0 c:/nxp/mcuxpressoide_10.0.2_411/ide/tools/bin/../lib/gcc/arm-none-eabi/5.4.1/armv7-m\crti.o
 .text          0x00000000        0x0 c:/nxp/mcuxpressoide_10.0.2_411/ide/tools/bin/../lib/gcc/arm-none-eabi/5.4.1/armv7-m\crtn.o
 .data          0x00000000        0x0 c:/nxp/mcuxpressoide_10.0.2_411/ide/tools/bin/../lib/gcc/arm-none-eabi/5.4.1/armv7-m\crtn.o
 .bss           0x00000000        0x0 c:/nxp/mcuxpressoide_10.0.2_411/ide/tools/bin/../lib/gcc/arm-none-eabi/5.4.1/armv7-m\crtn.o
 .data          0x00000000        0x4 c:/nxp/mcuxpressoide_10.0.2_411/ide/tools/bin/../lib/gcc/arm-none-eabi/5.4.1/armv7-m\crtbegin.o
 .fini_array    0x00000000        0x4 c:/nxp/mcuxpressoide_10.0.2_411/ide/tools/bin/../lib/gcc/arm-none-eabi/5.4.1/armv7-m\crtbegin.o
 .text          0x00000000        0x0 c:/nxp/mcuxpressoide_10.0.2_411/ide/tools/bin/../lib/gcc/arm-none-eabi/5.4.1/armv7-m\crtend.o
 .data          0x00000000        0x0 c:/nxp/mcuxpressoide_10.0.2_411/ide/tools/bin/../lib/gcc/arm-none-eabi/5.4.1/armv7-m\crtend.o
 .bss           0x00000000        0x0 c:/nxp/mcuxpressoide_10.0.2_411/ide/tools/bin/../lib/gcc/arm-none-eabi/5.4.1/armv7-m\crtend.o
 .eh_frame      0x00000000        0x4 c:/nxp/mcuxpressoide_10.0.2_411/ide/tools/bin/../lib/gcc/arm-none-eabi/5.4.1/armv7-m\crtend.o
 .jcr           0x00000000        0x4 c:/nxp/mcuxpressoide_10.0.2_411/ide/tools/bin/../lib/gcc/arm-none-eabi/5.4.1/armv7-m\crtend.o
 .ARM.attributes
                0x00000000       0x2d c:/nxp/mcuxpressoide_10.0.2_411/ide/tools/bin/../lib/gcc/arm-none-eabi/5.4.1/armv7-m\crtend.o
 .text          0x00000000        0x0 c:/nxp/mcuxpressoide_10.0.2_411/ide/tools/bin/../lib/gcc/arm-none-eabi/5.4.1/../../../../arm-none-eabi/lib/armv7-m\libc.a(lib_a-errno.o)
 .data          0x00000000        0x0 c:/nxp/mcuxpressoide_10.0.2_411/ide/tools/bin/../lib/gcc/arm-none-eabi/5.4.1/../../../../arm-none-eabi/lib/armv7-m\libc.a(lib_a-errno.o)
 .bss           0x00000000        0x0 c:/nxp/mcuxpressoide_10.0.2_411/ide/tools/bin/../lib/gcc/arm-none-eabi/5.4.1/../../../../arm-none-eabi/lib/armv7-m\libc.a(lib_a-errno.o)
 .text.__errno  0x00000000        0xc c:/nxp/mcuxpressoide_10.0.2_411/ide/tools/bin/../lib/gcc/arm-none-eabi/5.4.1/../../../../arm-none-eabi/lib/armv7-m\libc.a(lib_a-errno.o)
 .debug_frame   0x00000000       0x20 c:/nxp/mcuxpressoide_10.0.2_411/ide/tools/bin/../lib/gcc/arm-none-eabi/5.4.1/../../../../arm-none-eabi/lib/armv7-m\libc.a(lib_a-errno.o)
 .ARM.attributes
                0x00000000       0x2d c:/nxp/mcuxpressoide_10.0.2_411/ide/tools/bin/../lib/gcc/arm-none-eabi/5.4.1/../../../../arm-none-eabi/lib/armv7-m\libc.a(lib_a-errno.o)

Memory Configuration

Name             Origin             Length             Attributes
MFlash32         0x00000000         0x00008000         xr
RamLoc8          0x10000000         0x00002000         xrw
*default*        0x00000000         0xffffffff

Linker script and memory map

LOAD ./src/LPC134x_Timer_Ex_1.o
LOAD ./src/cr_cpp_config.o
LOAD ./src/cr_startup_lpc13xx.o
LOAD ./src/crp.o
LOAD Y:\LPC1343-Tutorial-Examples\MCUXpresso\Timer\CMSIS_CORE_LPC13xx\Debug\libCMSIS_CORE_LPC13xx.a
START GROUP
LOAD c:/nxp/mcuxpressoide_10.0.2_411/ide/tools/bin/../lib/gcc/arm-none-eabi/5.4.1/armv7-m\libgcc.a
LOAD c:/nxp/mcuxpressoide_10.0.2_411/ide/tools/bin/../lib/gcc/arm-none-eabi/5.4.1/../../../../arm-none-eabi/lib/armv7-m\libc.a
LOAD c:/nxp/mcuxpressoide_10.0.2_411/ide/tools/bin/../lib/gcc/arm-none-eabi/5.4.1/../../../../arm-none-eabi/lib/armv7-m\libstdc++.a
LOAD c:/nxp/mcuxpressoide_10.0.2_411/ide/tools/bin/../lib/gcc/arm-none-eabi/5.4.1/../../../../arm-none-eabi/lib/armv7-m\libm.a
LOAD c:/nxp/mcuxpressoide_10.0.2_411/ide/tools/bin/../lib/gcc/arm-none-eabi/5.4.1/../../../../arm-none-eabi/lib/armv7-m\libcr_newlib_nohost.a
LOAD c:/nxp/mcuxpressoide_10.0.2_411/ide/tools/bin/../lib/gcc/arm-none-eabi/5.4.1/armv7-m\crti.o
LOAD c:/nxp/mcuxpressoide_10.0.2_411/ide/tools/bin/../lib/gcc/arm-none-eabi/5.4.1/armv7-m\crtn.o
LOAD c:/nxp/mcuxpressoide_10.0.2_411/ide/tools/bin/../lib/gcc/arm-none-eabi/5.4.1/armv7-m\crtbegin.o
LOAD c:/nxp/mcuxpressoide_10.0.2_411/ide/tools/bin/../lib/gcc/arm-none-eabi/5.4.1/armv7-m\crtend.o
END GROUP
                0x00000000                __base_MFlash32 = 0x0
                0x00000000                __base_Flash = 0x0
                0x00008000                __top_MFlash32 = 0x8000
                0x00008000                __top_Flash = 0x8000
                0x10000000                __base_RamLoc8 = 0x10000000
                0x10000000                __base_RAM = 0x10000000
                0x10002000                __top_RamLoc8 = 0x10002000
                0x10002000                __top_RAM = 0x10002000

.text           0x00000000      0x53c
 FILL mask 0xff
                0x00000000                __vectors_start__ = ABSOLUTE (.)
 *(.isr_vector)
 .isr_vector    0x00000000      0x128 ./src/cr_startup_lpc13xx.o
                0x00000000                g_pfnVectors
                0x00000128                . = ALIGN (0x4)
                0x00000128                __section_table_start = .
                0x00000128                __data_section_table = .
                0x00000128        0x4 LONG 0x53c LOADADDR (.data)
                0x0000012c        0x4 LONG 0x10000000 ADDR (.data)
                0x00000130        0x4 LONG 0x0 SIZEOF (.data)
                0x00000134                __data_section_table_end = .
                0x00000134                __bss_section_table = .
                0x00000134        0x4 LONG 0x10000000 ADDR (.bss)
                0x00000138        0x4 LONG 0x1c SIZEOF (.bss)
                0x0000013c                __bss_section_table_end = .
                0x0000013c                __section_table_end = .
 *(.after_vectors*)
 .after_vectors
                0x0000013c      0x158 ./src/cr_startup_lpc13xx.o
                0x0000013c                data_init(unsigned int, unsigned int, unsigned int)
                0x00000180                bss_init(unsigned int, unsigned int)
                0x000001b8                ResetISR
                0x00000244                NMI_Handler
                0x0000024c                HardFault_Handler
                0x00000254                MemManage_Handler
                0x0000025c                BusFault_Handler
                0x00000264                UsageFault_Handler
                0x0000026c                SVC_Handler
                0x00000274                DebugMon_Handler
                0x0000027c                PendSV_Handler
                0x00000284                SysTick_Handler
                0x0000028c                SSP_IRQHandler
                0x0000028c                TIMER16_1_IRQHandler
                0x0000028c                UART_IRQHandler
                0x0000028c                ADC_IRQHandler
                0x0000028c                SSP1_IRQHandler
                0x0000028c                IntDefaultHandler
                0x0000028c                TIMER32_0_IRQHandler
                0x0000028c                USB_IRQHandler
                0x0000028c                BOD_IRQHandler
                0x0000028c                WAKEUP_IRQHandler
                0x0000028c                PIOINT0_IRQHandler
                0x0000028c                I2C_IRQHandler
                0x0000028c                PIOINT1_IRQHandler
                0x0000028c                TIMER32_1_IRQHandler
                0x0000028c                WDT_IRQHandler
                0x0000028c                PIOINT2_IRQHandler
                0x0000028c                USB_FIQHandler
                0x0000028c                PIOINT3_IRQHandler
                0x0000028c                TIMER16_0_IRQHandler
                0x0000028c                FMC_IRQHandler
                0x000002fc                . = 0x2fc
 *fill*         0x00000294       0x68 ff
                0x000002fc                PROVIDE (__CRP_WORD_START__, .)
 *(.crp)
 .crp           0x000002fc        0x4 ./src/crp.o
                0x000002fc                CRP_WORD
                0x00000300                PROVIDE (__CRP_WORD_END__, .)
                0x00000001                ASSERT (! ((__CRP_WORD_START__ == __CRP_WORD_END__)), Linker CRP Enabled, but no CRP_WORD provided within application)
 *(.text*)
 .text.main     0x00000300       0x44 ./src/LPC134x_Timer_Ex_1.o
                0x00000300                main
 .text._Z10initTimer0v
                0x00000344       0x3c ./src/LPC134x_Timer_Ex_1.o
                0x00000344                initTimer0()
 .text._Z7delayMSj
                0x00000380       0x40 ./src/LPC134x_Timer_Ex_1.o
                0x00000380                delayMS(unsigned int)
 .text.SystemInit
                0x000003c0       0xb4 Y:\LPC1343-Tutorial-Examples\MCUXpresso\Timer\CMSIS_CORE_LPC13xx\Debug\libCMSIS_CORE_LPC13xx.a(system_LPC13xx.o)
                0x000003c0                SystemInit
 .text.__libc_init_array
                0x00000474       0x50 c:/nxp/mcuxpressoide_10.0.2_411/ide/tools/bin/../lib/gcc/arm-none-eabi/5.4.1/../../../../arm-none-eabi/lib/armv7-m\libc.a(lib_a-init.o)
                0x00000474                __libc_init_array
 .text          0x000004c4       0x5c c:/nxp/mcuxpressoide_10.0.2_411/ide/tools/bin/../lib/gcc/arm-none-eabi/5.4.1/armv7-m\crtbegin.o
 *(.rodata .rodata.* .constdata .constdata.*)
                0x00000520                . = ALIGN (0x4)
                0x00000520                . = ALIGN (0x4)
 *(.init)
 .init          0x00000520        0x4 c:/nxp/mcuxpressoide_10.0.2_411/ide/tools/bin/../lib/gcc/arm-none-eabi/5.4.1/armv7-m\crti.o
                0x00000520                _init
 .init          0x00000524        0x8 c:/nxp/mcuxpressoide_10.0.2_411/ide/tools/bin/../lib/gcc/arm-none-eabi/5.4.1/armv7-m\crtn.o
                0x0000052c                . = ALIGN (0x4)
                0x0000052c                __preinit_array_start = .
 *(.preinit_array)
                0x0000052c                __preinit_array_end = .
                0x0000052c                . = ALIGN (0x4)
                0x0000052c                __init_array_start = .
 *(SORT(.init_array.*))
 *(.init_array)
 .init_array    0x0000052c        0x4 c:/nxp/mcuxpressoide_10.0.2_411/ide/tools/bin/../lib/gcc/arm-none-eabi/5.4.1/armv7-m\crtbegin.o
                0x00000530                __init_array_end = .
 *(.fini)
 .fini          0x00000530        0x4 c:/nxp/mcuxpressoide_10.0.2_411/ide/tools/bin/../lib/gcc/arm-none-eabi/5.4.1/armv7-m\crti.o
                0x00000530                _fini
 .fini          0x00000534        0x8 c:/nxp/mcuxpressoide_10.0.2_411/ide/tools/bin/../lib/gcc/arm-none-eabi/5.4.1/armv7-m\crtn.o
                0x0000053c                . = ALIGN (0x4)
 *crtbegin.o(.ctors)
 *(EXCLUDE_FILE(*crtend.o) .ctors)
 *(SORT(.ctors.*))
 *crtend.o(.ctors)
                0x0000053c                . = ALIGN (0x4)
 *crtbegin.o(.dtors)
 *(EXCLUDE_FILE(*crtend.o) .dtors)
 *(SORT(.dtors.*))
 *crtend.o(.dtors)
                0x0000053c                . = ALIGN (0x4)

.glue_7         0x0000053c        0x0
 .glue_7        0x0000053c        0x0 linker stubs

.glue_7t        0x0000053c        0x0
 .glue_7t       0x0000053c        0x0 linker stubs

.vfp11_veneer   0x0000053c        0x0
 .vfp11_veneer  0x0000053c        0x0 linker stubs

.v4_bx          0x0000053c        0x0
 .v4_bx         0x0000053c        0x0 linker stubs

.iplt           0x0000053c        0x0
 .iplt          0x0000053c        0x0 ./src/LPC134x_Timer_Ex_1.o

.rel.dyn        0x0000053c        0x0
 .rel.iplt      0x0000053c        0x0 ./src/LPC134x_Timer_Ex_1.o

.eh_frame       0x0000053c        0x0
 .eh_frame      0x0000053c        0x0 c:/nxp/mcuxpressoide_10.0.2_411/ide/tools/bin/../lib/gcc/arm-none-eabi/5.4.1/armv7-m\crtbegin.o

.ARM.extab
 *(.ARM.extab* .gnu.linkonce.armextab.*)
                0x0000053c                __exidx_start = .

.ARM.exidx
 *(.ARM.exidx* .gnu.linkonce.armexidx.*)
                0x0000053c                __exidx_end = .
                0x0000053c                _etext = .

.uninit_RESERVED
                0x10000000        0x0
 *(.bss.$RESERVED*)
                0x10000000                . = ALIGN (0x4)
                0x10000000                _end_uninit_RESERVED = .

.data           0x10000000        0x0 load address 0x0000053c
 FILL mask 0xff
                0x10000000                _data = .
 *(vtable)
 *(.ramfunc*)
 *(.data*)
                0x10000000                . = ALIGN (0x4)
                0x10000000                _edata = .

.igot.plt       0x10000000        0x0 load address 0x0000053c
 .igot.plt      0x10000000        0x0 ./src/LPC134x_Timer_Ex_1.o

.jcr            0x10000000        0x0 load address 0x0000053c
 .jcr           0x10000000        0x0 c:/nxp/mcuxpressoide_10.0.2_411/ide/tools/bin/../lib/gcc/arm-none-eabi/5.4.1/armv7-m\crtbegin.o

.bss            0x10000000       0x1c load address 0x0000053c
                0x10000000                _bss = .
 *(.bss*)
 .bss           0x10000000       0x1c c:/nxp/mcuxpressoide_10.0.2_411/ide/tools/bin/../lib/gcc/arm-none-eabi/5.4.1/armv7-m\crtbegin.o
 *(COMMON)
                0x1000001c                . = ALIGN (0x4)
                0x1000001c                _ebss = .
                [!provide]                PROVIDE (end, .)

.noinit         0x1000001c        0x0 load address 0x0000053c
                0x1000001c                _noinit = .
 *(.noinit*)
                0x1000001c                . = ALIGN (0x4)
                0x1000001c                _end_noinit = .
                0x1000001c                PROVIDE (_pvHeapStart, DEFINED (__user_heap_base)?__user_heap_base:.)
                0x10002000                PROVIDE (_vStackTop, DEFINED (__user_stack_top)?__user_stack_top:(__top_RamLoc8 - 0x0))
                0xefffd29e                PROVIDE (__valid_user_code_checksum, (0x0 - ((((((_vStackTop + (ResetISR + 0x1)) + (NMI_Handler + 0x1)) + (HardFault_Handler + 0x1)) + (DEFINED (MemManage_Handler)?MemManage_Handler:0x0 + 0x1)) + (DEFINED (BusFault_Handler)?BusFault_Handler:0x0 + 0x1)) + (DEFINED (UsageFault_Handler)?UsageFault_Handler:0x0 + 0x1))))
OUTPUT(LPC134x_Timer_Ex_1.axf elf32-littlearm)

.debug_info     0x00000000      0xea7
 .debug_info    0x00000000      0x6fb ./src/LPC134x_Timer_Ex_1.o
 .debug_info    0x000006fb      0x27b ./src/cr_startup_lpc13xx.o
 .debug_info    0x00000976       0x3f ./src/crp.o
 .debug_info    0x000009b5      0x4f2 Y:\LPC1343-Tutorial-Examples\MCUXpresso\Timer\CMSIS_CORE_LPC13xx\Debug\libCMSIS_CORE_LPC13xx.a(system_LPC13xx.o)

.debug_abbrev   0x00000000      0x42f
 .debug_abbrev  0x00000000      0x1ab ./src/LPC134x_Timer_Ex_1.o
 .debug_abbrev  0x000001ab      0x12e ./src/cr_startup_lpc13xx.o
 .debug_abbrev  0x000002d9       0x36 ./src/crp.o
 .debug_abbrev  0x0000030f      0x120 Y:\LPC1343-Tutorial-Examples\MCUXpresso\Timer\CMSIS_CORE_LPC13xx\Debug\libCMSIS_CORE_LPC13xx.a(system_LPC13xx.o)

.debug_aranges  0x00000000       0xf0
 .debug_aranges
                0x00000000       0x30 ./src/LPC134x_Timer_Ex_1.o
 .debug_aranges
                0x00000030       0x80 ./src/cr_startup_lpc13xx.o
 .debug_aranges
                0x000000b0       0x18 ./src/crp.o
 .debug_aranges
                0x000000c8       0x28 Y:\LPC1343-Tutorial-Examples\MCUXpresso\Timer\CMSIS_CORE_LPC13xx\Debug\libCMSIS_CORE_LPC13xx.a(system_LPC13xx.o)

.debug_ranges   0x00000000       0xa8
 .debug_ranges  0x00000000       0x20 ./src/LPC134x_Timer_Ex_1.o
 .debug_ranges  0x00000020       0x70 ./src/cr_startup_lpc13xx.o
 .debug_ranges  0x00000090       0x18 Y:\LPC1343-Tutorial-Examples\MCUXpresso\Timer\CMSIS_CORE_LPC13xx\Debug\libCMSIS_CORE_LPC13xx.a(system_LPC13xx.o)

.debug_macro    0x00000000     0x404d
 .debug_macro   0x00000000       0xa5 ./src/LPC134x_Timer_Ex_1.o
 .debug_macro   0x000000a5      0x8aa ./src/LPC134x_Timer_Ex_1.o
 .debug_macro   0x0000094f       0x1c ./src/LPC134x_Timer_Ex_1.o
 .debug_macro   0x0000096b       0x3a ./src/LPC134x_Timer_Ex_1.o
 .debug_macro   0x000009a5       0x22 ./src/LPC134x_Timer_Ex_1.o
 .debug_macro   0x000009c7       0x87 ./src/LPC134x_Timer_Ex_1.o
 .debug_macro   0x00000a4e       0x44 ./src/LPC134x_Timer_Ex_1.o
 .debug_macro   0x00000a92       0xfd ./src/LPC134x_Timer_Ex_1.o
 .debug_macro   0x00000b8f       0x5e ./src/LPC134x_Timer_Ex_1.o
 .debug_macro   0x00000bed      0x1df ./src/LPC134x_Timer_Ex_1.o
 .debug_macro   0x00000dcc       0x2d ./src/LPC134x_Timer_Ex_1.o
 .debug_macro   0x00000df9      0xbb1 ./src/LPC134x_Timer_Ex_1.o
 .debug_macro   0x000019aa      0x131 ./src/LPC134x_Timer_Ex_1.o
 .debug_macro   0x00001adb       0x1d ./src/cr_startup_lpc13xx.o
 .debug_macro   0x00001af8       0x1a ./src/crp.o
 .debug_macro   0x00001b12      0x892 ./src/crp.o
 .debug_macro   0x000023a4       0x34 ./src/crp.o
 .debug_macro   0x000023d8      0x149 Y:\LPC1343-Tutorial-Examples\MCUXpresso\Timer\CMSIS_CORE_LPC13xx\Debug\libCMSIS_CORE_LPC13xx.a(system_LPC13xx.o)
 .debug_macro   0x00002521      0x88c Y:\LPC1343-Tutorial-Examples\MCUXpresso\Timer\CMSIS_CORE_LPC13xx\Debug\libCMSIS_CORE_LPC13xx.a(system_LPC13xx.o)
 .debug_macro   0x00002dad       0x10 Y:\LPC1343-Tutorial-Examples\MCUXpresso\Timer\CMSIS_CORE_LPC13xx\Debug\libCMSIS_CORE_LPC13xx.a(system_LPC13xx.o)
 .debug_macro   0x00002dbd      0x12d Y:\LPC1343-Tutorial-Examples\MCUXpresso\Timer\CMSIS_CORE_LPC13xx\Debug\libCMSIS_CORE_LPC13xx.a(system_LPC13xx.o)
 .debug_macro   0x00002eea      0x5b2 Y:\LPC1343-Tutorial-Examples\MCUXpresso\Timer\CMSIS_CORE_LPC13xx\Debug\libCMSIS_CORE_LPC13xx.a(system_LPC13xx.o)
 .debug_macro   0x0000349c      0xbb1 Y:\LPC1343-Tutorial-Examples\MCUXpresso\Timer\CMSIS_CORE_LPC13xx\Debug\libCMSIS_CORE_LPC13xx.a(system_LPC13xx.o)

.debug_line     0x00000000      0x603
 .debug_line    0x00000000      0x2aa ./src/LPC134x_Timer_Ex_1.o
 .debug_line    0x000002aa       0xd5 ./src/cr_startup_lpc13xx.o
 .debug_line    0x0000037f       0x7a ./src/crp.o
 .debug_line    0x000003f9      0x20a Y:\LPC1343-Tutorial-Examples\MCUXpresso\Timer\CMSIS_CORE_LPC13xx\Debug\libCMSIS_CORE_LPC13xx.a(system_LPC13xx.o)

.debug_str      0x00000000     0xa512
 .debug_str     0x00000000     0x855b ./src/LPC134x_Timer_Ex_1.o
                               0x86fb (size before relaxing)
 .debug_str     0x0000855b      0x1df ./src/cr_startup_lpc13xx.o
                               0x2753 (size before relaxing)
 .debug_str     0x0000873a      0x2bc ./src/crp.o
                               0x25e3 (size before relaxing)
 .debug_str     0x000089f6     0x1b1c Y:\LPC1343-Tutorial-Examples\MCUXpresso\Timer\CMSIS_CORE_LPC13xx\Debug\libCMSIS_CORE_LPC13xx.a(system_LPC13xx.o)
                               0x911f (size before relaxing)

.comment        0x00000000       0x6e
 .comment       0x00000000       0x6e ./src/LPC134x_Timer_Ex_1.o
                                 0x6f (size before relaxing)
 .comment       0x0000006e       0x6f ./src/cr_startup_lpc13xx.o
 .comment       0x0000006e       0x6f ./src/crp.o
 .comment       0x0000006e       0x6f Y:\LPC1343-Tutorial-Examples\MCUXpresso\Timer\CMSIS_CORE_LPC13xx\Debug\libCMSIS_CORE_LPC13xx.a(system_LPC13xx.o)

.ARM.attributes
                0x00000000       0x33
 .ARM.attributes
                0x00000000       0x33 ./src/LPC134x_Timer_Ex_1.o
 .ARM.attributes
                0x00000033       0x33 ./src/cr_startup_lpc13xx.o
 .ARM.attributes
                0x00000066       0x33 ./src/crp.o
 .ARM.attributes
                0x00000099       0x33 Y:\LPC1343-Tutorial-Examples\MCUXpresso\Timer\CMSIS_CORE_LPC13xx\Debug\libCMSIS_CORE_LPC13xx.a(system_LPC13xx.o)
 .ARM.attributes
                0x000000cc       0x2d c:/nxp/mcuxpressoide_10.0.2_411/ide/tools/bin/../lib/gcc/arm-none-eabi/5.4.1/../../../../arm-none-eabi/lib/armv7-m\libc.a(lib_a-init.o)
 .ARM.attributes
                0x000000f9       0x1d c:/nxp/mcuxpressoide_10.0.2_411/ide/tools/bin/../lib/gcc/arm-none-eabi/5.4.1/armv7-m\crti.o
 .ARM.attributes
                0x00000116       0x1d c:/nxp/mcuxpressoide_10.0.2_411/ide/tools/bin/../lib/gcc/arm-none-eabi/5.4.1/armv7-m\crtn.o
 .ARM.attributes
                0x00000133       0x2d c:/nxp/mcuxpressoide_10.0.2_411/ide/tools/bin/../lib/gcc/arm-none-eabi/5.4.1/armv7-m\crtbegin.o

.debug_frame    0x00000000      0x240
 .debug_frame   0x00000000       0x74 ./src/LPC134x_Timer_Ex_1.o
 .debug_frame   0x00000074      0x170 ./src/cr_startup_lpc13xx.o
 .debug_frame   0x000001e4       0x30 Y:\LPC1343-Tutorial-Examples\MCUXpresso\Timer\CMSIS_CORE_LPC13xx\Debug\libCMSIS_CORE_LPC13xx.a(system_LPC13xx.o)
 .debug_frame   0x00000214       0x2c c:/nxp/mcuxpressoide_10.0.2_411/ide/tools/bin/../lib/gcc/arm-none-eabi/5.4.1/../../../../arm-none-eabi/lib/armv7-m\libc.a(lib_a-init.o)

.debug_loc      0x00000000       0x84
 .debug_loc     0x00000000       0x84 Y:\LPC1343-Tutorial-Examples\MCUXpresso\Timer\CMSIS_CORE_LPC13xx\Debug\libCMSIS_CORE_LPC13xx.a(system_LPC13xx.o)
