
Discarded input sections

 .text          0x00000000        0x0 ..\obj\system_LPC13xx.o
 .bss           0x00000000        0x0 ..\obj\system_LPC13xx.o
 .text          0x00000000        0x0 ..\obj\uart.o
 .data          0x00000000        0x0 ..\obj\uart.o
 .bss           0x00000000        0x0 ..\obj\uart.o
 .text          0x00000000        0x0 ..\obj\main.o
 .data          0x00000000        0x0 ..\obj\main.o
 .bss           0x00000000        0x0 ..\obj\main.o
 .text          0x00000000        0x0 ..\obj\printf.o
 .bss           0x00000000        0x0 ..\obj\printf.o
 .text.snprintf
                0x00000000       0x30 ..\obj\printf.o
 .text.fprintf  0x00000000       0x2c ..\obj\printf.o
 .text.sprintf  0x00000000       0x2c ..\obj\printf.o
 .text.puts     0x00000000       0x24 ..\obj\printf.o
 .text          0x00000000        0x0 ..\obj\startup_lpc13xx.o
 .data          0x00000000        0x0 ..\obj\startup_lpc13xx.o
 .bss           0x00000000        0x0 ..\obj\startup_lpc13xx.o

Memory Configuration

Name             Origin             Length             Attributes
rom              0x00000000         0x00008000         xr
ram              0x10000000         0x00002000         xrw
*default*        0x00000000         0xffffffff

Linker script and memory map

                0x10002000                _eram = 0x10002000

.text           0x00000000      0xdb4
 *(.isr_vector)
 .isr_vector    0x00000000      0x124 ..\obj\startup_lpc13xx.o
                0x00000000                g_pfnVectors
 *(.text*)
 .text.SystemInit
                0x00000124      0x37c ..\obj\system_LPC13xx.o
                0x00000124                SystemInit
 .text.initUART
                0x000004a0       0x70 ..\obj\uart.o
                0x000004a0                initUART
 .text.uartWrite
                0x00000510       0x2c ..\obj\uart.o
                0x00000510                uartWrite
 .text.main     0x0000053c       0x80 ..\obj\main.o
                0x0000053c                main
 .text.PrintChar
                0x000005bc       0x1c ..\obj\printf.o
                0x000005bc                PrintChar
 .text.PutChar  0x000005d8       0x20 ..\obj\printf.o
                0x000005d8                PutChar
 .text.PutString
                0x000005f8       0x3c ..\obj\printf.o
                0x000005f8                PutString
 .text.PutUnsignedInt
                0x00000634       0x9c ..\obj\printf.o
                0x00000634                PutUnsignedInt
 .text.PutSignedInt
                0x000006d0       0xf8 ..\obj\printf.o
                0x000006d0                PutSignedInt
 .text.PutHexa  0x000007c8       0xd4 ..\obj\printf.o
                0x000007c8                PutHexa
 .text.vsnprintf
                0x0000089c      0x254 ..\obj\printf.o
                0x0000089c                vsnprintf
 .text.vsprintf
                0x00000af0       0x24 ..\obj\printf.o
                0x00000af0                vsprintf
 .text.vfprintf
                0x00000b14       0x68 ..\obj\printf.o
                0x00000b14                vfprintf
 .text.vprintf  0x00000b7c       0x28 ..\obj\printf.o
                0x00000b7c                vprintf
 .text.printf   0x00000ba4       0x28 ..\obj\printf.o
                0x00000ba4                printf
 .text.fputc    0x00000bcc       0x40 ..\obj\printf.o
                0x00000bcc                fputc
 .text.fputs    0x00000c0c       0x48 ..\obj\printf.o
                0x00000c0c                fputs
 .text.Default_Reset_Handler
                0x00000c54       0x60 ..\obj\startup_lpc13xx.o
                0x00000c54                Default_Reset_Handler
                0x00000c54                Reset_Handler
 .text.Default_Handler
                0x00000cb4        0x8 ..\obj\startup_lpc13xx.o
                0x00000cb4                TIMER16_0_IRQHandler
                0x00000cb4                DebugMon_Handler
                0x00000cb4                HardFault_Handler
                0x00000cb4                SysTick_Handler
                0x00000cb4                PendSV_Handler
                0x00000cb4                NMI_Handler
                0x00000cb4                UART_IRQHandler
                0x00000cb4                TIMER32_0_IRQHandler
                0x00000cb4                TIMER32_1_IRQHandler
                0x00000cb4                UsageFault_Handler
                0x00000cb4                PIOINT1_IRQHandler
                0x00000cb4                SSP_IRQHandler
                0x00000cb4                TIMER16_1_IRQHandler
                0x00000cb4                USB_FIQHandler
                0x00000cb4                ADC_IRQHandler
                0x00000cb4                PIOINT2_IRQHandler
                0x00000cb4                USB_IRQHandler
                0x00000cb4                BOD_IRQHandler
                0x00000cb4                WAKEUP_IRQHandler
                0x00000cb4                PIOINT0_IRQHandler
                0x00000cb4                I2C_IRQHandler
                0x00000cb4                MemManage_Handler
                0x00000cb4                WDT_IRQHandler
                0x00000cb4                SVC_Handler
                0x00000cb4                PIOINT3_IRQHandler
                0x00000cb4                BusFault_Handler
                0x00000cb4                FMC_IRQHandler
 *(.init)
 *(.fini)
 *crtbegin.o(.ctors)
 *crtbegin?.o(.ctors)
 *(EXCLUDE_FILE(*crtend.o *crtend?.o) .ctors)
 *(SORT(.ctors.*))
 *(.ctors)
 *crtbegin.o(.dtors)
 *crtbegin?.o(.dtors)
 *(EXCLUDE_FILE(*crtend.o *crtend?.o) .dtors)
 *(SORT(.dtors.*))
 *(.dtors)
 *(.rodata*)
 .rodata        0x00000cbc       0xd1 ..\obj\main.o
 *fill*         0x00000d8d        0x3 
 .rodata        0x00000d90       0x24 ..\obj\printf.o
 *(.eh_fram e*)

.glue_7         0x00000db4        0x0
 .glue_7        0x00000db4        0x0 linker stubs

.glue_7t        0x00000db4        0x0
 .glue_7t       0x00000db4        0x0 linker stubs

.vfp11_veneer   0x00000db4        0x0
 .vfp11_veneer  0x00000db4        0x0 linker stubs

.v4_bx          0x00000db4        0x0
 .v4_bx         0x00000db4        0x0 linker stubs

.iplt           0x00000db4        0x0
 .iplt          0x00000db4        0x0 ..\obj\system_LPC13xx.o

.rel.dyn        0x00000db4        0x0
 .rel.iplt      0x00000db4        0x0 ..\obj\system_LPC13xx.o

.ARM.extab
 *(.ARM.extab* .gnu.linkonce.armextab.*)
                0x00000db4                __exidx_start = .

.ARM.exidx
 *(.ARM.exidx* .gnu.linkonce.armexidx.*)
                0x00000db4                __exidx_end = .
                0x00000db4                __etext = .
                0x00000db4                _sidata = __etext

.data           0x10000000      0x434 load address 0x00000db4
                0x10000000                __data_start__ = .
                0x10000000                _sdata = __data_start__
 *(vtable)
 *(.data*)
 .data          0x10000000        0x4 ..\obj\system_LPC13xx.o
                0x10000000                SystemFrequency
 *fill*         0x10000004        0x4 
 .data          0x10000008      0x42c ..\obj\printf.o
                0x10000008                r
                0x10000430                _impure_ptr
                0x10000434                . = ALIGN (0x4)
                [!provide]                PROVIDE (__preinit_array_start, .)
 *(.preinit_array)
                [!provide]                PROVIDE (__preinit_array_end, .)
                0x10000434                . = ALIGN (0x4)
                [!provide]                PROVIDE (__init_array_start, .)
 *(SORT(.init_array.*))
 *(.init_array)
                [!provide]                PROVIDE (__init_array_end, .)
                0x10000434                . = ALIGN (0x4)
                [!provide]                PROVIDE (__fini_array_start, .)
 *(SORT(.fini_array.*))
 *(.fini_array)
                [!provide]                PROVIDE (__fini_array_end, .)
 *(.jcr*)
                0x10000434                . = ALIGN (0x4)
                0x10000434                __data_end__ = .
                0x10000434                _edata = __data_end__

.igot.plt       0x10000434        0x0 load address 0x000011e8
 .igot.plt      0x10000434        0x0 ..\obj\system_LPC13xx.o

.bss            0x10000434        0x0
                0x10000434                . = ALIGN (0x4)
                0x10000434                __bss_start__ = .
                0x10000434                _sbss = __bss_start__
 *(.bss*)
 *(COMMON)
                0x10000434                . = ALIGN (0x4)
                0x10000434                __bss_end__ = .
                0x10000434                _ebss = __bss_end__

.heap           0x10000434        0x0
                0x10000434                __end__ = .
                0x10000434                _end = __end__
                0x10000434                end = __end__
 *(.heap*)
                0x10000434                __HeapLimit = .

.co_stack       0x10000434      0x404 load address 0x000011e8
                0x10000438                . = ALIGN (0x8)
 *fill*         0x10000434        0x4 
 *(.co_stack .co_stack.*)
 .co_stack      0x10000438      0x400 ..\obj\startup_lpc13xx.o
                0x10000438                pulStack
                0x10002000                __StackTop = (ORIGIN (ram) + LENGTH (ram))
                0x10001bfc                __StackLimit = (__StackTop - SIZEOF (.co_stack))
                [!provide]                PROVIDE (__stack, __StackTop)
                0x00000001                ASSERT ((__StackLimit >= __HeapLimit), region ram  overflowed with stack)
LOAD ..\obj\system_LPC13xx.o
LOAD ..\obj\uart.o
LOAD ..\obj\main.o
LOAD ..\obj\printf.o
LOAD ..\obj\startup_lpc13xx.o
START GROUP
LOAD y:/gnu tools arm embedded/5.4 2016q3/bin/../lib/gcc/arm-none-eabi/5.4.1/armv7-m\libgcc.a
LOAD y:/gnu tools arm embedded/5.4 2016q3/bin/../lib/gcc/arm-none-eabi/5.4.1/../../../../arm-none-eabi/lib/armv7-m\libg.a
LOAD y:/gnu tools arm embedded/5.4 2016q3/bin/../lib/gcc/arm-none-eabi/5.4.1/../../../../arm-none-eabi/lib/armv7-m\libc.a
END GROUP
OUTPUT(Retarget_printf_uart.elf elf32-littlearm)

.debug_info     0x00000000     0x1d30
 .debug_info    0x00000000      0x4a5 ..\obj\system_LPC13xx.o
 .debug_info    0x000004a5      0x84a ..\obj\uart.o
 .debug_info    0x00000cef      0x10a ..\obj\main.o
 .debug_info    0x00000df9      0xe4a ..\obj\printf.o
 .debug_info    0x00001c43       0xed ..\obj\startup_lpc13xx.o

.debug_abbrev   0x00000000      0x5df
 .debug_abbrev  0x00000000       0xda ..\obj\system_LPC13xx.o
 .debug_abbrev  0x000000da      0x13c ..\obj\uart.o
 .debug_abbrev  0x00000216       0x9b ..\obj\main.o
 .debug_abbrev  0x000002b1      0x287 ..\obj\printf.o
 .debug_abbrev  0x00000538       0xa7 ..\obj\startup_lpc13xx.o

.debug_aranges  0x00000000      0x130
 .debug_aranges
                0x00000000       0x20 ..\obj\system_LPC13xx.o
 .debug_aranges
                0x00000020       0x28 ..\obj\uart.o
 .debug_aranges
                0x00000048       0x20 ..\obj\main.o
 .debug_aranges
                0x00000068       0xa0 ..\obj\printf.o
 .debug_aranges
                0x00000108       0x28 ..\obj\startup_lpc13xx.o

.debug_ranges   0x00000000       0xe0
 .debug_ranges  0x00000000       0x10 ..\obj\system_LPC13xx.o
 .debug_ranges  0x00000010       0x18 ..\obj\uart.o
 .debug_ranges  0x00000028       0x10 ..\obj\main.o
 .debug_ranges  0x00000038       0x90 ..\obj\printf.o
 .debug_ranges  0x000000c8       0x18 ..\obj\startup_lpc13xx.o

.debug_line     0x00000000      0x920
 .debug_line    0x00000000      0x20a ..\obj\system_LPC13xx.o
 .debug_line    0x0000020a      0x1c2 ..\obj\uart.o
 .debug_line    0x000003cc      0x163 ..\obj\main.o
 .debug_line    0x0000052f      0x346 ..\obj\printf.o
 .debug_line    0x00000875       0xab ..\obj\startup_lpc13xx.o

.debug_str      0x00000000      0xc7b
 .debug_str     0x00000000      0x42a ..\obj\system_LPC13xx.o
                                0x46f (size before relaxing)
 .debug_str     0x0000042a      0x26a ..\obj\uart.o
                                0x66c (size before relaxing)
 .debug_str     0x00000694       0x51 ..\obj\main.o
                                0x1dc (size before relaxing)
 .debug_str     0x000006e5      0x4dd ..\obj\printf.o
                                0x69a (size before relaxing)
 .debug_str     0x00000bc2       0xb9 ..\obj\startup_lpc13xx.o
                                0x150 (size before relaxing)

.comment        0x00000000       0x6e
 .comment       0x00000000       0x6e ..\obj\system_LPC13xx.o
                                 0x6f (size before relaxing)
 .comment       0x0000006e       0x6f ..\obj\uart.o
 .comment       0x0000006e       0x6f ..\obj\main.o
 .comment       0x0000006e       0x6f ..\obj\printf.o
 .comment       0x0000006e       0x6f ..\obj\startup_lpc13xx.o

.ARM.attributes
                0x00000000       0x33
 .ARM.attributes
                0x00000000       0x33 ..\obj\system_LPC13xx.o
 .ARM.attributes
                0x00000033       0x33 ..\obj\uart.o
 .ARM.attributes
                0x00000066       0x33 ..\obj\main.o
 .ARM.attributes
                0x00000099       0x33 ..\obj\printf.o
 .ARM.attributes
                0x000000cc       0x33 ..\obj\startup_lpc13xx.o

.debug_frame    0x00000000      0x3e8
 .debug_frame   0x00000000       0x38 ..\obj\system_LPC13xx.o
 .debug_frame   0x00000038       0x58 ..\obj\uart.o
 .debug_frame   0x00000090       0x34 ..\obj\main.o
 .debug_frame   0x000000c4      0x2d8 ..\obj\printf.o
 .debug_frame   0x0000039c       0x4c ..\obj\startup_lpc13xx.o
