20:51:28 **** Build of configuration Debug for project CMSIS_CORE_LPC13xx ****
make -r all 
Building file: ../src/system_LPC13xx.c
Invoking: MCU C Compiler
arm-none-eabi-gcc -D__REDLIB__ -DDEBUG -D__CODE_RED -D__USE_CMSIS=CMSIS_CORE_LPC13xx -I"Y:\LPC1343-Tutorial-Examples\MCUXpresso\Timer\CMSIS_CORE_LPC13xx\inc" -Os -g3 -Wall -c -fmessage-length=0 -fno-builtin -ffunction-sections -fdata-sections -mcpu=cortex-m3 -mthumb -D__REDLIB__ -specs=redlib.specs -MMD -MP -MF"src/system_LPC13xx.d" -MT"src/system_LPC13xx.o" -MT"src/system_LPC13xx.d" -o "src/system_LPC13xx.o" "../src/system_LPC13xx.c"
Finished building: ../src/system_LPC13xx.c
 
Building target: libCMSIS_CORE_LPC13xx.a
Invoking: MCU Archiver
arm-none-eabi-ar -r  "libCMSIS_CORE_LPC13xx.a"  ./src/system_LPC13xx.o   
c:\NXP\MCUXpressoIDE_10.0.2_411\ide\tools\bin\arm-none-eabi-ar.exe: creating libCMSIS_CORE_LPC13xx.a
Finished building target: libCMSIS_CORE_LPC13xx.a
 
make --no-print-directory post-build
Performing post-build steps
arm-none-eabi-size "libCMSIS_CORE_LPC13xx.a" ; # arm-none-eabi-objdump -h -S "libCMSIS_CORE_LPC13xx.a" >"libCMSIS_CORE_LPC13xx.lss"
   text	   data	    bss	    dec	    hex	filename
    404	      4	      0	    408	    198	system_LPC13xx.o (ex libCMSIS_CORE_LPC13xx.a)
 
20:51:29 **** Build of configuration Debug for project LPC134x_Timer_Ex_1 ****
make -r -j4 all 
Building file: ../src/LPC134x_Timer_Ex_1.cpp
Building file: ../src/cr_cpp_config.cpp
Building file: ../src/cr_startup_lpc13xx.cpp
Building file: ../src/crp.c
Invoking: MCU C++ Compiler
arm-none-eabi-c++ -D__NEWLIB__ -DDEBUG -D__CODE_RED -DCORE_M3 -D__USE_CMSIS=CMSIS_CORE_LPC13xx -DCPP_USE_HEAP -D__LPC13XX__ -I"Y:\LPC1343-Tutorial-Examples\MCUXpresso\Timer\CMSIS_CORE_LPC13xx\inc" -O0 -fno-common -g3 -Wall -c -fmessage-length=0 -fno-builtin -ffunction-sections -fdata-sections -fno-rtti -fno-exceptions -mcpu=cortex-m3 -mthumb -MMD -MP -MF"src/LPC134x_Timer_Ex_1.d" -MT"src/LPC134x_Timer_Ex_1.o" -MT"src/LPC134x_Timer_Ex_1.d" -o "src/LPC134x_Timer_Ex_1.o" "../src/LPC134x_Timer_Ex_1.cpp"
Invoking: MCU C++ Compiler
Invoking: MCU C Compiler
Invoking: MCU C++ Compiler
arm-none-eabi-c++ -D__NEWLIB__ -DDEBUG -D__CODE_RED -DCORE_M3 -D__USE_CMSIS=CMSIS_CORE_LPC13xx -DCPP_USE_HEAP -D__LPC13XX__ -I"Y:\LPC1343-Tutorial-Examples\MCUXpresso\Timer\CMSIS_CORE_LPC13xx\inc" -O0 -fno-common -g3 -Wall -c -fmessage-length=0 -fno-builtin -ffunction-sections -fdata-sections -fno-rtti -fno-exceptions -mcpu=cortex-m3 -mthumb -MMD -MP -MF"src/cr_cpp_config.d" -MT"src/cr_cpp_config.o" -MT"src/cr_cpp_config.d" -o "src/cr_cpp_config.o" "../src/cr_cpp_config.cpp"
arm-none-eabi-gcc -D__NEWLIB__ -DDEBUG -D__CODE_RED -DCORE_M3 -D__USE_CMSIS=CMSIS_CORE_LPC13xx -DCPP_USE_HEAP -D__LPC13XX__ -I"Y:\LPC1343-Tutorial-Examples\MCUXpresso\Timer\CMSIS_CORE_LPC13xx\inc" -O0 -fno-common -g3 -Wall -c -fmessage-length=0 -fno-builtin -ffunction-sections -fdata-sections -mcpu=cortex-m3 -mthumb -MMD -MP -MF"src/crp.d" -MT"src/crp.o" -MT"src/crp.d" -o "src/crp.o" "../src/crp.c"
arm-none-eabi-c++ -D__NEWLIB__ -DDEBUG -D__CODE_RED -DCORE_M3 -D__USE_CMSIS=CMSIS_CORE_LPC13xx -DCPP_USE_HEAP -D__LPC13XX__ -I"Y:\LPC1343-Tutorial-Examples\MCUXpresso\Timer\CMSIS_CORE_LPC13xx\inc" -O0 -fno-common -g3 -Wall -c -fmessage-length=0 -fno-builtin -ffunction-sections -fdata-sections -fno-rtti -fno-exceptions -mcpu=cortex-m3 -mthumb -MMD -MP -MF"src/cr_startup_lpc13xx.d" -MT"src/cr_startup_lpc13xx.o" -MT"src/cr_startup_lpc13xx.d" -o "src/cr_startup_lpc13xx.o" "../src/cr_startup_lpc13xx.cpp"
Finished building: ../src/cr_cpp_config.cpp
Finished building: ../src/crp.c
 
 
Finished building: ../src/LPC134x_Timer_Ex_1.cpp
Finished building: ../src/cr_startup_lpc13xx.cpp
 
 
Building target: LPC134x_Timer_Ex_1.axf
Invoking: MCU C++ Linker
arm-none-eabi-c++ -nostdlib -L"Y:\LPC1343-Tutorial-Examples\MCUXpresso\Timer\CMSIS_CORE_LPC13xx\Debug" -Xlinker -Map="LPC134x_Timer_Ex_1.map" -Xlinker --gc-sections -Xlinker -print-memory-usage -mcpu=cortex-m3 -mthumb -T "LPC134x_Timer_Ex_1_Debug.ld" -o "LPC134x_Timer_Ex_1.axf"  ./src/LPC134x_Timer_Ex_1.o ./src/cr_cpp_config.o ./src/cr_startup_lpc13xx.o ./src/crp.o   -lCMSIS_CORE_LPC13xx
Memory region         Used Size  Region Size  %age Used
        MFlash32:        1340 B        32 KB      4.09%
         RamLoc8:          28 B         8 KB      0.34%
Finished building target: LPC134x_Timer_Ex_1.axf
 
make --no-print-directory post-build
Performing post-build steps
arm-none-eabi-size "LPC134x_Timer_Ex_1.axf"; # arm-none-eabi-objcopy -v -O binary "LPC134x_Timer_Ex_1.axf" "LPC134x_Timer_Ex_1.bin" ; # checksum -p LPC1343 -d "LPC134x_Timer_Ex_1.bin";
   text	   data	    bss	    dec	    hex	filename
   1340	      0	     28	   1368	    558	LPC134x_Timer_Ex_1.axf
 
20:55:13 **** Incremental Build of configuration Debug for project CMSIS_CORE_LPC13xx ****
make -r all 
make: Nothing to be done for `all'.
20:55:13 **** Build of configuration Debug for project LPC134x_Timer_Ex_2 ****
make -r -j4 all 
Building file: ../src/LPC134x_Timer_Ex_2.cpp
Building file: ../src/cr_cpp_config.cpp
Building file: ../src/cr_startup_lpc13xx.cpp
Building file: ../src/crp.c
Invoking: MCU C++ Compiler
Invoking: MCU C++ Compiler
arm-none-eabi-c++ -D__NEWLIB__ -DDEBUG -D__CODE_RED -DCORE_M3 -D__USE_CMSIS=CMSIS_CORE_LPC13xx -DCPP_USE_HEAP -D__LPC13XX__ -I"Y:\LPC1343-Tutorial-Examples\MCUXpresso\Timer\CMSIS_CORE_LPC13xx\inc" -O0 -fno-common -g3 -Wall -c -fmessage-length=0 -fno-builtin -ffunction-sections -fdata-sections -fno-rtti -fno-exceptions -mcpu=cortex-m3 -mthumb -MMD -MP -MF"src/LPC134x_Timer_Ex_2.d" -MT"src/LPC134x_Timer_Ex_2.o" -MT"src/LPC134x_Timer_Ex_2.d" -o "src/LPC134x_Timer_Ex_2.o" "../src/LPC134x_Timer_Ex_2.cpp"
Invoking: MCU C Compiler
Invoking: MCU C++ Compiler
arm-none-eabi-c++ -D__NEWLIB__ -DDEBUG -D__CODE_RED -DCORE_M3 -D__USE_CMSIS=CMSIS_CORE_LPC13xx -DCPP_USE_HEAP -D__LPC13XX__ -I"Y:\LPC1343-Tutorial-Examples\MCUXpresso\Timer\CMSIS_CORE_LPC13xx\inc" -O0 -fno-common -g3 -Wall -c -fmessage-length=0 -fno-builtin -ffunction-sections -fdata-sections -fno-rtti -fno-exceptions -mcpu=cortex-m3 -mthumb -MMD -MP -MF"src/cr_cpp_config.d" -MT"src/cr_cpp_config.o" -MT"src/cr_cpp_config.d" -o "src/cr_cpp_config.o" "../src/cr_cpp_config.cpp"
arm-none-eabi-gcc -D__NEWLIB__ -DDEBUG -D__CODE_RED -DCORE_M3 -D__USE_CMSIS=CMSIS_CORE_LPC13xx -DCPP_USE_HEAP -D__LPC13XX__ -I"Y:\LPC1343-Tutorial-Examples\MCUXpresso\Timer\CMSIS_CORE_LPC13xx\inc" -O0 -fno-common -g3 -Wall -c -fmessage-length=0 -fno-builtin -ffunction-sections -fdata-sections -mcpu=cortex-m3 -mthumb -MMD -MP -MF"src/crp.d" -MT"src/crp.o" -MT"src/crp.d" -o "src/crp.o" "../src/crp.c"
arm-none-eabi-c++ -D__NEWLIB__ -DDEBUG -D__CODE_RED -DCORE_M3 -D__USE_CMSIS=CMSIS_CORE_LPC13xx -DCPP_USE_HEAP -D__LPC13XX__ -I"Y:\LPC1343-Tutorial-Examples\MCUXpresso\Timer\CMSIS_CORE_LPC13xx\inc" -O0 -fno-common -g3 -Wall -c -fmessage-length=0 -fno-builtin -ffunction-sections -fdata-sections -fno-rtti -fno-exceptions -mcpu=cortex-m3 -mthumb -MMD -MP -MF"src/cr_startup_lpc13xx.d" -MT"src/cr_startup_lpc13xx.o" -MT"src/cr_startup_lpc13xx.d" -o "src/cr_startup_lpc13xx.o" "../src/cr_startup_lpc13xx.cpp"
Finished building: ../src/crp.c
Finished building: ../src/cr_cpp_config.cpp
 
Finished building: ../src/LPC134x_Timer_Ex_2.cpp
 
Finished building: ../src/cr_startup_lpc13xx.cpp
 
 
Building target: LPC134x_Timer_Ex_2.axf
Invoking: MCU C++ Linker
arm-none-eabi-c++ -nostdlib -L"Y:\LPC1343-Tutorial-Examples\MCUXpresso\Timer\CMSIS_CORE_LPC13xx\Debug" -Xlinker -Map="LPC134x_Timer_Ex_2.map" -Xlinker --gc-sections -Xlinker -print-memory-usage -mcpu=cortex-m3 -mthumb -T "LPC134x_Timer_Ex_2_Debug.ld" -o "LPC134x_Timer_Ex_2.axf"  ./src/LPC134x_Timer_Ex_2.o ./src/cr_cpp_config.o ./src/cr_startup_lpc13xx.o ./src/crp.o   -lCMSIS_CORE_LPC13xx
Memory region         Used Size  Region Size  %age Used
        MFlash32:        1288 B        32 KB      3.93%
         RamLoc8:          28 B         8 KB      0.34%
Finished building target: LPC134x_Timer_Ex_2.axf
 
make --no-print-directory post-build
Performing post-build steps
arm-none-eabi-size "LPC134x_Timer_Ex_2.axf"; # arm-none-eabi-objcopy -v -O binary "LPC134x_Timer_Ex_2.axf" "LPC134x_Timer_Ex_2.bin" ; # checksum -p LPC1343 -d "LPC134x_Timer_Ex_2.bin";
   text	   data	    bss	    dec	    hex	filename
   1288	      0	     28	   1316	    524	LPC134x_Timer_Ex_2.axf
 
20:55:18 **** Incremental Build of configuration Debug for project CMSIS_CORE_LPC13xx ****
make -r all 
make: Nothing to be done for `all'.
20:55:19 **** Incremental Build of configuration Debug for project LPC134x_Timer_Ex_2 ****
make -r -j4 all 
make: Nothing to be done for `all'.
20:56:47 **** Incremental Build of configuration Debug for project CMSIS_CORE_LPC13xx ****
make -r all 
make: Nothing to be done for `all'.
20:56:47 **** Build of configuration Debug for project LPC134x_Timer_Ex_3 ****
make -r -j4 all 
Building file: ../src/LPC134x_Timer_Ex_3.cpp
Building file: ../src/cr_cpp_config.cpp
Building file: ../src/cr_startup_lpc13xx.cpp
Building file: ../src/crp.c
Invoking: MCU C++ Compiler
arm-none-eabi-c++ -D__NEWLIB__ -DDEBUG -D__CODE_RED -DCORE_M3 -D__USE_CMSIS=CMSIS_CORE_LPC13xx -DCPP_USE_HEAP -D__LPC13XX__ -I"Y:\LPC1343-Tutorial-Examples\MCUXpresso\Timer\CMSIS_CORE_LPC13xx\inc" -O0 -fno-common -g3 -Wall -c -fmessage-length=0 -fno-builtin -ffunction-sections -fdata-sections -fno-rtti -fno-exceptions -mcpu=cortex-m3 -mthumb -MMD -MP -MF"src/LPC134x_Timer_Ex_3.d" -MT"src/LPC134x_Timer_Ex_3.o" -MT"src/LPC134x_Timer_Ex_3.d" -o "src/LPC134x_Timer_Ex_3.o" "../src/LPC134x_Timer_Ex_3.cpp"
Invoking: MCU C++ Compiler
arm-none-eabi-c++ -D__NEWLIB__ -DDEBUG -D__CODE_RED -DCORE_M3 -D__USE_CMSIS=CMSIS_CORE_LPC13xx -DCPP_USE_HEAP -D__LPC13XX__ -I"Y:\LPC1343-Tutorial-Examples\MCUXpresso\Timer\CMSIS_CORE_LPC13xx\inc" -O0 -fno-common -g3 -Wall -c -fmessage-length=0 -fno-builtin -ffunction-sections -fdata-sections -fno-rtti -fno-exceptions -mcpu=cortex-m3 -mthumb -MMD -MP -MF"src/cr_startup_lpc13xx.d" -MT"src/cr_startup_lpc13xx.o" -MT"src/cr_startup_lpc13xx.d" -o "src/cr_startup_lpc13xx.o" "../src/cr_startup_lpc13xx.cpp"
Invoking: MCU C Compiler
Invoking: MCU C++ Compiler
arm-none-eabi-gcc -D__NEWLIB__ -DDEBUG -D__CODE_RED -DCORE_M3 -D__USE_CMSIS=CMSIS_CORE_LPC13xx -DCPP_USE_HEAP -D__LPC13XX__ -I"Y:\LPC1343-Tutorial-Examples\MCUXpresso\Timer\CMSIS_CORE_LPC13xx\inc" -O0 -fno-common -g3 -Wall -c -fmessage-length=0 -fno-builtin -ffunction-sections -fdata-sections -mcpu=cortex-m3 -mthumb -MMD -MP -MF"src/crp.d" -MT"src/crp.o" -MT"src/crp.d" -o "src/crp.o" "../src/crp.c"
arm-none-eabi-c++ -D__NEWLIB__ -DDEBUG -D__CODE_RED -DCORE_M3 -D__USE_CMSIS=CMSIS_CORE_LPC13xx -DCPP_USE_HEAP -D__LPC13XX__ -I"Y:\LPC1343-Tutorial-Examples\MCUXpresso\Timer\CMSIS_CORE_LPC13xx\inc" -O0 -fno-common -g3 -Wall -c -fmessage-length=0 -fno-builtin -ffunction-sections -fdata-sections -fno-rtti -fno-exceptions -mcpu=cortex-m3 -mthumb -MMD -MP -MF"src/cr_cpp_config.d" -MT"src/cr_cpp_config.o" -MT"src/cr_cpp_config.d" -o "src/cr_cpp_config.o" "../src/cr_cpp_config.cpp"
Finished building: ../src/crp.c
Finished building: ../src/cr_startup_lpc13xx.cpp
Finished building: ../src/LPC134x_Timer_Ex_3.cpp
 
 
 
Finished building: ../src/cr_cpp_config.cpp
 
Building target: LPC134x_Timer_Ex_3.axf
Invoking: MCU C++ Linker
arm-none-eabi-c++ -nostdlib -L"Y:\LPC1343-Tutorial-Examples\MCUXpresso\Timer\CMSIS_CORE_LPC13xx\Debug" -Xlinker -Map="LPC134x_Timer_Ex_3.map" -Xlinker --gc-sections -Xlinker -print-memory-usage -mcpu=cortex-m3 -mthumb -T "LPC134x_Timer_Ex_3_Debug.ld" -o "LPC134x_Timer_Ex_3.axf"  ./src/LPC134x_Timer_Ex_3.o ./src/cr_cpp_config.o ./src/cr_startup_lpc13xx.o ./src/crp.o   -lCMSIS_CORE_LPC13xx
Memory region         Used Size  Region Size  %age Used
        MFlash32:        1380 B        32 KB      4.21%
         RamLoc8:          28 B         8 KB      0.34%
Finished building target: LPC134x_Timer_Ex_3.axf
 
make --no-print-directory post-build
Performing post-build steps
arm-none-eabi-size "LPC134x_Timer_Ex_3.axf"; # arm-none-eabi-objcopy -v -O binary "LPC134x_Timer_Ex_3.axf" "LPC134x_Timer_Ex_3.bin" ; # checksum -p LPC1343 -d "LPC134x_Timer_Ex_3.bin";
   text	   data	    bss	    dec	    hex	filename
   1380	      0	     28	   1408	    580	LPC134x_Timer_Ex_3.axf
 
